../Core/Src/MotorControl.c:17:10:mapRegisterAddress	0	static
../Core/Src/MotorControl.c:42:6:MotorRegisters_Load	8	static
../Core/Src/MotorControl.c:82:6:SystemRegisters_Load	0	static
../Core/Src/MotorControl.c:96:6:MotorRegisters_Save	8	static
../Core/Src/MotorControl.c:112:6:SystemRegisters_Save	0	static
../Core/Src/MotorControl.c:173:6:Motor_Set_Mode	0	static
../Core/Src/MotorControl.c:176:6:Motor_Set_Enable	0	static
../Core/Src/MotorControl.c:179:6:Motor_Set_Disable	0	static
../Core/Src/MotorControl.c:186:6:Motor1_Set_Direction	16	static
../Core/Src/MotorControl.c:214:6:Motor2_Set_Direction	16	static
../Core/Src/MotorControl.c:243:6:Motor_Set_Speed	0	static
../Core/Src/MotorControl.c:251:6:Motor_Set_Vmax	0	static
../Core/Src/MotorControl.c:254:6:Motor_Set_Amax	0	static
../Core/Src/MotorControl.c:257:6:Motor_Set_Jmax	0	static
../Core/Src/MotorControl.c:371:6:Stepper_OutputFreq	24	static
../Core/Src/MotorControl.c:262:9:Motor_HandleOnOff	24	static
../Core/Src/MotorControl.c:287:9:Motor_HandleRamp	56	static
../Core/Src/MotorControl.c:126:6:Motor_ProcessControl	8	static
../Core/Src/MotorControl.c:412:6:MotionState_Init	0	static
../Core/Src/MotorControl.c:461:9:getActualSpeed	0	static
../Core/Src/MotorControl.c:540:6:Motor_ResetError	0	static
../Core/Src/MotorControl.c:545:6:Motor_CheckError	0	static
../Core/Src/MotorControl.c:551:6:Motor_DebugPrint	0	static
../Core/Src/MotorControl.c:554:6:System_DebugPrint	0	static
../Core/Src/MotorControl.c:558:6:System_ResetSystem	8	static
