../Core/Src/MotorControl.c:143:6:Motor1_Set_Direction.part.0	16	static
../Core/Src/MotorControl.c:165:6:Motor2_Set_Direction.part.0	16	static
../Core/Src/MotorControl.c:17:10:mapRegisterAddress	0	static
../Core/Src/MotorControl.c:42:6:MotorRegisters_Load	0	static
../Core/Src/MotorControl.c:59:6:SystemRegisters_Load	0	static
../Core/Src/MotorControl.c:70:6:MotorRegisters_Save	8	static
../Core/Src/MotorControl.c:86:6:SystemRegisters_Save	8	static
../Core/Src/MotorControl.c:130:6:Motor_Set_Mode	0	static
../Core/Src/MotorControl.c:133:6:Motor_Set_Enable	0	static
../Core/Src/MotorControl.c:136:6:Motor_Set_Disable	0	static
../Core/Src/MotorControl.c:143:6:Motor1_Set_Direction	0	static
../Core/Src/MotorControl.c:165:6:Motor2_Set_Direction	0	static
../Core/Src/MotorControl.c:185:6:Motor_Set_Speed	0	static
../Core/Src/MotorControl.c:193:6:Motor_Set_Vmax	0	static
../Core/Src/MotorControl.c:196:6:Motor_Set_Amax	0	static
../Core/Src/MotorControl.c:199:6:Motor_Set_Jmax	0	static
../Core/Src/MotorControl.c:267:9:getActualSpeed	0	static
../Core/Src/MotorControl.c:461:6:MotionState_Init	0	static
../Core/Src/MotorControl.c:294:9:Motor_HandleRamp	56	static
../Core/Src/MotorControl.c:473:6:Motor1_OutputPWM	32	static
../Core/Src/MotorControl.c:510:6:Motor2_OutputPWM	16	static
../Core/Src/MotorControl.c:229:9:Motor_HandleOnOff	16	static
../Core/Src/MotorControl.c:97:6:Motor_ProcessControl	16	static
../Core/Src/MotorControl.c:539:6:Motor_ResetError	0	static
../Core/Src/MotorControl.c:544:6:Motor_CheckError	0	static
../Core/Src/MotorControl.c:557:6:Motor_DebugPrint	0	static
../Core/Src/MotorControl.c:560:6:System_DebugPrint	0	static
