../Core/Src/MotorControl.c:8:6:SystemRegisters_Init	0	static
../Core/Src/MotorControl.c:17:6:MotorRegisters_Init	0	static
../Core/Src/MotorControl.c:42:6:MotorRegisters_Load	0	static
../Core/Src/MotorControl.c:60:6:SystemRegisters_Load	0	static
../Core/Src/MotorControl.c:71:6:MotorRegisters_Save	8	static
../Core/Src/MotorControl.c:89:6:SystemRegisters_Save	8	static
../Core/Src/MotorControl.c:128:6:Motor_Set_Mode	0	static
../Core/Src/MotorControl.c:131:6:Motor_Set_Enable	0	static
../Core/Src/MotorControl.c:134:6:Motor_Set_Disable	0	static
../Core/Src/MotorControl.c:140:6:Motor1_Set_Direction	8	static
../Core/Src/MotorControl.c:153:6:Motor2_Set_Direction	8	static
../Core/Src/MotorControl.c:167:6:Motor_Set_Speed	0	static
../Core/Src/MotorControl.c:172:6:Motor_Set_Linear_Input	0	static
../Core/Src/MotorControl.c:177:6:Motor_Set_Linear_Unit	0	static
../Core/Src/MotorControl.c:181:6:Motor_Set_Linear_State	0	static
../Core/Src/MotorControl.c:185:6:Motor_Set_PID_Kp	0	static
../Core/Src/MotorControl.c:188:6:Motor_Set_PID_Ki	0	static
../Core/Src/MotorControl.c:191:6:Motor_Set_PID_Kd	0	static
../Core/Src/MotorControl.c:198:9:Motor_HandleOnOff	0	static
../Core/Src/MotorControl.c:217:9:Motor_HandleLinear	0	static
../Core/Src/MotorControl.c:289:6:Motor1_OutputPWM	0	static
../Core/Src/MotorControl.c:297:6:Motor2_OutputPWM	0	static
../Core/Src/MotorControl.c:312:6:PID_Init	24	static
../Core/Src/MotorControl.c:334:7:PID_Compute	32	static
../Core/Src/MotorControl.c:246:9:Motor_HandlePID	16	static
../Core/Src/MotorControl.c:100:6:Motor_ProcessControl	0	static
../Core/Src/MotorControl.c:383:6:Motor_ResetError	0	static
../Core/Src/MotorControl.c:388:6:Motor_CheckError	0	static
../Core/Src/MotorControl.c:393:6:Motor_DebugPrint	0	static
../Core/Src/MotorControl.c:396:6:System_DebugPrint	0	static
