../Core/Src/MotorControl.c:17:10:mapRegisterAddress	0	static
../Core/Src/MotorControl.c:42:6:MotorRegisters_Load	8	static
../Core/Src/MotorControl.c:82:6:SystemRegisters_Load	0	static
../Core/Src/MotorControl.c:93:6:MotorRegisters_Save	8	static
../Core/Src/MotorControl.c:109:6:SystemRegisters_Save	8	static
../Core/Src/MotorControl.c:160:6:Motor_Set_Mode	0	static
../Core/Src/MotorControl.c:163:6:Motor_Set_Enable	0	static
../Core/Src/MotorControl.c:166:6:Motor_Set_Disable	0	static
../Core/Src/MotorControl.c:173:6:Motor1_Set_Direction	16	static
../Core/Src/MotorControl.c:202:6:Motor2_Set_Direction	16	static
../Core/Src/MotorControl.c:231:6:Motor_Set_Speed	0	static
../Core/Src/MotorControl.c:239:6:Motor_Set_Vmax	0	static
../Core/Src/MotorControl.c:242:6:Motor_Set_Amax	0	static
../Core/Src/MotorControl.c:245:6:Motor_Set_Jmax	0	static
../Core/Src/MotorControl.c:359:6:Stepper_OutputFreq	24	static
../Core/Src/MotorControl.c:250:9:Motor_HandleOnOff	24	static
../Core/Src/MotorControl.c:275:9:Motor_HandleRamp	56	static
../Core/Src/MotorControl.c:120:6:Motor_ProcessControl	8	static
../Core/Src/MotorControl.c:400:6:MotionState_Init	0	static
../Core/Src/MotorControl.c:412:6:Motor1_OutputPWM	32	static
../Core/Src/MotorControl.c:449:9:getActualSpeed	0	static
../Core/Src/MotorControl.c:499:6:Motor2_OutputPWM	16	static
../Core/Src/MotorControl.c:528:6:Motor_ResetError	0	static
../Core/Src/MotorControl.c:533:6:Motor_CheckError	0	static
../Core/Src/MotorControl.c:546:6:Motor_DebugPrint	0	static
../Core/Src/MotorControl.c:549:6:System_DebugPrint	0	static
