../Core/Src/MotorControl.c:29:10:mapRegisterAddress	0	static
../Core/Src/MotorControl.c:54:6:MotorRegisters_Load	8	static
../Core/Src/MotorControl.c:94:6:SystemRegisters_Load	0	static
../Core/Src/MotorControl.c:108:6:MotorRegisters_Save	8	static
../Core/Src/MotorControl.c:124:6:SystemRegisters_Save	0	static
../Core/Src/MotorControl.c:185:6:Motor_Set_Mode	0	static
../Core/Src/MotorControl.c:188:6:Motor_Set_Enable	0	static
../Core/Src/MotorControl.c:191:6:Motor_Set_Disable	0	static
../Core/Src/MotorControl.c:198:6:Motor1_Set_Direction	16	static
../Core/Src/MotorControl.c:230:6:Motor2_Set_Direction	16	static
../Core/Src/MotorControl.c:263:6:Motor_Set_Speed	0	static
../Core/Src/MotorControl.c:271:6:Motor_Set_Vmax	0	static
../Core/Src/MotorControl.c:274:6:Motor_Set_Amax	0	static
../Core/Src/MotorControl.c:277:6:Motor_Set_Jmax	0	static
../Core/Src/MotorControl.c:393:6:Stepper_OutputFreq	32	static
../Core/Src/MotorControl.c:282:9:Motor_HandleOnOff	24	static
../Core/Src/MotorControl.c:307:9:Motor_HandleRamp	56	static
../Core/Src/MotorControl.c:138:6:Motor_ProcessControl	8	static
../Core/Src/MotorControl.c:466:6:MotionState_Init	0	static
../Core/Src/MotorControl.c:515:9:getActualSpeed	0	static
../Core/Src/MotorControl.c:594:6:Motor_ResetError	0	static
../Core/Src/MotorControl.c:599:6:Motor_CheckError	0	static
../Core/Src/MotorControl.c:605:6:Motor_DebugPrint	0	static
../Core/Src/MotorControl.c:608:6:System_DebugPrint	0	static
../Core/Src/MotorControl.c:612:6:System_ResetSystem	8	static
