../Core/Src/MotorControl.c:17:10:mapRegisterAddress	0	static
../Core/Src/MotorControl.c:42:6:MotorRegisters_Load	8	static
../Core/Src/MotorControl.c:82:6:SystemRegisters_Load	0	static
../Core/Src/MotorControl.c:93:6:MotorRegisters_Save	8	static
../Core/Src/MotorControl.c:109:6:SystemRegisters_Save	8	static
../Core/Src/MotorControl.c:159:6:Motor_Set_Mode	0	static
../Core/Src/MotorControl.c:162:6:Motor_Set_Enable	0	static
../Core/Src/MotorControl.c:165:6:Motor_Set_Disable	0	static
../Core/Src/MotorControl.c:172:6:Motor1_Set_Direction	16	static
../Core/Src/MotorControl.c:201:6:Motor2_Set_Direction	16	static
../Core/Src/MotorControl.c:230:6:Motor_Set_Speed	0	static
../Core/Src/MotorControl.c:238:6:Motor_Set_Vmax	0	static
../Core/Src/MotorControl.c:241:6:Motor_Set_Amax	0	static
../Core/Src/MotorControl.c:244:6:Motor_Set_Jmax	0	static
../Core/Src/MotorControl.c:249:9:Motor_HandleOnOff	0	static
../Core/Src/MotorControl.c:370:6:Stepper_OutputFreq	24	static
../Core/Src/MotorControl.c:286:9:Motor_HandleRamp	56	static
../Core/Src/MotorControl.c:120:6:Motor_ProcessControl	8	static
../Core/Src/MotorControl.c:411:6:MotionState_Init	0	static
../Core/Src/MotorControl.c:423:6:Motor1_OutputPWM	32	static
../Core/Src/MotorControl.c:460:9:getActualSpeed	0	static
../Core/Src/MotorControl.c:510:6:Motor2_OutputPWM	16	static
../Core/Src/MotorControl.c:539:6:Motor_ResetError	0	static
../Core/Src/MotorControl.c:544:6:Motor_CheckError	0	static
../Core/Src/MotorControl.c:557:6:Motor_DebugPrint	0	static
../Core/Src/MotorControl.c:560:6:System_DebugPrint	0	static
