../Core/Src/MotorControl.c:17:10:mapRegisterAddress	0	static
../Core/Src/MotorControl.c:42:6:MotorRegisters_Load	0	static
../Core/Src/MotorControl.c:59:6:SystemRegisters_Load	0	static
../Core/Src/MotorControl.c:70:6:MotorRegisters_Save	8	static
../Core/Src/MotorControl.c:86:6:SystemRegisters_Save	8	static
../Core/Src/MotorControl.c:134:6:Motor_Set_Mode	0	static
../Core/Src/MotorControl.c:137:6:Motor_Set_Enable	0	static
../Core/Src/MotorControl.c:140:6:Motor_Set_Disable	0	static
../Core/Src/MotorControl.c:147:6:Motor1_Set_Direction	16	static
../Core/Src/MotorControl.c:169:6:Motor2_Set_Direction	16	static
../Core/Src/MotorControl.c:189:6:Motor_Set_Speed	0	static
../Core/Src/MotorControl.c:197:6:Motor_Set_Vmax	0	static
../Core/Src/MotorControl.c:200:6:Motor_Set_Amax	0	static
../Core/Src/MotorControl.c:203:6:Motor_Set_Jmax	0	static
../Core/Src/MotorControl.c:233:9:Motor_HandleOnOff	0	static
../Core/Src/MotorControl.c:271:9:getActualSpeed	0	static
../Core/Src/MotorControl.c:382:6:Stepper_OutputFreq	24	static
../Core/Src/MotorControl.c:423:6:MotionState_Init	0	static
../Core/Src/MotorControl.c:298:9:Motor_HandleRamp	48	static
../Core/Src/MotorControl.c:97:6:Motor_ProcessControl	8	static
../Core/Src/MotorControl.c:435:6:Motor1_OutputPWM	32	static
../Core/Src/MotorControl.c:472:6:Motor2_OutputPWM	16	static
../Core/Src/MotorControl.c:501:6:Motor_ResetError	0	static
../Core/Src/MotorControl.c:506:6:Motor_CheckError	0	static
../Core/Src/MotorControl.c:519:6:Motor_DebugPrint	0	static
../Core/Src/MotorControl.c:522:6:System_DebugPrint	0	static
