../Core/Src/MotorControl.c:29:10:mapRegisterAddress	0	static
../Core/Src/MotorControl.c:54:6:MotorRegisters_Load	8	static
../Core/Src/MotorControl.c:94:6:SystemRegisters_Load	0	static
../Core/Src/MotorControl.c:108:6:MotorRegisters_Save	8	static
../Core/Src/MotorControl.c:124:6:SystemRegisters_Save	0	static
../Core/Src/MotorControl.c:201:6:Motor_Set_Mode	0	static
../Core/Src/MotorControl.c:204:6:Motor_Set_Enable	0	static
../Core/Src/MotorControl.c:207:6:Motor_Set_Disable	0	static
../Core/Src/MotorControl.c:214:6:Motor1_Set_Direction	0	static
../Core/Src/MotorControl.c:246:6:Motor2_Set_Direction	0	static
../Core/Src/MotorControl.c:279:6:Motor_Set_Speed	0	static
../Core/Src/MotorControl.c:287:6:Motor_Set_Vmax	0	static
../Core/Src/MotorControl.c:290:6:Motor_Set_Amax	0	static
../Core/Src/MotorControl.c:293:6:Motor_Set_Jmax	0	static
../Core/Src/MotorControl.c:427:6:Stepper_OutputFreq	24	static
../Core/Src/MotorControl.c:298:9:Motor_HandleOnOff	24	static
../Core/Src/MotorControl.c:336:9:Motor_HandleRamp	48	static
../Core/Src/MotorControl.c:138:6:Motor_ProcessControl	16	static
../Core/Src/MotorControl.c:499:6:MotionState_Init	0	static
../Core/Src/MotorControl.c:548:9:getActualSpeed	0	static
../Core/Src/MotorControl.c:627:6:Motor_ResetError	0	static
../Core/Src/MotorControl.c:632:6:Motor_CheckError	0	static
../Core/Src/MotorControl.c:638:6:Motor_DebugPrint	0	static
../Core/Src/MotorControl.c:641:6:System_DebugPrint	0	static
../Core/Src/MotorControl.c:645:6:System_ResetSystem	8	static
