../Core/Src/MotorControl.c:17:10:mapRegisterAddress	0	static
../Core/Src/MotorControl.c:42:6:MotorRegisters_Load	0	static
../Core/Src/MotorControl.c:59:6:SystemRegisters_Load	0	static
../Core/Src/MotorControl.c:70:6:MotorRegisters_Save	8	static
../Core/Src/MotorControl.c:86:6:SystemRegisters_Save	8	static
../Core/Src/MotorControl.c:136:6:Motor_Set_Mode	0	static
../Core/Src/MotorControl.c:139:6:Motor_Set_Enable	0	static
../Core/Src/MotorControl.c:142:6:Motor_Set_Disable	0	static
../Core/Src/MotorControl.c:149:6:Motor1_Set_Direction	16	static
../Core/Src/MotorControl.c:171:6:Motor2_Set_Direction	16	static
../Core/Src/MotorControl.c:191:6:Motor_Set_Speed	0	static
../Core/Src/MotorControl.c:199:6:Motor_Set_Vmax	0	static
../Core/Src/MotorControl.c:202:6:Motor_Set_Amax	0	static
../Core/Src/MotorControl.c:205:6:Motor_Set_Jmax	0	static
../Core/Src/MotorControl.c:235:9:Motor_HandleOnOff	0	static
../Core/Src/MotorControl.c:273:9:getActualSpeed	0	static
../Core/Src/MotorControl.c:384:6:Stepper_OutputFreq	24	static
../Core/Src/MotorControl.c:425:6:MotionState_Init	0	static
../Core/Src/MotorControl.c:300:9:Motor_HandleRamp	48	static
../Core/Src/MotorControl.c:97:6:Motor_ProcessControl	16	static
../Core/Src/MotorControl.c:437:6:Motor1_OutputPWM	32	static
../Core/Src/MotorControl.c:474:6:Motor2_OutputPWM	16	static
../Core/Src/MotorControl.c:503:6:Motor_ResetError	0	static
../Core/Src/MotorControl.c:508:6:Motor_CheckError	0	static
../Core/Src/MotorControl.c:521:6:Motor_DebugPrint	0	static
../Core/Src/MotorControl.c:524:6:System_DebugPrint	0	static
