../Core/Src/MotorControl.c:17:10:mapRegisterAddress	0	static
../Core/Src/MotorControl.c:42:6:MotorRegisters_Load	8	static
../Core/Src/MotorControl.c:82:6:SystemRegisters_Load	0	static
../Core/Src/MotorControl.c:96:6:MotorRegisters_Save	8	static
../Core/Src/MotorControl.c:112:6:SystemRegisters_Save	0	static
../Core/Src/MotorControl.c:168:6:Motor_Set_Mode	0	static
../Core/Src/MotorControl.c:171:6:Motor_Set_Enable	0	static
../Core/Src/MotorControl.c:174:6:Motor_Set_Disable	0	static
../Core/Src/MotorControl.c:181:6:Motor1_Set_Direction	16	static
../Core/Src/MotorControl.c:210:6:Motor2_Set_Direction	16	static
../Core/Src/MotorControl.c:239:6:Motor_Set_Speed	0	static
../Core/Src/MotorControl.c:247:6:Motor_Set_Vmax	0	static
../Core/Src/MotorControl.c:250:6:Motor_Set_Amax	0	static
../Core/Src/MotorControl.c:253:6:Motor_Set_Jmax	0	static
../Core/Src/MotorControl.c:367:6:Stepper_OutputFreq	24	static
../Core/Src/MotorControl.c:258:9:Motor_HandleOnOff	24	static
../Core/Src/MotorControl.c:283:9:Motor_HandleRamp	56	static
../Core/Src/MotorControl.c:126:6:Motor_ProcessControl	16	static
../Core/Src/MotorControl.c:408:6:MotionState_Init	0	static
../Core/Src/MotorControl.c:420:6:Motor1_OutputPWM	32	static
../Core/Src/MotorControl.c:457:9:getActualSpeed	0	static
../Core/Src/MotorControl.c:507:6:Motor2_OutputPWM	16	static
../Core/Src/MotorControl.c:536:6:Motor_ResetError	0	static
../Core/Src/MotorControl.c:541:6:Motor_CheckError	0	static
../Core/Src/MotorControl.c:554:6:Motor_DebugPrint	0	static
../Core/Src/MotorControl.c:557:6:System_DebugPrint	0	static
../Core/Src/MotorControl.c:561:6:System_ResetSystem	8	static
