../Core/Src/MotorControl.c:16:10:mapRegisterAddress	0	static
../Core/Src/MotorControl.c:41:6:MotorRegisters_Load	0	static
../Core/Src/MotorControl.c:58:6:SystemRegisters_Load	0	static
../Core/Src/MotorControl.c:69:6:MotorRegisters_Save	8	static
../Core/Src/MotorControl.c:85:6:SystemRegisters_Save	8	static
../Core/Src/MotorControl.c:120:6:Motor_Set_Mode	0	static
../Core/Src/MotorControl.c:123:6:Motor_Set_Enable	0	static
../Core/Src/MotorControl.c:126:6:Motor_Set_Disable	0	static
../Core/Src/MotorControl.c:133:6:Motor1_Set_Direction	16	static
../Core/Src/MotorControl.c:151:6:Motor2_Set_Direction	16	static
../Core/Src/MotorControl.c:170:6:Motor_Set_Speed	0	static
../Core/Src/MotorControl.c:178:6:Motor_Set_PID_Kp	0	static
../Core/Src/MotorControl.c:181:6:Motor_Set_PID_Ki	0	static
../Core/Src/MotorControl.c:184:6:Motor_Set_PID_Kd	0	static
../Core/Src/MotorControl.c:191:9:Motor_HandleOnOff	0	static
../Core/Src/MotorControl.c:221:9:getActualSpeed	0	static
../Core/Src/MotorControl.c:319:6:Motor1_OutputPWM	0	static
../Core/Src/MotorControl.c:330:6:Motor2_OutputPWM	8	static
../Core/Src/MotorControl.c:350:6:PID_Init	24	static
../Core/Src/MotorControl.c:372:7:PID_Compute	48	static
../Core/Src/MotorControl.c:248:9:Motor_HandlePID	16	static
../Core/Src/MotorControl.c:96:6:Motor_ProcessControl	0	static
../Core/Src/MotorControl.c:442:6:Motor_ResetError	0	static
../Core/Src/MotorControl.c:447:6:Motor_CheckError	0	static
../Core/Src/MotorControl.c:460:6:Motor_DebugPrint	0	static
../Core/Src/MotorControl.c:463:6:System_DebugPrint	0	static
../Core/Src/MotorControl.c:468:6:PID_DebugPrint	16	static
