../Core/Src/stm32f1xx_it.c:88:6:NMI_Handler	0	static
../Core/Src/stm32f1xx_it.c:103:6:HardFault_Handler	0	static
../Core/Src/stm32f1xx_it.c:118:6:MemManage_Handler	0	static
../Core/Src/stm32f1xx_it.c:133:6:BusFault_Handler	0	static
../Core/Src/stm32f1xx_it.c:148:6:UsageFault_Handler	0	static
../Core/Src/stm32f1xx_it.c:163:6:DebugMon_Handler	0	static
../Core/Src/stm32f1xx_it.c:176:6:SysTick_Handler	8	static
../Core/Src/stm32f1xx_it.c:205:6:RCC_IRQHandler	0	static
../Core/Src/stm32f1xx_it.c:218:6:TIM1_BRK_IRQHandler	0	static
../Core/Src/stm32f1xx_it.c:232:6:TIM1_UP_IRQHandler	0	static
../Core/Src/stm32f1xx_it.c:268:6:TIM1_CC_IRQHandler	0	static
../Core/Src/stm32f1xx_it.c:282:6:TIM2_IRQHandler	0	static
../Core/Src/stm32f1xx_it.c:296:6:TIM3_IRQHandler	0	static
../Core/Src/stm32f1xx_it.c:331:6:I2C1_EV_IRQHandler	0	static
../Core/Src/stm32f1xx_it.c:345:6:I2C1_ER_IRQHandler	0	static
../Core/Src/stm32f1xx_it.c:359:6:USART2_IRQHandler	0	static
