../Core/Src/stm32f1xx_hal_msp.c:65:6:HAL_MspInit	16	static
../Core/Src/stm32f1xx_hal_msp.c:99:6:HAL_I2C_MspInit	32	static
../Core/Src/stm32f1xx_hal_msp.c:139:6:HAL_I2C_MspDeInit	8	static
../Core/Src/stm32f1xx_hal_msp.c:173:6:HAL_TIM_Base_MspInit	40	static
../Core/Src/stm32f1xx_hal_msp.c:235:6:HAL_TIM_MspPostInit	32	static
../Core/Src/stm32f1xx_hal_msp.c:285:6:HAL_TIM_Base_MspDeInit	8	static
../Core/Src/stm32f1xx_hal_msp.c:345:6:HAL_UART_MspInit	32	static
../Core/Src/stm32f1xx_hal_msp.c:388:6:HAL_UART_MspDeInit	8	static
