../Core/Src/UartModbus.c:38:6:initializeModbusRegisters	16	static
../Core/Src/UartModbus.c:110:6:updateSystemStatus	12	static
../Core/Src/UartModbus.c:135:6:updateMotorStatus	0	static
../Core/Src/UartModbus.c:169:6:updateDigitalIOStatus	8	static
../Core/Src/UartModbus.c:203:10:calcCRC	16	static
../Core/Src/UartModbus.c:251:6:HAL_UART_ErrorCallback	8	static
../Core/Src/UartModbus.c:261:6:resetUARTCommunication	8	static
../Core/Src/UartModbus.c:268:6:processModbusFrame	280	static
../Core/Src/UartModbus.c:219:6:HAL_UART_RxCpltCallback	16	static
