Archive member included to satisfy reference by file (symbol)

D:/STM32CubeIDE_1.19.0/STM32CubeIDE/plugins/com.st.stm32cube.ide.mcu.externaltools.gnu-tools-for-stm32.13.3.rel1.win32_1.0.0.202411081344/tools/bin/../lib/gcc/arm-none-eabi/13.3.1/../../../../arm-none-eabi/lib/thumb/v7-m/nofp\libc_nano.a(libc_a-exit.o)
                              D:/STM32CubeIDE_1.19.0/STM32CubeIDE/plugins/com.st.stm32cube.ide.mcu.externaltools.gnu-tools-for-stm32.13.3.rel1.win32_1.0.0.202411081344/tools/bin/../lib/gcc/arm-none-eabi/13.3.1/../../../../arm-none-eabi/lib/thumb/v7-m/nofp/crt0.o (exit)
D:/STM32CubeIDE_1.19.0/STM32CubeIDE/plugins/com.st.stm32cube.ide.mcu.externaltools.gnu-tools-for-stm32.13.3.rel1.win32_1.0.0.202411081344/tools/bin/../lib/gcc/arm-none-eabi/13.3.1/../../../../arm-none-eabi/lib/thumb/v7-m/nofp\libc_nano.a(libc_a-findfp.o)
                              D:/STM32CubeIDE_1.19.0/STM32CubeIDE/plugins/com.st.stm32cube.ide.mcu.externaltools.gnu-tools-for-stm32.13.3.rel1.win32_1.0.0.202411081344/tools/bin/../lib/gcc/arm-none-eabi/13.3.1/../../../../arm-none-eabi/lib/thumb/v7-m/nofp\libc_nano.a(libc_a-exit.o) (__stdio_exit_handler)
D:/STM32CubeIDE_1.19.0/STM32CubeIDE/plugins/com.st.stm32cube.ide.mcu.externaltools.gnu-tools-for-stm32.13.3.rel1.win32_1.0.0.202411081344/tools/bin/../lib/gcc/arm-none-eabi/13.3.1/../../../../arm-none-eabi/lib/thumb/v7-m/nofp\libc_nano.a(libc_a-fwalk.o)
                              D:/STM32CubeIDE_1.19.0/STM32CubeIDE/plugins/com.st.stm32cube.ide.mcu.externaltools.gnu-tools-for-stm32.13.3.rel1.win32_1.0.0.202411081344/tools/bin/../lib/gcc/arm-none-eabi/13.3.1/../../../../arm-none-eabi/lib/thumb/v7-m/nofp\libc_nano.a(libc_a-findfp.o) (_fwalk_sglue)
D:/STM32CubeIDE_1.19.0/STM32CubeIDE/plugins/com.st.stm32cube.ide.mcu.externaltools.gnu-tools-for-stm32.13.3.rel1.win32_1.0.0.202411081344/tools/bin/../lib/gcc/arm-none-eabi/13.3.1/../../../../arm-none-eabi/lib/thumb/v7-m/nofp\libc_nano.a(libc_a-stdio.o)
                              D:/STM32CubeIDE_1.19.0/STM32CubeIDE/plugins/com.st.stm32cube.ide.mcu.externaltools.gnu-tools-for-stm32.13.3.rel1.win32_1.0.0.202411081344/tools/bin/../lib/gcc/arm-none-eabi/13.3.1/../../../../arm-none-eabi/lib/thumb/v7-m/nofp\libc_nano.a(libc_a-findfp.o) (__sread)
D:/STM32CubeIDE_1.19.0/STM32CubeIDE/plugins/com.st.stm32cube.ide.mcu.externaltools.gnu-tools-for-stm32.13.3.rel1.win32_1.0.0.202411081344/tools/bin/../lib/gcc/arm-none-eabi/13.3.1/../../../../arm-none-eabi/lib/thumb/v7-m/nofp\libc_nano.a(libc_a-memset.o)
                              D:/STM32CubeIDE_1.19.0/STM32CubeIDE/plugins/com.st.stm32cube.ide.mcu.externaltools.gnu-tools-for-stm32.13.3.rel1.win32_1.0.0.202411081344/tools/bin/../lib/gcc/arm-none-eabi/13.3.1/../../../../arm-none-eabi/lib/thumb/v7-m/nofp/crt0.o (memset)
D:/STM32CubeIDE_1.19.0/STM32CubeIDE/plugins/com.st.stm32cube.ide.mcu.externaltools.gnu-tools-for-stm32.13.3.rel1.win32_1.0.0.202411081344/tools/bin/../lib/gcc/arm-none-eabi/13.3.1/../../../../arm-none-eabi/lib/thumb/v7-m/nofp\libc_nano.a(libc_a-closer.o)
                              D:/STM32CubeIDE_1.19.0/STM32CubeIDE/plugins/com.st.stm32cube.ide.mcu.externaltools.gnu-tools-for-stm32.13.3.rel1.win32_1.0.0.202411081344/tools/bin/../lib/gcc/arm-none-eabi/13.3.1/../../../../arm-none-eabi/lib/thumb/v7-m/nofp\libc_nano.a(libc_a-stdio.o) (_close_r)
D:/STM32CubeIDE_1.19.0/STM32CubeIDE/plugins/com.st.stm32cube.ide.mcu.externaltools.gnu-tools-for-stm32.13.3.rel1.win32_1.0.0.202411081344/tools/bin/../lib/gcc/arm-none-eabi/13.3.1/../../../../arm-none-eabi/lib/thumb/v7-m/nofp\libc_nano.a(libc_a-reent.o)
                              D:/STM32CubeIDE_1.19.0/STM32CubeIDE/plugins/com.st.stm32cube.ide.mcu.externaltools.gnu-tools-for-stm32.13.3.rel1.win32_1.0.0.202411081344/tools/bin/../lib/gcc/arm-none-eabi/13.3.1/../../../../arm-none-eabi/lib/thumb/v7-m/nofp\libc_nano.a(libc_a-closer.o) (errno)
D:/STM32CubeIDE_1.19.0/STM32CubeIDE/plugins/com.st.stm32cube.ide.mcu.externaltools.gnu-tools-for-stm32.13.3.rel1.win32_1.0.0.202411081344/tools/bin/../lib/gcc/arm-none-eabi/13.3.1/../../../../arm-none-eabi/lib/thumb/v7-m/nofp\libc_nano.a(libc_a-impure.o)
                              D:/STM32CubeIDE_1.19.0/STM32CubeIDE/plugins/com.st.stm32cube.ide.mcu.externaltools.gnu-tools-for-stm32.13.3.rel1.win32_1.0.0.202411081344/tools/bin/../lib/gcc/arm-none-eabi/13.3.1/../../../../arm-none-eabi/lib/thumb/v7-m/nofp\libc_nano.a(libc_a-reent.o) (_impure_ptr)
D:/STM32CubeIDE_1.19.0/STM32CubeIDE/plugins/com.st.stm32cube.ide.mcu.externaltools.gnu-tools-for-stm32.13.3.rel1.win32_1.0.0.202411081344/tools/bin/../lib/gcc/arm-none-eabi/13.3.1/../../../../arm-none-eabi/lib/thumb/v7-m/nofp\libc_nano.a(libc_a-lseekr.o)
                              D:/STM32CubeIDE_1.19.0/STM32CubeIDE/plugins/com.st.stm32cube.ide.mcu.externaltools.gnu-tools-for-stm32.13.3.rel1.win32_1.0.0.202411081344/tools/bin/../lib/gcc/arm-none-eabi/13.3.1/../../../../arm-none-eabi/lib/thumb/v7-m/nofp\libc_nano.a(libc_a-stdio.o) (_lseek_r)
[...]
Memory Configuration

Name             Origin             Length             Attributes
RAM              0x20000000         0x00005000         xrw
FLASH            0x08000000         0x00010000         xr
*default*        0x00000000         0xffffffff

Linker script and memory map

LOAD D:/STM32CubeIDE_1.19.0/STM32CubeIDE/plugins/com.st.stm32cube.ide.mcu.externaltools.gnu-tools-for-stm32.13.3.rel1.win32_1.0.0.202411081344/tools/bin/../lib/gcc/arm-none-eabi/13.3.1/thumb/v7-m/nofp/crti.o
LOAD D:/STM32CubeIDE_1.19.0/STM32CubeIDE/plugins/com.st.stm32cube.ide.mcu.externaltools.gnu-tools-for-stm32.13.3.rel1.win32_1.0.0.202411081344/tools/bin/../lib/gcc/arm-none-eabi/13.3.1/thumb/v7-m/nofp/crtbegin.o
LOAD D:/STM32CubeIDE_1.19.0/STM32CubeIDE/plugins/com.st.stm32cube.ide.mcu.externaltools.gnu-tools-for-stm32.13.3.rel1.win32_1.0.0.202411081344/tools/bin/../lib/gcc/arm-none-eabi/13.3.1/../../../../arm-none-eabi/lib/thumb/v7-m/nofp/crt0.o
LOAD ./Core/Src/MotorControl.o
LOAD ./Core/Src/UartModbus.o
LOAD ./Core/Src/freertos.o
LOAD ./Core/Src/main.o
LOAD ./Core/Src/stm32f1xx_hal_msp.o
LOAD ./Core/Src/stm32f1xx_it.o
LOAD ./Core/Src/syscalls.o
LOAD ./Core/Src/sysmem.o
LOAD ./Core/Src/system_stm32f1xx.o
LOAD ./Core/Startup/startup_stm32f103c8tx.o
LOAD ./Drivers/STM32F1xx_HAL_Driver/Src/stm32f1xx_hal.o
LOAD ./Drivers/STM32F1xx_HAL_Driver/Src/stm32f1xx_hal_cortex.o
LOAD ./Drivers/STM32F1xx_HAL_Driver/Src/stm32f1xx_hal_dma.o
LOAD ./Drivers/STM32F1xx_HAL_Driver/Src/stm32f1xx_hal_exti.o
LOAD ./Drivers/STM32F1xx_HAL_Driver/Src/stm32f1xx_hal_flash.o
LOAD ./Drivers/STM32F1xx_HAL_Driver/Src/stm32f1xx_hal_flash_ex.o
LOAD ./Drivers/STM32F1xx_HAL_Driver/Src/stm32f1xx_hal_gpio.o
LOAD ./Drivers/STM32F1xx_HAL_Driver/Src/stm32f1xx_hal_gpio_ex.o
LOAD ./Drivers/STM32F1xx_HAL_Driver/Src/stm32f1xx_hal_i2c.o
LOAD ./Drivers/STM32F1xx_HAL_Driver/Src/stm32f1xx_hal_pwr.o
LOAD ./Drivers/STM32F1xx_HAL_Driver/Src/stm32f1xx_hal_rcc.o
LOAD ./Drivers/STM32F1xx_HAL_Driver/Src/stm32f1xx_hal_rcc_ex.o
LOAD ./Drivers/STM32F1xx_HAL_Driver/Src/stm32f1xx_hal_tim.o
LOAD ./Drivers/STM32F1xx_HAL_Driver/Src/stm32f1xx_hal_tim_ex.o
LOAD ./Drivers/STM32F1xx_HAL_Driver/Src/stm32f1xx_hal_uart.o
LOAD ./Middlewares/Third_Party/FreeRTOS/Source/CMSIS_RTOS_V2/cmsis_os2.o
LOAD ./Middlewares/Third_Party/FreeRTOS/Source/croutine.o
LOAD ./Middlewares/Third_Party/FreeRTOS/Source/event_groups.o
LOAD ./Middlewares/Third_Party/FreeRTOS/Source/list.o
LOAD ./Middlewares/Third_Party/FreeRTOS/Source/queue.o
LOAD ./Middlewares/Third_Party/FreeRTOS/Source/stream_buffer.o
LOAD ./Middlewares/Third_Party/FreeRTOS/Source/tasks.o
LOAD ./Middlewares/Third_Party/FreeRTOS/Source/timers.o
LOAD ./Middlewares/Third_Party/FreeRTOS/Source/portable/GCC/ARM_CM3/port.o
LOAD ./Middlewares/Third_Party/FreeRTOS/Source/portable/MemMang/heap_4.o
START GROUP
LOAD D:/STM32CubeIDE_1.19.0/STM32CubeIDE/plugins/com.st.stm32cube.ide.mcu.externaltools.gnu-tools-for-stm32.13.3.rel1.win32_1.0.0.202411081344/tools/bin/../lib/gcc/arm-none-eabi/13.3.1/../../../../arm-none-eabi/lib/thumb/v7-m/nofp\libc_nano.a
LOAD D:/STM32CubeIDE_1.19.0/STM32CubeIDE/plugins/com.st.stm32cube.ide.mcu.externaltools.gnu-tools-for-stm32.13.3.rel1.win32_1.0.0.202411081344/tools/bin/../lib/gcc/arm-none-eabi/13.3.1/../../../../arm-none-eabi/lib/thumb/v7-m/nofp\libm.a
END GROUP
START GROUP
LOAD D:/STM32CubeIDE_1.19.0/STM32CubeIDE/plugins/com.st.stm32cube.ide.mcu.externaltools.gnu-tools-for-stm32.13.3.rel1.win32_1.0.0.202411081344/tools/bin/../lib/gcc/arm-none-eabi/13.3.1/thumb/v7-m/nofp\libgcc.a
LOAD D:/STM32CubeIDE_1.19.0/STM32CubeIDE/plugins/com.st.stm32cube.ide.mcu.externaltools.gnu-tools-for-stm32.13.3.rel1.win32_1.0.0.202411081344/tools/bin/../lib/gcc/arm-none-eabi/13.3.1/../../../../arm-none-eabi/lib/thumb/v7-m/nofp\libc_nano.a
END GROUP
START GROUP
LOAD D:/STM32CubeIDE_1.19.0/STM32CubeIDE/plugins/com.st.stm32cube.ide.mcu.externaltools.gnu-tools-for-stm32.13.3.rel1.win32_1.0.0.202411081344/tools/bin/../lib/gcc/arm-none-eabi/13.3.1/thumb/v7-m/nofp\libgcc.a
LOAD D:/STM32CubeIDE_1.19.0/STM32CubeIDE/plugins/com.st.stm32cube.ide.mcu.externaltools.gnu-tools-for-stm32.13.3.rel1.win32_1.0.0.202411081344/tools/bin/../lib/gcc/arm-none-eabi/13.3.1/../../../../arm-none-eabi/lib/thumb/v7-m/nofp\libc_nano.a
LOAD D:/STM32CubeIDE_1.19.0/STM32CubeIDE/plugins/com.st.stm32cube.ide.mcu.externaltools.gnu-tools-for-stm32.13.3.rel1.win32_1.0.0.202411081344/tools/bin/../lib/gcc/arm-none-eabi/13.3.1/../../../../arm-none-eabi/lib/thumb/v7-m/nofp\libnosys.a
END GROUP
START GROUP
LOAD D:/STM32CubeIDE_1.19.0/STM32CubeIDE/plugins/com.st.stm32cube.ide.mcu.externaltools.gnu-tools-for-stm32.13.3.rel1.win32_1.0.0.202411081344/tools/bin/../lib/gcc/arm-none-eabi/13.3.1/thumb/v7-m/nofp\libgcc.a
LOAD D:/STM32CubeIDE_1.19.0/STM32CubeIDE/plugins/com.st.stm32cube.ide.mcu.externaltools.gnu-tools-for-stm32.13.3.rel1.win32_1.0.0.202411081344/tools/bin/../lib/gcc/arm-none-eabi/13.3.1/../../../../arm-none-eabi/lib/thumb/v7-m/nofp\libc_nano.a
LOAD D:/STM32CubeIDE_1.19.0/STM32CubeIDE/plugins/com.st.stm32cube.ide.mcu.externaltools.gnu-tools-for-stm32.13.3.rel1.win32_1.0.0.202411081344/tools/bin/../lib/gcc/arm-none-eabi/13.3.1/../../../../arm-none-eabi/lib/thumb/v7-m/nofp\libnosys.a
END GROUP
LOAD D:/STM32CubeIDE_1.19.0/STM32CubeIDE/plugins/com.st.stm32cube.ide.mcu.externaltools.gnu-tools-for-stm32.13.3.rel1.win32_1.0.0.202411081344/tools/bin/../lib/gcc/arm-none-eabi/13.3.1/thumb/v7-m/nofp/crtend.o
LOAD D:/STM32CubeIDE_1.19.0/STM32CubeIDE/plugins/com.st.stm32cube.ide.mcu.externaltools.gnu-tools-for-stm32.13.3.rel1.win32_1.0.0.202411081344/tools/bin/../lib/gcc/arm-none-eabi/13.3.1/thumb/v7-m/nofp/crtn.o
                0x20005000                        _estack = (ORIGIN (RAM) + LENGTH (RAM))
                0x00000200                        _Min_Heap_Size = 0x200
                0x00000400                        _Min_Stack_Size = 0x400

.isr_vector     0x08000000      0x10c
                0x08000000                        . = ALIGN (0x4)
 *(.isr_vector)
 .isr_vector    0x08000000      0x10c ./Core/Startup/startup_stm32f103c8tx.o
                0x08000000                g_pfnVectors
                0x0800010c                        . = ALIGN (0x4)

.text           0x08000110     0x5574
                0x08000110                        . = ALIGN (0x4)
 *(.text)
 .text          0x08000110       0x40 D:/STM32CubeIDE_1.19.0/STM32CubeIDE/plugins/com.st.stm32cube.ide.mcu.externaltools.gnu-tools-for-stm32.13.3.rel1.win32_1.0.0.202411081344/tools/bin/../lib/gcc/arm-none-eabi/13.3.1/thumb/v7-m/nofp/crtbegin.o
 .text          0x08000150      0x21c D:/STM32CubeIDE_1.19.0/STM32CubeIDE/plugins/com.st.stm32cube.ide.mcu.externaltools.gnu-tools-for-stm32.13.3.rel1.win32_1.0.0.202411081344/tools/bin/../lib/gcc/arm-none-eabi/13.3.1/thumb/v7-m/nofp\libgcc.a(_arm_addsubsf3.o)
                0x08000150                __aeabi_frsub
                0x08000158                __subsf3
                0x08000158                __aeabi_fsub
                0x0800015c                __aeabi_fadd
                0x0800015c                __addsf3
                0x080002bc                __aeabi_ui2f
                0x080002bc                __floatunsisf
                0x080002c4                __aeabi_i2f
                0x080002c4                __floatsisf
                0x080002e0                __aeabi_ul2f
                0x080002e0                __floatundisf
                0x080002f0                __aeabi_l2f
                0x080002f0                __floatdisf
 .text          0x0800036c      0x2a0 D:/STM32CubeIDE_1.19.0/STM32CubeIDE/plugins/com.st.stm32cube.ide.mcu.externaltools.gnu-tools-for-stm32.13.3.rel1.win32_1.0.0.202411081344/tools/bin/../lib/gcc/arm-none-eabi/13.3.1/thumb/v7-m/nofp\libgcc.a(_arm_muldivsf3.o)
                0x0800036c                __mulsf3
                0x0800036c                __aeabi_fmul
                0x080004d4                __aeabi_fdiv
                0x080004d4                __divsf3
 .text          0x0800060c       0xec D:/STM32CubeIDE_1.19.0/STM32CubeIDE/plugins/com.st.stm32cube.ide.mcu.externaltools.gnu-tools-for-stm32.13.3.rel1.win32_1.0.0.202411081344/tools/bin/../lib/gcc/arm-none-eabi/13.3.1/thumb/v7-m/nofp\libgcc.a(_arm_cmpsf2.o)
                0x0800060c                __gesf2
                0x0800060c                __gtsf2
                0x08000614                __lesf2
                0x08000614                __ltsf2
                0x0800061c                __nesf2
                0x0800061c                __eqsf2
                0x0800061c                __cmpsf2
                0x0800067c                __aeabi_cfrcmple
                0x08000684                __aeabi_cfcmpeq
                0x08000684                __aeabi_cfcmple
                0x08000694                __aeabi_fcmpeq
                0x080006a8                __aeabi_fcmplt
                0x080006bc                __aeabi_fcmple
                0x080006d0                __aeabi_fcmpge
                0x080006e4                __aeabi_fcmpgt
 .text          0x080006f8       0x40 D:/STM32CubeIDE_1.19.0/STM32CubeIDE/plugins/com.st.stm32cube.ide.mcu.externaltools.gnu-tools-for-stm32.13.3.rel1.win32_1.0.0.202411081344/tools/bin/../lib/gcc/arm-none-eabi/13.3.1/thumb/v7-m/nofp\libgcc.a(_arm_fixunssfsi.o)
                0x080006f8                __fixunssfsi
                0x080006f8                __aeabi_f2uiz
 *(.text*)
 .text.MotorRegisters_Load
                0x08000738       0x80 ./Core/Src/MotorControl.o
                0x08000738                MotorRegisters_Load
 .text.MotorRegisters_Save
                0x080007b8       0x84 ./Core/Src/MotorControl.o
                0x080007b8                MotorRegisters_Save
 .text.Motor1_Set_Direction
                0x0800083c       0x5c ./Core/Src/MotorControl.o
                0x0800083c                Motor1_Set_Direction
 .text.Motor2_Set_Direction
                0x08000898       0x50 ./Core/Src/MotorControl.o
                0x08000898                Motor2_Set_Direction
 .text.Motor_HandleOnOff
                0x080008e8       0x20 ./Core/Src/MotorControl.o
                0x080008e8                Motor_HandleOnOff
 .text.Motor1_OutputPWM
                0x08000908       0x18 ./Core/Src/MotorControl.o
                0x08000908                Motor1_OutputPWM
 .text.Motor2_OutputPWM
                0x08000920       0x18 ./Core/Src/MotorControl.o
                0x08000920                Motor2_OutputPWM
 .text.PID_Init
                0x08000938       0x68 ./Core/Src/MotorControl.o
                0x08000938                PID_Init
 .text.PID_Compute
                0x080009a0      0x198 ./Core/Src/MotorControl.o
                0x080009a0                PID_Compute
 .text.Motor_HandlePID
                0x08000b38       0xb0 ./Core/Src/MotorControl.o
                0x08000b38                Motor_HandlePID
 .text.Motor_ProcessControl
                0x08000be8       0x2c ./Core/Src/MotorControl.o
                0x08000be8                Motor_ProcessControl
 .text.initializeModbusRegisters
                0x08000c14       0xd0 ./Core/Src/UartModbus.o
                0x08000c14                initializeModbusRegisters
 .text.calcCRC  0x08000ce4       0x30 ./Core/Src/UartModbus.o
                0x08000ce4                calcCRC
 .text.HAL_UART_ErrorCallback
                0x08000d14       0x50 ./Core/Src/UartModbus.o
                0x08000d14                HAL_UART_ErrorCallback
 .text.resetUARTCommunication
                0x08000d64       0x34 ./Core/Src/UartModbus.o
                0x08000d64                resetUARTCommunication
 .text.processModbusFrame
                0x08000d98      0x208 ./Core/Src/UartModbus.o
                0x08000d98                processModbusFrame
 .text.HAL_UART_RxCpltCallback
                0x08000fa0       0x90 ./Core/Src/UartModbus.o
                0x08000fa0                HAL_UART_RxCpltCallback
 .text.StartDefaultTask
                0x08001030       0x38 ./Core/Src/main.o
                0x08001030                StartDefaultTask
 .text.StartUartTask
                0x08001068       0x44 ./Core/Src/main.o
                0x08001068                StartUartTask
 .text.MotorTaskStart
                0x080010ac       0x68 ./Core/Src/main.o
                0x080010ac                MotorTaskStart
 .text.SystemClock_Config
                0x08001114       0x5e ./Core/Src/main.o
                0x08001114                SystemClock_Config
 *fill*         0x08001172        0x2 
 .text.startup.main
                0x08001174      0x344 ./Core/Src/main.o
                0x08001174                main
 .text.HAL_MspInit
                0x080014b8       0x60 ./Core/Src/stm32f1xx_hal_msp.o
                0x080014b8                HAL_MspInit
 .text.HAL_I2C_MspInit
                0x08001518       0x84 ./Core/Src/stm32f1xx_hal_msp.o
                0x08001518                HAL_I2C_MspInit
 .text.HAL_TIM_Base_MspInit
                0x0800159c       0x8c ./Core/Src/stm32f1xx_hal_msp.o
                0x0800159c                HAL_TIM_Base_MspInit
 .text.HAL_TIM_MspPostInit
                0x08001628       0x8c ./Core/Src/stm32f1xx_hal_msp.o
                0x08001628                HAL_TIM_MspPostInit
 .text.HAL_UART_MspInit
                0x080016b4       0x84 ./Core/Src/stm32f1xx_hal_msp.o
                0x080016b4                HAL_UART_MspInit
 .text.NMI_Handler
                0x08001738        0x2 ./Core/Src/stm32f1xx_it.o
                0x08001738                NMI_Handler
 .text.HardFault_Handler
                0x0800173a        0x2 ./Core/Src/stm32f1xx_it.o
                0x0800173a                HardFault_Handler
 .text.MemManage_Handler
                0x0800173c        0x2 ./Core/Src/stm32f1xx_it.o
                0x0800173c                MemManage_Handler
 .text.BusFault_Handler
                0x0800173e        0x2 ./Core/Src/stm32f1xx_it.o
                0x0800173e                BusFault_Handler
 .text.UsageFault_Handler
                0x08001740        0x2 ./Core/Src/stm32f1xx_it.o
                0x08001740                UsageFault_Handler
 .text.DebugMon_Handler
                0x08001742        0x2 ./Core/Src/stm32f1xx_it.o
                0x08001742                DebugMon_Handler
 .text.SysTick_Handler
                0x08001744       0x18 ./Core/Src/stm32f1xx_it.o
                0x08001744                SysTick_Handler
 .text.RCC_IRQHandler
                0x0800175c        0x2 ./Core/Src/stm32f1xx_it.o
                0x0800175c                RCC_IRQHandler
 *fill*         0x0800175e        0x2 
 .text.TIM1_BRK_IRQHandler
                0x08001760        0xc ./Core/Src/stm32f1xx_it.o
                0x08001760                TIM1_BRK_IRQHandler
 .text.TIM1_UP_IRQHandler
                0x0800176c        0x4 ./Core/Src/stm32f1xx_it.o
                0x0800176c                TIM1_UP_IRQHandler
 .text.TIM1_CC_IRQHandler
                0x08001770        0x4 ./Core/Src/stm32f1xx_it.o
                0x08001770                TIM1_CC_IRQHandler
 .text.TIM2_IRQHandler
                0x08001774        0xc ./Core/Src/stm32f1xx_it.o
                0x08001774                TIM2_IRQHandler
 .text.I2C1_EV_IRQHandler
                0x08001780        0xc ./Core/Src/stm32f1xx_it.o
                0x08001780                I2C1_EV_IRQHandler
 .text.I2C1_ER_IRQHandler
                0x0800178c        0xc ./Core/Src/stm32f1xx_it.o
                0x0800178c                I2C1_ER_IRQHandler
 .text.USART2_IRQHandler
                0x08001798        0xc ./Core/Src/stm32f1xx_it.o
                0x08001798                USART2_IRQHandler
 .text.SystemInit
                0x080017a4        0x2 ./Core/Src/system_stm32f1xx.o
                0x080017a4                SystemInit
 *fill*         0x080017a6        0x2 
 .text.Reset_Handler
                0x080017a8       0x48 ./Core/Startup/startup_stm32f103c8tx.o
                0x080017a8                Reset_Handler
 .text.Default_Handler
                0x080017f0        0x2 ./Core/Startup/startup_stm32f103c8tx.o
                0x080017f0                RTC_Alarm_IRQHandler
                0x080017f0                EXTI2_IRQHandler
                0x080017f0                PVD_IRQHandler
                0x080017f0                EXTI3_IRQHandler
                0x080017f0                EXTI0_IRQHandler
                0x080017f0                I2C2_EV_IRQHandler
                0x080017f0                ADC1_2_IRQHandler
                0x080017f0                SPI1_IRQHandler
                0x080017f0                TAMPER_IRQHandler
                0x080017f0                DMA1_Channel4_IRQHandler
                0x080017f0                USART3_IRQHandler
                0x080017f0                RTC_IRQHandler
                0x080017f0                DMA1_Channel7_IRQHandler
                0x080017f0                CAN1_RX1_IRQHandler
                0x080017f0                TIM4_IRQHandler
                0x080017f0                DMA1_Channel6_IRQHandler
                0x080017f0                TIM3_IRQHandler
                0x080017f0                TIM1_TRG_COM_IRQHandler
                0x080017f0                DMA1_Channel1_IRQHandler
                0x080017f0                Default_Handler
                0x080017f0                EXTI15_10_IRQHandler
                0x080017f0                EXTI9_5_IRQHandler
                0x080017f0                SPI2_IRQHandler
                0x080017f0                DMA1_Channel5_IRQHandler
                0x080017f0                EXTI4_IRQHandler
                0x080017f0                USB_LP_CAN1_RX0_IRQHandler
                0x080017f0                USB_HP_CAN1_TX_IRQHandler
                0x080017f0                DMA1_Channel3_IRQHandler
                0x080017f0                WWDG_IRQHandler
                0x080017f0                EXTI1_IRQHandler
                0x080017f0                I2C2_ER_IRQHandler
                0x080017f0                DMA1_Channel2_IRQHandler
                0x080017f0                CAN1_SCE_IRQHandler
                0x080017f0                FLASH_IRQHandler
                0x080017f0                USART1_IRQHandler
                0x080017f0                USBWakeUp_IRQHandler
 *fill*         0x080017f2        0x2 
 .text.HAL_InitTick
                0x080017f4       0x48 ./Drivers/STM32F1xx_HAL_Driver/Src/stm32f1xx_hal.o
                0x080017f4                HAL_InitTick
 .text.HAL_Init
                0x0800183c       0x24 ./Drivers/STM32F1xx_HAL_Driver/Src/stm32f1xx_hal.o
                0x0800183c                HAL_Init
 .text.HAL_IncTick
                0x08001860       0x18 ./Drivers/STM32F1xx_HAL_Driver/Src/stm32f1xx_hal.o
                0x08001860                HAL_IncTick
 .text.HAL_GetTick
                0x08001878        0xc ./Drivers/STM32F1xx_HAL_Driver/Src/stm32f1xx_hal.o
                0x08001878                HAL_GetTick
 .text.HAL_NVIC_SetPriorityGrouping
                0x08001884       0x24 ./Drivers/STM32F1xx_HAL_Driver/Src/stm32f1xx_hal_cortex.o
                0x08001884                HAL_NVIC_SetPriorityGrouping
 .text.HAL_NVIC_SetPriority
                0x080018a8       0x60 ./Drivers/STM32F1xx_HAL_Driver/Src/stm32f1xx_hal_cortex.o
                0x080018a8                HAL_NVIC_SetPriority
 .text.HAL_NVIC_EnableIRQ
                0x08001908       0x1c ./Drivers/STM32F1xx_HAL_Driver/Src/stm32f1xx_hal_cortex.o
                0x08001908                HAL_NVIC_EnableIRQ
 .text.HAL_SYSTICK_Config
                0x08001924       0x28 ./Drivers/STM32F1xx_HAL_Driver/Src/stm32f1xx_hal_cortex.o
                0x08001924                HAL_SYSTICK_Config
 .text.HAL_DMA_Abort
                0x0800194c       0x3e ./Drivers/STM32F1xx_HAL_Driver/Src/stm32f1xx_hal_dma.o
                0x0800194c                HAL_DMA_Abort
 *fill*         0x0800198a        0x2 
 .text.HAL_DMA_Abort_IT
                0x0800198c       0x8c ./Drivers/STM32F1xx_HAL_Driver/Src/stm32f1xx_hal_dma.o
                0x0800198c                HAL_DMA_Abort_IT
 .text.HAL_DMA_GetState
                0x08001a18        0x6 ./Drivers/STM32F1xx_HAL_Driver/Src/stm32f1xx_hal_dma.o
                0x08001a18                HAL_DMA_GetState
 .text.HAL_DMA_GetError
                0x08001a1e        0x4 ./Drivers/STM32F1xx_HAL_Driver/Src/stm32f1xx_hal_dma.o
                0x08001a1e                HAL_DMA_GetError
 *fill*         0x08001a22        0x2 
 .text.HAL_GPIO_Init
                0x08001a24      0x1a8 ./Drivers/STM32F1xx_HAL_Driver/Src/stm32f1xx_hal_gpio.o
                0x08001a24                HAL_GPIO_Init
 .text.HAL_GPIO_WritePin
                0x08001bcc        0xa ./Drivers/STM32F1xx_HAL_Driver/Src/stm32f1xx_hal_gpio.o
                0x08001bcc                HAL_GPIO_WritePin
 .text.HAL_GPIO_TogglePin
                0x08001bd6       0x12 ./Drivers/STM32F1xx_HAL_Driver/Src/stm32f1xx_hal_gpio.o
                0x08001bd6                HAL_GPIO_TogglePin
 .text.HAL_I2C_Init
                0x08001be8      0x150 ./Drivers/STM32F1xx_HAL_Driver/Src/stm32f1xx_hal_i2c.o
                0x08001be8                HAL_I2C_Init
 .text.HAL_I2C_MasterTxCpltCallback
                0x08001d38        0x2 ./Drivers/STM32F1xx_HAL_Driver/Src/stm32f1xx_hal_i2c.o
                0x08001d38                HAL_I2C_MasterTxCpltCallback
 .text.HAL_I2C_MasterRxCpltCallback
                0x08001d3a        0x2 ./Drivers/STM32F1xx_HAL_Driver/Src/stm32f1xx_hal_i2c.o
                0x08001d3a                HAL_I2C_MasterRxCpltCallback
 .text.HAL_I2C_SlaveTxCpltCallback
                0x08001d3c        0x2 ./Drivers/STM32F1xx_HAL_Driver/Src/stm32f1xx_hal_i2c.o
                0x08001d3c                HAL_I2C_SlaveTxCpltCallback
 .text.HAL_I2C_SlaveRxCpltCallback
                0x08001d3e        0x2 ./Drivers/STM32F1xx_HAL_Driver/Src/stm32f1xx_hal_i2c.o
                0x08001d3e                HAL_I2C_SlaveRxCpltCallback
 .text.HAL_I2C_AddrCallback
                0x08001d40        0x2 ./Drivers/STM32F1xx_HAL_Driver/Src/stm32f1xx_hal_i2c.o
                0x08001d40                HAL_I2C_AddrCallback
 .text.HAL_I2C_ListenCpltCallback
                0x08001d42        0x2 ./Drivers/STM32F1xx_HAL_Driver/Src/stm32f1xx_hal_i2c.o
                0x08001d42                HAL_I2C_ListenCpltCallback
 .text.HAL_I2C_MemTxCpltCallback
                0x08001d44        0x2 ./Drivers/STM32F1xx_HAL_Driver/Src/stm32f1xx_hal_i2c.o
                0x08001d44                HAL_I2C_MemTxCpltCallback
 .text.I2C_MemoryTransmit_TXE_BTF
                0x08001d46       0xb0 ./Drivers/STM32F1xx_HAL_Driver/Src/stm32f1xx_hal_i2c.o
 .text.HAL_I2C_MemRxCpltCallback
                0x08001df6        0x2 ./Drivers/STM32F1xx_HAL_Driver/Src/stm32f1xx_hal_i2c.o
                0x08001df6                HAL_I2C_MemRxCpltCallback
 .text.HAL_I2C_ErrorCallback
                0x08001df8        0x2 ./Drivers/STM32F1xx_HAL_Driver/Src/stm32f1xx_hal_i2c.o
                0x08001df8                HAL_I2C_ErrorCallback
 .text.HAL_I2C_AbortCpltCallback
                0x08001dfa        0x2 ./Drivers/STM32F1xx_HAL_Driver/Src/stm32f1xx_hal_i2c.o
                0x08001dfa                HAL_I2C_AbortCpltCallback
 .text.I2C_DMAAbort
                0x08001dfc       0xc0 ./Drivers/STM32F1xx_HAL_Driver/Src/stm32f1xx_hal_i2c.o
 .text.I2C_ITError
                0x08001ebc      0x150 ./Drivers/STM32F1xx_HAL_Driver/Src/stm32f1xx_hal_i2c.o
 .text.HAL_I2C_EV_IRQHandler
                0x0800200c      0x8b0 ./Drivers/STM32F1xx_HAL_Driver/Src/stm32f1xx_hal_i2c.o
                0x0800200c                HAL_I2C_EV_IRQHandler
 .text.HAL_I2C_ER_IRQHandler
                0x080028bc      0x140 ./Drivers/STM32F1xx_HAL_Driver/Src/stm32f1xx_hal_i2c.o
                0x080028bc                HAL_I2C_ER_IRQHandler
 .text.HAL_RCC_OscConfig
                0x080029fc      0x338 ./Drivers/STM32F1xx_HAL_Driver/Src/stm32f1xx_hal_rcc.o
                0x080029fc                HAL_RCC_OscConfig
 .text.HAL_RCC_GetSysClockFreq
                0x08002d34       0x4c ./Drivers/STM32F1xx_HAL_Driver/Src/stm32f1xx_hal_rcc.o
                0x08002d34                HAL_RCC_GetSysClockFreq
 .text.HAL_RCC_ClockConfig
                0x08002d80      0x138 ./Drivers/STM32F1xx_HAL_Driver/Src/stm32f1xx_hal_rcc.o
                0x08002d80                HAL_RCC_ClockConfig
 .text.HAL_RCC_GetPCLK1Freq
                0x08002eb8       0x20 ./Drivers/STM32F1xx_HAL_Driver/Src/stm32f1xx_hal_rcc.o
                0x08002eb8                HAL_RCC_GetPCLK1Freq
 .text.HAL_RCC_GetPCLK2Freq
                0x08002ed8       0x20 ./Drivers/STM32F1xx_HAL_Driver/Src/stm32f1xx_hal_rcc.o
                0x08002ed8                HAL_RCC_GetPCLK2Freq
 .text.TIM_OC1_SetConfig
                0x08002ef8       0x50 ./Drivers/STM32F1xx_HAL_Driver/Src/stm32f1xx_hal_tim.o
 .text.TIM_OC3_SetConfig
                0x08002f48       0x54 ./Drivers/STM32F1xx_HAL_Driver/Src/stm32f1xx_hal_tim.o
 .text.TIM_OC4_SetConfig
                0x08002f9c       0x44 ./Drivers/STM32F1xx_HAL_Driver/Src/stm32f1xx_hal_tim.o
 .text.HAL_TIM_PWM_MspInit
                0x08002fe0        0x2 ./Drivers/STM32F1xx_HAL_Driver/Src/stm32f1xx_hal_tim.o
                0x08002fe0                HAL_TIM_PWM_MspInit
 .text.HAL_TIM_PeriodElapsedCallback
                0x08002fe2        0x2 ./Drivers/STM32F1xx_HAL_Driver/Src/stm32f1xx_hal_tim.o
                0x08002fe2                HAL_TIM_PeriodElapsedCallback
 .text.HAL_TIM_OC_DelayElapsedCallback
                0x08002fe4        0x2 ./Drivers/STM32F1xx_HAL_Driver/Src/stm32f1xx_hal_tim.o
                0x08002fe4                HAL_TIM_OC_DelayElapsedCallback
 .text.HAL_TIM_IC_CaptureCallback
                0x08002fe6        0x2 ./Drivers/STM32F1xx_HAL_Driver/Src/stm32f1xx_hal_tim.o
                0x08002fe6                HAL_TIM_IC_CaptureCallback
 .text.HAL_TIM_PWM_PulseFinishedCallback
                0x08002fe8        0x2 ./Drivers/STM32F1xx_HAL_Driver/Src/stm32f1xx_hal_tim.o
                0x08002fe8                HAL_TIM_PWM_PulseFinishedCallback
 .text.HAL_TIM_TriggerCallback
                0x08002fea        0x2 ./Drivers/STM32F1xx_HAL_Driver/Src/stm32f1xx_hal_tim.o
                0x08002fea                HAL_TIM_TriggerCallback
 .text.HAL_TIM_IRQHandler
                0x08002fec      0x128 ./Drivers/STM32F1xx_HAL_Driver/Src/stm32f1xx_hal_tim.o
                0x08002fec                HAL_TIM_IRQHandler
 .text.TIM_Base_SetConfig
                0x08003114       0x64 ./Drivers/STM32F1xx_HAL_Driver/Src/stm32f1xx_hal_tim.o
                0x08003114                TIM_Base_SetConfig
 .text.HAL_TIM_Base_Init
                0x08003178       0x58 ./Drivers/STM32F1xx_HAL_Driver/Src/stm32f1xx_hal_tim.o
                0x08003178                HAL_TIM_Base_Init
 .text.HAL_TIM_PWM_Init
                0x080031d0       0x58 ./Drivers/STM32F1xx_HAL_Driver/Src/stm32f1xx_hal_tim.o
                0x080031d0                HAL_TIM_PWM_Init
 .text.TIM_OC2_SetConfig
                0x08003228       0x58 ./Drivers/STM32F1xx_HAL_Driver/Src/stm32f1xx_hal_tim.o
                0x08003228                TIM_OC2_SetConfig
 .text.HAL_TIM_PWM_ConfigChannel
                0x08003280       0xb0 ./Drivers/STM32F1xx_HAL_Driver/Src/stm32f1xx_hal_tim.o
                0x08003280                HAL_TIM_PWM_ConfigChannel
 .text.TIM_ETR_SetConfig
                0x08003330       0x14 ./Drivers/STM32F1xx_HAL_Driver/Src/stm32f1xx_hal_tim.o
                0x08003330                TIM_ETR_SetConfig
 .text.HAL_TIM_ConfigClockSource
                0x08003344      0x132 ./Drivers/STM32F1xx_HAL_Driver/Src/stm32f1xx_hal_tim.o
                0x08003344                HAL_TIM_ConfigClockSource
 .text.TIM_CCxChannelCmd
                0x08003476       0x1c ./Drivers/STM32F1xx_HAL_Driver/Src/stm32f1xx_hal_tim.o
                0x08003476                TIM_CCxChannelCmd
 *fill*         0x08003492        0x2 
 .text.HAL_TIM_OC_Start
                0x08003494       0x9c ./Drivers/STM32F1xx_HAL_Driver/Src/stm32f1xx_hal_tim.o
                0x08003494                HAL_TIM_OC_Start
 .text.HAL_TIM_PWM_Start
                0x08003530        0x4 ./Drivers/STM32F1xx_HAL_Driver/Src/stm32f1xx_hal_tim.o
                0x08003530                HAL_TIM_PWM_Start
 .text.HAL_TIMEx_MasterConfigSynchronization
                0x08003534       0x5c ./Drivers/STM32F1xx_HAL_Driver/Src/stm32f1xx_hal_tim_ex.o
                0x08003534                HAL_TIMEx_MasterConfigSynchronization
 .text.HAL_TIMEx_ConfigBreakDeadTime
                0x08003590       0x4c ./Drivers/STM32F1xx_HAL_Driver/Src/stm32f1xx_hal_tim_ex.o
                0x08003590                HAL_TIMEx_ConfigBreakDeadTime
 .text.HAL_TIMEx_CommutCallback
                0x080035dc        0x2 ./Drivers/STM32F1xx_HAL_Driver/Src/stm32f1xx_hal_tim_ex.o
                0x080035dc                HAL_TIMEx_CommutCallback
 .text.HAL_TIMEx_BreakCallback
                0x080035de        0x2 ./Drivers/STM32F1xx_HAL_Driver/Src/stm32f1xx_hal_tim_ex.o
                0x080035de                HAL_TIMEx_BreakCallback
 .text.UART_EndRxTransfer
                0x080035e0       0x5c ./Drivers/STM32F1xx_HAL_Driver/Src/stm32f1xx_hal_uart.o
 .text.UART_SetConfig
                0x0800363c       0x74 ./Drivers/STM32F1xx_HAL_Driver/Src/stm32f1xx_hal_uart.o
 .text.UART_WaitOnFlagUntilTimeout.constprop.0
                0x080036b0       0x64 ./Drivers/STM32F1xx_HAL_Driver/Src/stm32f1xx_hal_uart.o
 .text.HAL_UART_Init
                0x08003714       0x5e ./Drivers/STM32F1xx_HAL_Driver/Src/stm32f1xx_hal_uart.o
                0x08003714                HAL_UART_Init
 .text.HAL_UART_Transmit
                0x08003772       0x9c ./Drivers/STM32F1xx_HAL_Driver/Src/stm32f1xx_hal_uart.o
                0x08003772                HAL_UART_Transmit
 .text.HAL_UART_Abort
                0x0800380e       0xdc ./Drivers/STM32F1xx_HAL_Driver/Src/stm32f1xx_hal_uart.o
                0x0800380e                HAL_UART_Abort
 .text.HAL_UART_TxCpltCallback
                0x080038ea        0x2 ./Drivers/STM32F1xx_HAL_Driver/Src/stm32f1xx_hal_uart.o
                0x080038ea                HAL_UART_TxCpltCallback
 .text.UART_DMAAbortOnError
                0x080038ec       0x10 ./Drivers/STM32F1xx_HAL_Driver/Src/stm32f1xx_hal_uart.o
 .text.HAL_UARTEx_RxEventCallback
                0x080038fc        0x2 ./Drivers/STM32F1xx_HAL_Driver/Src/stm32f1xx_hal_uart.o
                0x080038fc                HAL_UARTEx_RxEventCallback
 .text.UART_Receive_IT.isra.0
                0x080038fe       0xb6 ./Drivers/STM32F1xx_HAL_Driver/Src/stm32f1xx_hal_uart.o
 .text.HAL_UART_IRQHandler
                0x080039b4      0x294 ./Drivers/STM32F1xx_HAL_Driver/Src/stm32f1xx_hal_uart.o
                0x080039b4                HAL_UART_IRQHandler
 .text.UART_Start_Receive_IT
                0x08003c48       0x32 ./Drivers/STM32F1xx_HAL_Driver/Src/stm32f1xx_hal_uart.o
                0x08003c48                UART_Start_Receive_IT
 .text.HAL_UART_Receive_IT
                0x08003c7a       0x22 ./Drivers/STM32F1xx_HAL_Driver/Src/stm32f1xx_hal_uart.o
                0x08003c7a                HAL_UART_Receive_IT
 .text.osKernelInitialize
                0x08003c9c       0x24 ./Middlewares/Third_Party/FreeRTOS/Source/CMSIS_RTOS_V2/cmsis_os2.o
                0x08003c9c                osKernelInitialize
 .text.osKernelStart
                0x08003cc0       0x34 ./Middlewares/Third_Party/FreeRTOS/Source/CMSIS_RTOS_V2/cmsis_os2.o
                0x08003cc0                osKernelStart
 .text.osThreadNew
                0x08003cf4       0x88 ./Middlewares/Third_Party/FreeRTOS/Source/CMSIS_RTOS_V2/cmsis_os2.o
                0x08003cf4                osThreadNew
 .text.osDelay  0x08003d7c       0x18 ./Middlewares/Third_Party/FreeRTOS/Source/CMSIS_RTOS_V2/cmsis_os2.o
                0x08003d7c                osDelay
 .text.vApplicationGetIdleTaskMemory
                0x08003d94       0x18 ./Middlewares/Third_Party/FreeRTOS/Source/CMSIS_RTOS_V2/cmsis_os2.o
                0x08003d94                vApplicationGetIdleTaskMemory
 .text.vApplicationGetTimerTaskMemory
                0x08003dac       0x18 ./Middlewares/Third_Party/FreeRTOS/Source/CMSIS_RTOS_V2/cmsis_os2.o
                0x08003dac                vApplicationGetTimerTaskMemory
 .text.vListInitialise
                0x08003dc4       0x16 ./Middlewares/Third_Party/FreeRTOS/Source/list.o
                0x08003dc4                vListInitialise
 .text.vListInitialiseItem
                0x08003dda        0x6 ./Middlewares/Third_Party/FreeRTOS/Source/list.o
                0x08003dda                vListInitialiseItem
 .text.vListInsertEnd
                0x08003de0       0x16 ./Middlewares/Third_Party/FreeRTOS/Source/list.o
                0x08003de0                vListInsertEnd
 .text.vListInsert
                0x08003df6       0x2e ./Middlewares/Third_Party/FreeRTOS/Source/list.o
                0x08003df6                vListInsert
 .text.uxListRemove
                0x08003e24       0x20 ./Middlewares/Third_Party/FreeRTOS/Source/list.o
                0x08003e24                uxListRemove
 .text.prvIsQueueEmpty
                0x08003e44       0x16 ./Middlewares/Third_Party/FreeRTOS/Source/queue.o
 .text.prvCopyDataToQueue
                0x08003e5a       0x66 ./Middlewares/Third_Party/FreeRTOS/Source/queue.o
 .text.prvCopyDataFromQueue
                0x08003ec0       0x28 ./Middlewares/Third_Party/FreeRTOS/Source/queue.o
 .text.prvUnlockQueue
                0x08003ee8       0x6c ./Middlewares/Third_Party/FreeRTOS/Source/queue.o
 .text.xQueueGenericReset
                0x08003f54       0x7e ./Middlewares/Third_Party/FreeRTOS/Source/queue.o
                0x08003f54                xQueueGenericReset
 .text.xQueueGenericCreateStatic
                0x08003fd2       0x9c ./Middlewares/Third_Party/FreeRTOS/Source/queue.o
                0x08003fd2                xQueueGenericCreateStatic
 .text.xQueueGenericSend
                0x0800406e      0x164 ./Middlewares/Third_Party/FreeRTOS/Source/queue.o
                0x0800406e                xQueueGenericSend
 .text.xQueueGenericSendFromISR
                0x080041d2       0xba ./Middlewares/Third_Party/FreeRTOS/Source/queue.o
                0x080041d2                xQueueGenericSendFromISR
 .text.xQueueReceive
                0x0800428c      0x13c ./Middlewares/Third_Party/FreeRTOS/Source/queue.o
                0x0800428c                xQueueReceive
 .text.vQueueAddToRegistry
                0x080043c8       0x24 ./Middlewares/Third_Party/FreeRTOS/Source/queue.o
                0x080043c8                vQueueAddToRegistry
 .text.vQueueWaitForMessageRestricted
                0x080043ec       0x46 ./Middlewares/Third_Party/FreeRTOS/Source/queue.o
                0x080043ec                vQueueWaitForMessageRestricted
 *fill*         0x08004432        0x2 
 .text.prvAddNewTaskToReadyList
                0x08004434      0x100 ./Middlewares/Third_Party/FreeRTOS/Source/tasks.o
 .text.prvAddCurrentTaskToDelayedList
                0x08004534       0x70 ./Middlewares/Third_Party/FreeRTOS/Source/tasks.o
 .text.prvResetNextTaskUnblockTime
                0x080045a4       0x24 ./Middlewares/Third_Party/FreeRTOS/Source/tasks.o
 .text.prvDeleteTCB
                0x080045c8       0x36 ./Middlewares/Third_Party/FreeRTOS/Source/tasks.o
 *fill*         0x080045fe        0x2 
 .text.prvIdleTask
                0x08004600       0x60 ./Middlewares/Third_Party/FreeRTOS/Source/tasks.o
 .text.prvInitialiseNewTask.constprop.0
                0x08004660       0x96 ./Middlewares/Third_Party/FreeRTOS/Source/tasks.o
 .text.xTaskCreateStatic
                0x080046f6       0x70 ./Middlewares/Third_Party/FreeRTOS/Source/tasks.o
                0x080046f6                xTaskCreateStatic
 .text.xTaskCreate
                0x08004766       0x5c ./Middlewares/Third_Party/FreeRTOS/Source/tasks.o
                0x08004766                xTaskCreate
 *fill*         0x080047c2        0x2 
 .text.vTaskStartScheduler
                0x080047c4       0x8c ./Middlewares/Third_Party/FreeRTOS/Source/tasks.o
                0x080047c4                vTaskStartScheduler
 .text.vTaskSuspendAll
                0x08004850       0x10 ./Middlewares/Third_Party/FreeRTOS/Source/tasks.o
                0x08004850                vTaskSuspendAll
 .text.xTaskGetTickCount
                0x08004860        0xc ./Middlewares/Third_Party/FreeRTOS/Source/tasks.o
                0x08004860                xTaskGetTickCount
 .text.xTaskIncrementTick
                0x0800486c      0x130 ./Middlewares/Third_Party/FreeRTOS/Source/tasks.o
                0x0800486c                xTaskIncrementTick
 .text.xTaskResumeAll
                0x0800499c       0xe8 ./Middlewares/Third_Party/FreeRTOS/Source/tasks.o
                0x0800499c                xTaskResumeAll
 .text.vTaskDelay
                0x08004a84       0x48 ./Middlewares/Third_Party/FreeRTOS/Source/tasks.o
                0x08004a84                vTaskDelay
 .text.vTaskSwitchContext
                0x08004acc       0x78 ./Middlewares/Third_Party/FreeRTOS/Source/tasks.o
                0x08004acc                vTaskSwitchContext
 .text.vTaskPlaceOnEventList
                0x08004b44       0x34 ./Middlewares/Third_Party/FreeRTOS/Source/tasks.o
                0x08004b44                vTaskPlaceOnEventList
 .text.vTaskPlaceOnEventListRestricted
                0x08004b78       0x40 ./Middlewares/Third_Party/FreeRTOS/Source/tasks.o
                0x08004b78                vTaskPlaceOnEventListRestricted
 .text.xTaskRemoveFromEventList
                0x08004bb8       0x80 ./Middlewares/Third_Party/FreeRTOS/Source/tasks.o
                0x08004bb8                xTaskRemoveFromEventList
 .text.vTaskInternalSetTimeOutState
                0x08004c38       0x18 ./Middlewares/Third_Party/FreeRTOS/Source/tasks.o
                0x08004c38                vTaskInternalSetTimeOutState
 .text.xTaskCheckForTimeOut
                0x08004c50       0x78 ./Middlewares/Third_Party/FreeRTOS/Source/tasks.o
                0x08004c50                xTaskCheckForTimeOut
 .text.vTaskMissedYield
                0x08004cc8        0xc ./Middlewares/Third_Party/FreeRTOS/Source/tasks.o
                0x08004cc8                vTaskMissedYield
 .text.xTaskGetSchedulerState
                0x08004cd4       0x20 ./Middlewares/Third_Party/FreeRTOS/Source/tasks.o
                0x08004cd4                xTaskGetSchedulerState
 .text.xTaskPriorityDisinherit
                0x08004cf4       0x84 ./Middlewares/Third_Party/FreeRTOS/Source/tasks.o
                0x08004cf4                xTaskPriorityDisinherit
 .text.prvInsertTimerInActiveList
                0x08004d78       0x3c ./Middlewares/Third_Party/FreeRTOS/Source/timers.o
 .text.prvCheckForValidListAndQueue
                0x08004db4       0x68 ./Middlewares/Third_Party/FreeRTOS/Source/timers.o
 .text.xTimerCreateTimerTask
                0x08004e1c       0x64 ./Middlewares/Third_Party/FreeRTOS/Source/timers.o
                0x08004e1c                xTimerCreateTimerTask
 .text.xTimerGenericCommand
                0x08004e80       0x58 ./Middlewares/Third_Party/FreeRTOS/Source/timers.o
                0x08004e80                xTimerGenericCommand
 .text.prvSampleTimeNow
                0x08004ed8       0xa4 ./Middlewares/Third_Party/FreeRTOS/Source/timers.o
 .text.prvTimerTask
                0x08004f7c      0x1cc ./Middlewares/Third_Party/FreeRTOS/Source/timers.o
 .text.prvPortStartFirstTask
                0x08005148       0x20 ./Middlewares/Third_Party/FreeRTOS/Source/portable/GCC/ARM_CM3/port.o
 .text.prvTaskExitError
                0x08005168       0x40 ./Middlewares/Third_Party/FreeRTOS/Source/portable/GCC/ARM_CM3/port.o
 .text.pxPortInitialiseStack
                0x080051a8       0x24 ./Middlewares/Third_Party/FreeRTOS/Source/portable/GCC/ARM_CM3/port.o
                0x080051a8                pxPortInitialiseStack
 *fill*         0x080051cc        0x4 
 .text.SVC_Handler
                0x080051d0       0x24 ./Middlewares/Third_Party/FreeRTOS/Source/portable/GCC/ARM_CM3/port.o
                0x080051d0                SVC_Handler
 .text.vPortEnterCritical
                0x080051f4       0x40 ./Middlewares/Third_Party/FreeRTOS/Source/portable/GCC/ARM_CM3/port.o
                0x080051f4                vPortEnterCritical
 .text.vPortExitCritical
                0x08005234       0x28 ./Middlewares/Third_Party/FreeRTOS/Source/portable/GCC/ARM_CM3/port.o
                0x08005234                vPortExitCritical
 *fill*         0x0800525c        0x4 
 .text.PendSV_Handler
                0x08005260       0x44 ./Middlewares/Third_Party/FreeRTOS/Source/portable/GCC/ARM_CM3/port.o
                0x08005260                PendSV_Handler
 .text.xPortSysTickHandler
                0x080052a4       0x2c ./Middlewares/Third_Party/FreeRTOS/Source/portable/GCC/ARM_CM3/port.o
                0x080052a4                xPortSysTickHandler
 .text.vPortSetupTimerInterrupt
                0x080052d0       0x24 ./Middlewares/Third_Party/FreeRTOS/Source/portable/GCC/ARM_CM3/port.o
                0x080052d0                vPortSetupTimerInterrupt
 .text.xPortStartScheduler
                0x080052f4       0xb0 ./Middlewares/Third_Party/FreeRTOS/Source/portable/GCC/ARM_CM3/port.o
                0x080052f4                xPortStartScheduler
 .text.vPortValidateInterruptPriority
                0x080053a4       0x5c ./Middlewares/Third_Party/FreeRTOS/Source/portable/GCC/ARM_CM3/port.o
                0x080053a4                vPortValidateInterruptPriority
 .text.prvInsertBlockIntoFreeList
                0x08005400       0x4c ./Middlewares/Third_Party/FreeRTOS/Source/portable/MemMang/heap_4.o
 .text.pvPortMalloc
                0x0800544c      0x130 ./Middlewares/Third_Party/FreeRTOS/Source/portable/MemMang/heap_4.o
                0x0800544c                pvPortMalloc
 .text.vPortFree
                0x0800557c       0x7c ./Middlewares/Third_Party/FreeRTOS/Source/portable/MemMang/heap_4.o
                0x0800557c                vPortFree
 .text.memset   0x080055f8       0x10 D:/STM32CubeIDE_1.19.0/STM32CubeIDE/plugins/com.st.stm32cube.ide.mcu.externaltools.gnu-tools-for-stm32.13.3.rel1.win32_1.0.0.202411081344/tools/bin/../lib/gcc/arm-none-eabi/13.3.1/../../../../arm-none-eabi/lib/thumb/v7-m/nofp\libc_nano.a(libc_a-memset.o)
                0x080055f8                memset
 .text.__libc_init_array
                0x08005608       0x48 D:/STM32CubeIDE_1.19.0/STM32CubeIDE/plugins/com.st.stm32cube.ide.mcu.externaltools.gnu-tools-for-stm32.13.3.rel1.win32_1.0.0.202411081344/tools/bin/../lib/gcc/arm-none-eabi/13.3.1/../../../../arm-none-eabi/lib/thumb/v7-m/nofp\libc_nano.a(libc_a-init.o)
                0x08005608                __libc_init_array
 .text.memcpy   0x08005650       0x1c D:/STM32CubeIDE_1.19.0/STM32CubeIDE/plugins/com.st.stm32cube.ide.mcu.externaltools.gnu-tools-for-stm32.13.3.rel1.win32_1.0.0.202411081344/tools/bin/../lib/gcc/arm-none-eabi/13.3.1/../../../../arm-none-eabi/lib/thumb/v7-m/nofp\libc_nano.a(libc_a-memcpy-stub.o)
                0x08005650                memcpy
 *(.glue_7)
 .glue_7        0x0800566c        0x0 linker stubs
 *(.glue_7t)
 .glue_7t       0x0800566c        0x0 linker stubs
 *(.eh_frame)
 .eh_frame      0x0800566c        0x0 D:/STM32CubeIDE_1.19.0/STM32CubeIDE/plugins/com.st.stm32cube.ide.mcu.externaltools.gnu-tools-for-stm32.13.3.rel1.win32_1.0.0.202411081344/tools/bin/../lib/gcc/arm-none-eabi/13.3.1/thumb/v7-m/nofp/crtbegin.o
 *(.init)
 .init          0x0800566c        0x4 D:/STM32CubeIDE_1.19.0/STM32CubeIDE/plugins/com.st.stm32cube.ide.mcu.externaltools.gnu-tools-for-stm32.13.3.rel1.win32_1.0.0.202411081344/tools/bin/../lib/gcc/arm-none-eabi/13.3.1/thumb/v7-m/nofp/crti.o
                0x0800566c                _init
 .init          0x08005670        0x8 D:/STM32CubeIDE_1.19.0/STM32CubeIDE/plugins/com.st.stm32cube.ide.mcu.externaltools.gnu-tools-for-stm32.13.3.rel1.win32_1.0.0.202411081344/tools/bin/../lib/gcc/arm-none-eabi/13.3.1/thumb/v7-m/nofp/crtn.o
 *(.fini)
 .fini          0x08005678        0x4 D:/STM32CubeIDE_1.19.0/STM32CubeIDE/plugins/com.st.stm32cube.ide.mcu.externaltools.gnu-tools-for-stm32.13.3.rel1.win32_1.0.0.202411081344/tools/bin/../lib/gcc/arm-none-eabi/13.3.1/thumb/v7-m/nofp/crti.o
                0x08005678                _fini
 .fini          0x0800567c        0x8 D:/STM32CubeIDE_1.19.0/STM32CubeIDE/plugins/com.st.stm32cube.ide.mcu.externaltools.gnu-tools-for-stm32.13.3.rel1.win32_1.0.0.202411081344/tools/bin/../lib/gcc/arm-none-eabi/13.3.1/thumb/v7-m/nofp/crtn.o
                0x08005684                        . = ALIGN (0x4)
                0x08005684                        _etext = .

.vfp11_veneer   0x08005684        0x0
 .vfp11_veneer  0x08005684        0x0 linker stubs

.v4_bx          0x08005684        0x0
 .v4_bx         0x08005684        0x0 linker stubs

.iplt           0x08005684        0x0
 .iplt          0x08005684        0x0 D:/STM32CubeIDE_1.19.0/STM32CubeIDE/plugins/com.st.stm32cube.ide.mcu.externaltools.gnu-tools-for-stm32.13.3.rel1.win32_1.0.0.202411081344/tools/bin/../lib/gcc/arm-none-eabi/13.3.1/thumb/v7-m/nofp/crtbegin.o

.rodata         0x08005684       0xcc
                0x08005684                        . = ALIGN (0x4)
 *(.rodata)
 *(.rodata*)
 .rodata.str1.1
                0x08005684       0x31 ./Core/Src/main.o
                                 0x1f (size before relaxing)
 *fill*         0x080056b5        0x3 
 .rodata.MotorTask_attributes
                0x080056b8       0x24 ./Core/Src/main.o
                0x080056b8                MotorTask_attributes
 .rodata.UartTask_attributes
                0x080056dc       0x24 ./Core/Src/main.o
                0x080056dc                UartTask_attributes
 .rodata.defaultTask_attributes
                0x08005700       0x24 ./Core/Src/main.o
                0x08005700                defaultTask_attributes
 .rodata.APBPrescTable
                0x08005724        0x8 ./Core/Src/system_stm32f1xx.o
                0x08005724                APBPrescTable
 .rodata.AHBPrescTable
                0x0800572c       0x10 ./Core/Src/system_stm32f1xx.o
                0x0800572c                AHBPrescTable
 .rodata.aPredivFactorTable.0
                0x0800573c        0x2 ./Drivers/STM32F1xx_HAL_Driver/Src/stm32f1xx_hal_rcc.o
 .rodata.aPLLMULFactorTable.1
                0x0800573e       0x10 ./Drivers/STM32F1xx_HAL_Driver/Src/stm32f1xx_hal_rcc.o
 .rodata.vTaskStartScheduler.str1.1
                0x0800574e        0x5 ./Middlewares/Third_Party/FreeRTOS/Source/tasks.o
 .rodata.prvCheckForValidListAndQueue.str1.1
                0x0800574e        0x5 ./Middlewares/Third_Party/FreeRTOS/Source/timers.o
 .rodata.xTimerCreateTimerTask.str1.1
                0x0800574e        0x8 ./Middlewares/Third_Party/FreeRTOS/Source/timers.o
                0x08005758                        . = ALIGN (0x4)
 *fill*         0x0800574e        0x2 

.ARM.extab      0x08005750        0x0
                0x08005750                        . = ALIGN (0x4)
 *(.ARM.extab* .gnu.linkonce.armextab.*)
                0x08005750                        . = ALIGN (0x4)

.ARM            0x08005750        0x0
                0x08005750                        . = ALIGN (0x4)
                0x08005750                        __exidx_start = .
 *(.ARM.exidx*)
                0x08005750                        __exidx_end = .
                0x08005750                        . = ALIGN (0x4)

.preinit_array  0x08005750        0x0
                0x08005750                        . = ALIGN (0x4)
                0x08005750                        PROVIDE (__preinit_array_start = .)
 *(.preinit_array*)
                0x08005750                        PROVIDE (__preinit_array_end = .)
                0x08005750                        . = ALIGN (0x4)

.init_array     0x08005750        0x4
                0x08005750                        . = ALIGN (0x4)
                0x08005750                        PROVIDE (__init_array_start = .)
 *(SORT_BY_NAME(.init_array.*))
 *(.init_array*)
 .init_array    0x08005750        0x4 D:/STM32CubeIDE_1.19.0/STM32CubeIDE/plugins/com.st.stm32cube.ide.mcu.externaltools.gnu-tools-for-stm32.13.3.rel1.win32_1.0.0.202411081344/tools/bin/../lib/gcc/arm-none-eabi/13.3.1/thumb/v7-m/nofp/crtbegin.o
                0x08005754                        PROVIDE (__init_array_end = .)
                0x08005754                        . = ALIGN (0x4)

.fini_array     0x08005754        0x4
                0x08005754                        . = ALIGN (0x4)
                [!provide]                        PROVIDE (__fini_array_start = .)
 *(SORT_BY_NAME(.fini_array.*))
 *(.fini_array*)
 .fini_array    0x08005754        0x4 D:/STM32CubeIDE_1.19.0/STM32CubeIDE/plugins/com.st.stm32cube.ide.mcu.externaltools.gnu-tools-for-stm32.13.3.rel1.win32_1.0.0.202411081344/tools/bin/../lib/gcc/arm-none-eabi/13.3.1/thumb/v7-m/nofp/crtbegin.o
                [!provide]                        PROVIDE (__fini_array_end = .)
                0x08005758                        . = ALIGN (0x4)
                0x08005758                        _sidata = LOADADDR (.data)

.rel.dyn        0x08005758        0x0
 .rel.iplt      0x08005758        0x0 D:/STM32CubeIDE_1.19.0/STM32CubeIDE/plugins/com.st.stm32cube.ide.mcu.externaltools.gnu-tools-for-stm32.13.3.rel1.win32_1.0.0.202411081344/tools/bin/../lib/gcc/arm-none-eabi/13.3.1/thumb/v7-m/nofp/crtbegin.o

.data           0x20000000       0x10 load address 0x08005758
                0x20000000                        . = ALIGN (0x4)
                0x20000000                        _sdata = .
 *(.data)
 *(.data*)
 .data.SystemCoreClock
                0x20000000        0x4 ./Core/Src/system_stm32f1xx.o
                0x20000000                SystemCoreClock
 .data.uwTickFreq
                0x20000004        0x1 ./Drivers/STM32F1xx_HAL_Driver/Src/stm32f1xx_hal.o
                0x20000004                uwTickFreq
 *fill*         0x20000005        0x3 
 .data.uwTickPrio
                0x20000008        0x4 ./Drivers/STM32F1xx_HAL_Driver/Src/stm32f1xx_hal.o
                0x20000008                uwTickPrio
 .data.uxCriticalNesting
                0x2000000c        0x4 ./Middlewares/Third_Party/FreeRTOS/Source/portable/GCC/ARM_CM3/port.o
 *(.RamFunc)
 *(.RamFunc*)
                0x20000010                        . = ALIGN (0x4)
                0x20000010                        _edata = .

.igot.plt       0x20000010        0x0 load address 0x08005768
 .igot.plt      0x20000010        0x0 D:/STM32CubeIDE_1.19.0/STM32CubeIDE/plugins/com.st.stm32cube.ide.mcu.externaltools.gnu-tools-for-stm32.13.3.rel1.win32_1.0.0.202411081344/tools/bin/../lib/gcc/arm-none-eabi/13.3.1/thumb/v7-m/nofp/crtbegin.o
                0x20000010                        . = ALIGN (0x4)

.bss            0x20000010     0x1ce4 load address 0x08005768
                0x20000010                        _sbss = .
                0x20000010                        __bss_start__ = _sbss
 *(.bss)
 .bss           0x20000010       0x1c D:/STM32CubeIDE_1.19.0/STM32CubeIDE/plugins/com.st.stm32cube.ide.mcu.externaltools.gnu-tools-for-stm32.13.3.rel1.win32_1.0.0.202411081344/tools/bin/../lib/gcc/arm-none-eabi/13.3.1/thumb/v7-m/nofp/crtbegin.o
 *(.bss*)
 .bss.filtered_derivative2.0
                0x2000002c        0x4 ./Core/Src/MotorControl.o
 .bss.filtered_derivative1.1
                0x20000030        0x4 ./Core/Src/MotorControl.o
 .bss.pid_state2
                0x20000034       0x1c ./Core/Src/MotorControl.o
                0x20000034                pid_state2
 .bss.pid_state1
                0x20000050       0x1c ./Core/Src/MotorControl.o
                0x20000050                pid_state1
 .bss.motor2    0x2000006c        0xe ./Core/Src/MotorControl.o
                0x2000006c                motor2
 .bss.motor1    0x2000007a        0xe ./Core/Src/MotorControl.o
                0x2000007a                motor1
 .bss.g_receivedIndex
                0x20000088        0x1 ./Core/Src/UartModbus.o
                0x20000088                g_receivedIndex
 *fill*         0x20000089        0x3 
 .bss.g_corruptionCount
                0x2000008c        0x4 ./Core/Src/UartModbus.o
                0x2000008c                g_corruptionCount
 .bss.g_totalReceived
                0x20000090        0x4 ./Core/Src/UartModbus.o
                0x20000090                g_totalReceived
 .bss.g_lastUARTActivity
                0x20000094        0x4 ./Core/Src/UartModbus.o
                0x20000094                g_lastUARTActivity
 .bss.frameReceived
                0x20000098        0x1 ./Core/Src/UartModbus.o
                0x20000098                frameReceived
 .bss.rxIndex   0x20000099        0x1 ./Core/Src/UartModbus.o
                0x20000099                rxIndex
 .bss.rxBuffer  0x2000009a      0x100 ./Core/Src/UartModbus.o
                0x2000009a                rxBuffer
 *fill*         0x2000019a        0x2 
 .bss.g_modbusCounter
                0x2000019c        0x4 ./Core/Src/UartModbus.o
                0x2000019c                g_modbusCounter
 .bss.g_taskCounter
                0x200001a0        0x4 ./Core/Src/UartModbus.o
                0x200001a0                g_taskCounter
 .bss.g_discreteInputs
                0x200001a4        0x4 ./Core/Src/UartModbus.o
                0x200001a4                g_discreteInputs
 .bss.g_coils   0x200001a8        0x8 ./Core/Src/UartModbus.o
                0x200001a8                g_coils
 .bss.g_inputRegisters
                0x200001b0        0xa ./Core/Src/UartModbus.o
                0x200001b0                g_inputRegisters
 .bss.g_holdingRegisters
                0x200001ba       0x6a ./Core/Src/UartModbus.o
                0x200001ba                g_holdingRegisters
 .bss.huart2    0x20000224       0x48 ./Core/Src/UartModbus.o
                0x20000224                huart2
 .bss.htim3     0x2000026c       0x48 ./Core/Src/UartModbus.o
                0x2000026c                htim3
 .bss.htim2     0x200002b4       0x48 ./Core/Src/UartModbus.o
                0x200002b4                htim2
 .bss.htim1     0x200002fc       0x48 ./Core/Src/UartModbus.o
                0x200002fc                htim1
 .bss.hi2c1     0x20000344       0x54 ./Core/Src/UartModbus.o
                0x20000344                hi2c1
 .bss.MotorTaskHandle
                0x20000398        0x4 ./Core/Src/main.o
                0x20000398                MotorTaskHandle
 .bss.UartTaskHandle
                0x2000039c        0x4 ./Core/Src/main.o
                0x2000039c                UartTaskHandle
 .bss.defaultTaskHandle
                0x200003a0        0x4 ./Core/Src/main.o
                0x200003a0                defaultTaskHandle
 .bss.uwTick    0x200003a4        0x4 ./Drivers/STM32F1xx_HAL_Driver/Src/stm32f1xx_hal.o
                0x200003a4                uwTick
 .bss.Timer_Stack.0
                0x200003a8      0x400 ./Middlewares/Third_Party/FreeRTOS/Source/CMSIS_RTOS_V2/cmsis_os2.o
 .bss.Timer_TCB.1
                0x200007a8       0x5c ./Middlewares/Third_Party/FreeRTOS/Source/CMSIS_RTOS_V2/cmsis_os2.o
 .bss.Idle_Stack.2
                0x20000804      0x200 ./Middlewares/Third_Party/FreeRTOS/Source/CMSIS_RTOS_V2/cmsis_os2.o
 .bss.Idle_TCB.3
                0x20000a04       0x5c ./Middlewares/Third_Party/FreeRTOS/Source/CMSIS_RTOS_V2/cmsis_os2.o
 .bss.KernelState
                0x20000a60        0x4 ./Middlewares/Third_Party/FreeRTOS/Source/CMSIS_RTOS_V2/cmsis_os2.o
 .bss.xQueueRegistry
                0x20000a64       0x40 ./Middlewares/Third_Party/FreeRTOS/Source/queue.o
                0x20000a64                xQueueRegistry
 .bss.uxSchedulerSuspended
                0x20000aa4        0x4 ./Middlewares/Third_Party/FreeRTOS/Source/tasks.o
 .bss.xNextTaskUnblockTime
                0x20000aa8        0x4 ./Middlewares/Third_Party/FreeRTOS/Source/tasks.o
 .bss.uxTaskNumber
                0x20000aac        0x4 ./Middlewares/Third_Party/FreeRTOS/Source/tasks.o
 .bss.xNumOfOverflows
                0x20000ab0        0x4 ./Middlewares/Third_Party/FreeRTOS/Source/tasks.o
 .bss.xYieldPending
                0x20000ab4        0x4 ./Middlewares/Third_Party/FreeRTOS/Source/tasks.o
 .bss.xPendedTicks
                0x20000ab8        0x4 ./Middlewares/Third_Party/FreeRTOS/Source/tasks.o
 .bss.xSchedulerRunning
                0x20000abc        0x4 ./Middlewares/Third_Party/FreeRTOS/Source/tasks.o
 .bss.uxTopReadyPriority
                0x20000ac0        0x4 ./Middlewares/Third_Party/FreeRTOS/Source/tasks.o
 .bss.xTickCount
                0x20000ac4        0x4 ./Middlewares/Third_Party/FreeRTOS/Source/tasks.o
 .bss.uxCurrentNumberOfTasks
                0x20000ac8        0x4 ./Middlewares/Third_Party/FreeRTOS/Source/tasks.o
 .bss.xSuspendedTaskList
                0x20000acc       0x14 ./Middlewares/Third_Party/FreeRTOS/Source/tasks.o
 .bss.uxDeletedTasksWaitingCleanUp
                0x20000ae0        0x4 ./Middlewares/Third_Party/FreeRTOS/Source/tasks.o
 .bss.xTasksWaitingTermination
                0x20000ae4       0x14 ./Middlewares/Third_Party/FreeRTOS/Source/tasks.o
 .bss.xPendingReadyList
                0x20000af8       0x14 ./Middlewares/Third_Party/FreeRTOS/Source/tasks.o
 .bss.pxOverflowDelayedTaskList
                0x20000b0c        0x4 ./Middlewares/Third_Party/FreeRTOS/Source/tasks.o
 .bss.pxDelayedTaskList
                0x20000b10        0x4 ./Middlewares/Third_Party/FreeRTOS/Source/tasks.o
 .bss.xDelayedTaskList2
                0x20000b14       0x14 ./Middlewares/Third_Party/FreeRTOS/Source/tasks.o
 .bss.xDelayedTaskList1
                0x20000b28       0x14 ./Middlewares/Third_Party/FreeRTOS/Source/tasks.o
 .bss.pxReadyTasksLists
                0x20000b3c      0x460 ./Middlewares/Third_Party/FreeRTOS/Source/tasks.o
 .bss.pxCurrentTCB
                0x20000f9c        0x4 ./Middlewares/Third_Party/FreeRTOS/Source/tasks.o
                0x20000f9c                pxCurrentTCB
 .bss.xStaticTimerQueue.0
                0x20000fa0       0x50 ./Middlewares/Third_Party/FreeRTOS/Source/timers.o
 .bss.ucStaticTimerQueueStorage.1
                0x20000ff0       0xa0 ./Middlewares/Third_Party/FreeRTOS/Source/timers.o
 .bss.xLastTime.2
                0x20001090        0x4 ./Middlewares/Third_Party/FreeRTOS/Source/timers.o
 .bss.xTimerTaskHandle
                0x20001094        0x4 ./Middlewares/Third_Party/FreeRTOS/Source/timers.o
 .bss.xTimerQueue
                0x20001098        0x4 ./Middlewares/Third_Party/FreeRTOS/Source/timers.o
 .bss.pxOverflowTimerList
                0x2000109c        0x4 ./Middlewares/Third_Party/FreeRTOS/Source/timers.o
 .bss.pxCurrentTimerList
                0x200010a0        0x4 ./Middlewares/Third_Party/FreeRTOS/Source/timers.o
 .bss.xActiveTimerList2
                0x200010a4       0x14 ./Middlewares/Third_Party/FreeRTOS/Source/timers.o
 .bss.xActiveTimerList1
                0x200010b8       0x14 ./Middlewares/Third_Party/FreeRTOS/Source/timers.o
 .bss.ulMaxPRIGROUPValue
                0x200010cc        0x4 ./Middlewares/Third_Party/FreeRTOS/Source/portable/GCC/ARM_CM3/port.o
 .bss.ucMaxSysCallPriority
                0x200010d0        0x1 ./Middlewares/Third_Party/FreeRTOS/Source/portable/GCC/ARM_CM3/port.o
 *fill*         0x200010d1        0x3 
 .bss.xBlockAllocatedBit
                0x200010d4        0x4 ./Middlewares/Third_Party/FreeRTOS/Source/portable/MemMang/heap_4.o
 .bss.xNumberOfSuccessfulFrees
                0x200010d8        0x4 ./Middlewares/Third_Party/FreeRTOS/Source/portable/MemMang/heap_4.o
 .bss.xNumberOfSuccessfulAllocations
                0x200010dc        0x4 ./Middlewares/Third_Party/FreeRTOS/Source/portable/MemMang/heap_4.o
 .bss.xMinimumEverFreeBytesRemaining
                0x200010e0        0x4 ./Middlewares/Third_Party/FreeRTOS/Source/portable/MemMang/heap_4.o
 .bss.xFreeBytesRemaining
                0x200010e4        0x4 ./Middlewares/Third_Party/FreeRTOS/Source/portable/MemMang/heap_4.o
 .bss.pxEnd     0x200010e8        0x4 ./Middlewares/Third_Party/FreeRTOS/Source/portable/MemMang/heap_4.o
 .bss.xStart    0x200010ec        0x8 ./Middlewares/Third_Party/FreeRTOS/Source/portable/MemMang/heap_4.o
 .bss.ucHeap    0x200010f4      0xc00 ./Middlewares/Third_Party/FreeRTOS/Source/portable/MemMang/heap_4.o
 *(COMMON)
                0x20001cf4                        . = ALIGN (0x4)
                0x20001cf4                        _ebss = .
                0x20001cf4                        __bss_end__ = _ebss

._user_heap_stack
                0x20001cf4      0x604 load address 0x08005768
                0x20001cf8                        . = ALIGN (0x8)
 *fill*         0x20001cf4        0x4 
                [!provide]                        PROVIDE (end = .)
                0x20001cf8                        PROVIDE (_end = .)
                0x20001ef8                        . = (. + _Min_Heap_Size)
 *fill*         0x20001cf8      0x200 
                0x200022f8                        . = (. + _Min_Stack_Size)
 *fill*         0x20001ef8      0x400 
                0x200022f8                        . = ALIGN (0x8)

/DISCARD/
 libc.a(*)
 libm.a(*)
 libgcc.a(*)

.ARM.attributes
                0x00000000       0x29
 *(.ARM.attributes)
 .ARM.attributes
                0x00000000       0x1d D:/STM32CubeIDE_1.19.0/STM32CubeIDE/plugins/com.st.stm32cube.ide.mcu.externaltools.gnu-tools-for-stm32.13.3.rel1.win32_1.0.0.202411081344/tools/bin/../lib/gcc/arm-none-eabi/13.3.1/thumb/v7-m/nofp/crti.o
 .ARM.attributes
                0x0000001d       0x2d D:/STM32CubeIDE_1.19.0/STM32CubeIDE/plugins/com.st.stm32cube.ide.mcu.externaltools.gnu-tools-for-stm32.13.3.rel1.win32_1.0.0.202411081344/tools/bin/../lib/gcc/arm-none-eabi/13.3.1/thumb/v7-m/nofp/crtbegin.o
 .ARM.attributes
                0x0000004a       0x2d ./Core/Src/MotorControl.o
 .ARM.attributes
                0x00000077       0x2d ./Core/Src/UartModbus.o
 .ARM.attributes
                0x000000a4       0x2d ./Core/Src/main.o
 .ARM.attributes
                0x000000d1       0x2d ./Core/Src/stm32f1xx_hal_msp.o
 .ARM.attributes
                0x000000fe       0x2d ./Core/Src/stm32f1xx_it.o
 .ARM.attributes
                0x0000012b       0x2d ./Core/Src/system_stm32f1xx.o
 .ARM.attributes
                0x00000158       0x21 ./Core/Startup/startup_stm32f103c8tx.o
 .ARM.attributes
                0x00000179       0x2d ./Drivers/STM32F1xx_HAL_Driver/Src/stm32f1xx_hal.o
 .ARM.attributes
                0x000001a6       0x2d ./Drivers/STM32F1xx_HAL_Driver/Src/stm32f1xx_hal_cortex.o
 .ARM.attributes
                0x000001d3       0x2d ./Drivers/STM32F1xx_HAL_Driver/Src/stm32f1xx_hal_dma.o
 .ARM.attributes
                0x00000200       0x2d ./Drivers/STM32F1xx_HAL_Driver/Src/stm32f1xx_hal_gpio.o
 .ARM.attributes
                0x0000022d       0x2d ./Drivers/STM32F1xx_HAL_Driver/Src/stm32f1xx_hal_i2c.o
 .ARM.attributes
                0x0000025a       0x2d ./Drivers/STM32F1xx_HAL_Driver/Src/stm32f1xx_hal_rcc.o
 .ARM.attributes
                0x00000287       0x2d ./Drivers/STM32F1xx_HAL_Driver/Src/stm32f1xx_hal_tim.o
 .ARM.attributes
                0x000002b4       0x2d ./Drivers/STM32F1xx_HAL_Driver/Src/stm32f1xx_hal_tim_ex.o
 .ARM.attributes
                0x000002e1       0x2d ./Drivers/STM32F1xx_HAL_Driver/Src/stm32f1xx_hal_uart.o
 .ARM.attributes
                0x0000030e       0x2d ./Middlewares/Third_Party/FreeRTOS/Source/CMSIS_RTOS_V2/cmsis_os2.o
 .ARM.attributes
                0x0000033b       0x2d ./Middlewares/Third_Party/FreeRTOS/Source/list.o
 .ARM.attributes
                0x00000368       0x2d ./Middlewares/Third_Party/FreeRTOS/Source/queue.o
 .ARM.attributes
                0x00000395       0x2d ./Middlewares/Third_Party/FreeRTOS/Source/tasks.o
 .ARM.attributes
                0x000003c2       0x2d ./Middlewares/Third_Party/FreeRTOS/Source/timers.o
 .ARM.attributes
                0x000003ef       0x2d ./Middlewares/Third_Party/FreeRTOS/Source/portable/GCC/ARM_CM3/port.o
 .ARM.attributes
                0x0000041c       0x2d ./Middlewares/Third_Party/FreeRTOS/Source/portable/MemMang/heap_4.o
 .ARM.attributes
                0x00000449       0x2d D:/STM32CubeIDE_1.19.0/STM32CubeIDE/plugins/com.st.stm32cube.ide.mcu.externaltools.gnu-tools-for-stm32.13.3.rel1.win32_1.0.0.202411081344/tools/bin/../lib/gcc/arm-none-eabi/13.3.1/../../../../arm-none-eabi/lib/thumb/v7-m/nofp\libc_nano.a(libc_a-memset.o)
 .ARM.attributes
                0x00000476       0x2d D:/STM32CubeIDE_1.19.0/STM32CubeIDE/plugins/com.st.stm32cube.ide.mcu.externaltools.gnu-tools-for-stm32.13.3.rel1.win32_1.0.0.202411081344/tools/bin/../lib/gcc/arm-none-eabi/13.3.1/../../../../arm-none-eabi/lib/thumb/v7-m/nofp\libc_nano.a(libc_a-init.o)
 .ARM.attributes
                0x000004a3       0x2d D:/STM32CubeIDE_1.19.0/STM32CubeIDE/plugins/com.st.stm32cube.ide.mcu.externaltools.gnu-tools-for-stm32.13.3.rel1.win32_1.0.0.202411081344/tools/bin/../lib/gcc/arm-none-eabi/13.3.1/../../../../arm-none-eabi/lib/thumb/v7-m/nofp\libc_nano.a(libc_a-memcpy-stub.o)
 .ARM.attributes
                0x000004d0       0x1d D:/STM32CubeIDE_1.19.0/STM32CubeIDE/plugins/com.st.stm32cube.ide.mcu.externaltools.gnu-tools-for-stm32.13.3.rel1.win32_1.0.0.202411081344/tools/bin/../lib/gcc/arm-none-eabi/13.3.1/thumb/v7-m/nofp\libgcc.a(_arm_addsubsf3.o)
 .ARM.attributes
                0x000004ed       0x1d D:/STM32CubeIDE_1.19.0/STM32CubeIDE/plugins/com.st.stm32cube.ide.mcu.externaltools.gnu-tools-for-stm32.13.3.rel1.win32_1.0.0.202411081344/tools/bin/../lib/gcc/arm-none-eabi/13.3.1/thumb/v7-m/nofp\libgcc.a(_arm_muldivsf3.o)
 .ARM.attributes
                0x0000050a       0x1d D:/STM32CubeIDE_1.19.0/STM32CubeIDE/plugins/com.st.stm32cube.ide.mcu.externaltools.gnu-tools-for-stm32.13.3.rel1.win32_1.0.0.202411081344/tools/bin/../lib/gcc/arm-none-eabi/13.3.1/thumb/v7-m/nofp\libgcc.a(_arm_cmpsf2.o)
 .ARM.attributes
                0x00000527       0x1d D:/STM32CubeIDE_1.19.0/STM32CubeIDE/plugins/com.st.stm32cube.ide.mcu.externaltools.gnu-tools-for-stm32.13.3.rel1.win32_1.0.0.202411081344/tools/bin/../lib/gcc/arm-none-eabi/13.3.1/thumb/v7-m/nofp\libgcc.a(_arm_fixunssfsi.o)
 .ARM.attributes
                0x00000544       0x1d D:/STM32CubeIDE_1.19.0/STM32CubeIDE/plugins/com.st.stm32cube.ide.mcu.externaltools.gnu-tools-for-stm32.13.3.rel1.win32_1.0.0.202411081344/tools/bin/../lib/gcc/arm-none-eabi/13.3.1/thumb/v7-m/nofp/crtn.o
OUTPUT(DC-Driver_Project.elf elf32-littlearm)
LOAD linker stubs
LOAD D:/STM32CubeIDE_1.19.0/STM32CubeIDE/plugins/com.st.stm32cube.ide.mcu.externaltools.gnu-tools-for-stm32.13.3.rel1.win32_1.0.0.202411081344/tools/bin/../lib/gcc/arm-none-eabi/13.3.1/../../../../arm-none-eabi/lib/thumb/v7-m/nofp\libc.a
LOAD D:/STM32CubeIDE_1.19.0/STM32CubeIDE/plugins/com.st.stm32cube.ide.mcu.externaltools.gnu-tools-for-stm32.13.3.rel1.win32_1.0.0.202411081344/tools/bin/../lib/gcc/arm-none-eabi/13.3.1/../../../../arm-none-eabi/lib/thumb/v7-m/nofp\libm.a
LOAD D:/STM32CubeIDE_1.19.0/STM32CubeIDE/plugins/com.st.stm32cube.ide.mcu.externaltools.gnu-tools-for-stm32.13.3.rel1.win32_1.0.0.202411081344/tools/bin/../lib/gcc/arm-none-eabi/13.3.1/thumb/v7-m/nofp\libgcc.a

.comment        0x00000000       0x43
 .comment       0x00000000       0x43 ./Core/Src/MotorControl.o
                                 0x44 (size before relaxing)
 .comment       0x00000043       0x44 ./Core/Src/UartModbus.o
 .comment       0x00000043       0x44 ./Core/Src/main.o
 .comment       0x00000043       0x44 ./Core/Src/stm32f1xx_hal_msp.o
 .comment       0x00000043       0x44 ./Core/Src/stm32f1xx_it.o
 .comment       0x00000043       0x44 ./Core/Src/system_stm32f1xx.o
 .comment       0x00000043       0x44 ./Drivers/STM32F1xx_HAL_Driver/Src/stm32f1xx_hal.o
 .comment       0x00000043       0x44 ./Drivers/STM32F1xx_HAL_Driver/Src/stm32f1xx_hal_cortex.o
 .comment       0x00000043       0x44 ./Drivers/STM32F1xx_HAL_Driver/Src/stm32f1xx_hal_dma.o
 .comment       0x00000043       0x44 ./Drivers/STM32F1xx_HAL_Driver/Src/stm32f1xx_hal_gpio.o
 .comment       0x00000043       0x44 ./Drivers/STM32F1xx_HAL_Driver/Src/stm32f1xx_hal_i2c.o
 .comment       0x00000043       0x44 ./Drivers/STM32F1xx_HAL_Driver/Src/stm32f1xx_hal_rcc.o
 .comment       0x00000043       0x44 ./Drivers/STM32F1xx_HAL_Driver/Src/stm32f1xx_hal_tim.o
 .comment       0x00000043       0x44 ./Drivers/STM32F1xx_HAL_Driver/Src/stm32f1xx_hal_tim_ex.o
 .comment       0x00000043       0x44 ./Drivers/STM32F1xx_HAL_Driver/Src/stm32f1xx_hal_uart.o
 .comment       0x00000043       0x44 ./Middlewares/Third_Party/FreeRTOS/Source/CMSIS_RTOS_V2/cmsis_os2.o
 .comment       0x00000043       0x44 ./Middlewares/Third_Party/FreeRTOS/Source/list.o
 .comment       0x00000043       0x44 ./Middlewares/Third_Party/FreeRTOS/Source/queue.o
 .comment       0x00000043       0x44 ./Middlewares/Third_Party/FreeRTOS/Source/tasks.o
 .comment       0x00000043       0x44 ./Middlewares/Third_Party/FreeRTOS/Source/timers.o
 .comment       0x00000043       0x44 ./Middlewares/Third_Party/FreeRTOS/Source/portable/GCC/ARM_CM3/port.o
 .comment       0x00000043       0x44 ./Middlewares/Third_Party/FreeRTOS/Source/portable/MemMang/heap_4.o

.debug_frame    0x00000000      0x1e4
 .debug_frame   0x00000000       0x20 D:/STM32CubeIDE_1.19.0/STM32CubeIDE/plugins/com.st.stm32cube.ide.mcu.externaltools.gnu-tools-for-stm32.13.3.rel1.win32_1.0.0.202411081344/tools/bin/../lib/gcc/arm-none-eabi/13.3.1/../../../../arm-none-eabi/lib/thumb/v7-m/nofp\libc_nano.a(libc_a-memset.o)
 .debug_frame   0x00000020       0x2c D:/STM32CubeIDE_1.19.0/STM32CubeIDE/plugins/com.st.stm32cube.ide.mcu.externaltools.gnu-tools-for-stm32.13.3.rel1.win32_1.0.0.202411081344/tools/bin/../lib/gcc/arm-none-eabi/13.3.1/../../../../arm-none-eabi/lib/thumb/v7-m/nofp\libc_nano.a(libc_a-init.o)
 .debug_frame   0x0000004c       0x28 D:/STM32CubeIDE_1.19.0/STM32CubeIDE/plugins/com.st.stm32cube.ide.mcu.externaltools.gnu-tools-for-stm32.13.3.rel1.win32_1.0.0.202411081344/tools/bin/../lib/gcc/arm-none-eabi/13.3.1/../../../../arm-none-eabi/lib/thumb/v7-m/nofp\libc_nano.a(libc_a-memcpy-stub.o)
 .debug_frame   0x00000074       0x4c D:/STM32CubeIDE_1.19.0/STM32CubeIDE/plugins/com.st.stm32cube.ide.mcu.externaltools.gnu-tools-for-stm32.13.3.rel1.win32_1.0.0.202411081344/tools/bin/../lib/gcc/arm-none-eabi/13.3.1/thumb/v7-m/nofp\libgcc.a(_arm_addsubsf3.o)
 .debug_frame   0x000000c0       0x38 D:/STM32CubeIDE_1.19.0/STM32CubeIDE/plugins/com.st.stm32cube.ide.mcu.externaltools.gnu-tools-for-stm32.13.3.rel1.win32_1.0.0.202411081344/tools/bin/../lib/gcc/arm-none-eabi/13.3.1/thumb/v7-m/nofp\libgcc.a(_arm_muldivsf3.o)
 .debug_frame   0x000000f8       0xc8 D:/STM32CubeIDE_1.19.0/STM32CubeIDE/plugins/com.st.stm32cube.ide.mcu.externaltools.gnu-tools-for-stm32.13.3.rel1.win32_1.0.0.202411081344/tools/bin/../lib/gcc/arm-none-eabi/13.3.1/thumb/v7-m/nofp\libgcc.a(_arm_cmpsf2.o)
 .debug_frame   0x000001c0       0x24 D:/STM32CubeIDE_1.19.0/STM32CubeIDE/plugins/com.st.stm32cube.ide.mcu.externaltools.gnu-tools-for-stm32.13.3.rel1.win32_1.0.0.202411081344/tools/bin/../lib/gcc/arm-none-eabi/13.3.1/thumb/v7-m/nofp\libgcc.a(_arm_fixunssfsi.o)
