Archive member included to satisfy reference by file (symbol)

D:/STM32CubeIDE_1.19.0/STM32CubeIDE/plugins/com.st.stm32cube.ide.mcu.externaltools.gnu-tools-for-stm32.13.3.rel1.win32_1.0.0.202411081344/tools/bin/../lib/gcc/arm-none-eabi/13.3.1/../../../../arm-none-eabi/lib/thumb/v7-m/nofp\libc_nano.a(libc_a-exit.o)
                              D:/STM32CubeIDE_1.19.0/STM32CubeIDE/plugins/com.st.stm32cube.ide.mcu.externaltools.gnu-tools-for-stm32.13.3.rel1.win32_1.0.0.202411081344/tools/bin/../lib/gcc/arm-none-eabi/13.3.1/../../../../arm-none-eabi/lib/thumb/v7-m/nofp/crt0.o (exit)
D:/STM32CubeIDE_1.19.0/STM32CubeIDE/plugins/com.st.stm32cube.ide.mcu.externaltools.gnu-tools-for-stm32.13.3.rel1.win32_1.0.0.202411081344/tools/bin/../lib/gcc/arm-none-eabi/13.3.1/../../../../arm-none-eabi/lib/thumb/v7-m/nofp\libc_nano.a(libc_a-findfp.o)
                              D:/STM32CubeIDE_1.19.0/STM32CubeIDE/plugins/com.st.stm32cube.ide.mcu.externaltools.gnu-tools-for-stm32.13.3.rel1.win32_1.0.0.202411081344/tools/bin/../lib/gcc/arm-none-eabi/13.3.1/../../../../arm-none-eabi/lib/thumb/v7-m/nofp\libc_nano.a(libc_a-exit.o) (__stdio_exit_handler)
D:/STM32CubeIDE_1.19.0/STM32CubeIDE/plugins/com.st.stm32cube.ide.mcu.externaltools.gnu-tools-for-stm32.13.3.rel1.win32_1.0.0.202411081344/tools/bin/../lib/gcc/arm-none-eabi/13.3.1/../../../../arm-none-eabi/lib/thumb/v7-m/nofp\libc_nano.a(libc_a-fwalk.o)
                              D:/STM32CubeIDE_1.19.0/STM32CubeIDE/plugins/com.st.stm32cube.ide.mcu.externaltools.gnu-tools-for-stm32.13.3.rel1.win32_1.0.0.202411081344/tools/bin/../lib/gcc/arm-none-eabi/13.3.1/../../../../arm-none-eabi/lib/thumb/v7-m/nofp\libc_nano.a(libc_a-findfp.o) (_fwalk_sglue)
D:/STM32CubeIDE_1.19.0/STM32CubeIDE/plugins/com.st.stm32cube.ide.mcu.externaltools.gnu-tools-for-stm32.13.3.rel1.win32_1.0.0.202411081344/tools/bin/../lib/gcc/arm-none-eabi/13.3.1/../../../../arm-none-eabi/lib/thumb/v7-m/nofp\libc_nano.a(libc_a-printf.o)
                              ./Core/Src/MotorControl.o (printf)
D:/STM32CubeIDE_1.19.0/STM32CubeIDE/plugins/com.st.stm32cube.ide.mcu.externaltools.gnu-tools-for-stm32.13.3.rel1.win32_1.0.0.202411081344/tools/bin/../lib/gcc/arm-none-eabi/13.3.1/../../../../arm-none-eabi/lib/thumb/v7-m/nofp\libc_nano.a(libc_a-puts.o)
                              ./Core/Src/MotorControl.o (puts)
D:/STM32CubeIDE_1.19.0/STM32CubeIDE/plugins/com.st.stm32cube.ide.mcu.externaltools.gnu-tools-for-stm32.13.3.rel1.win32_1.0.0.202411081344/tools/bin/../lib/gcc/arm-none-eabi/13.3.1/../../../../arm-none-eabi/lib/thumb/v7-m/nofp\libc_nano.a(libc_a-stdio.o)
                              D:/STM32CubeIDE_1.19.0/STM32CubeIDE/plugins/com.st.stm32cube.ide.mcu.externaltools.gnu-tools-for-stm32.13.3.rel1.win32_1.0.0.202411081344/tools/bin/../lib/gcc/arm-none-eabi/13.3.1/../../../../arm-none-eabi/lib/thumb/v7-m/nofp\libc_nano.a(libc_a-findfp.o) (__sread)
D:/STM32CubeIDE_1.19.0/STM32CubeIDE/plugins/com.st.stm32cube.ide.mcu.externaltools.gnu-tools-for-stm32.13.3.rel1.win32_1.0.0.202411081344/tools/bin/../lib/gcc/arm-none-eabi/13.3.1/../../../../arm-none-eabi/lib/thumb/v7-m/nofp\libc_nano.a(libc_a-wbuf.o)
                              D:/STM32CubeIDE_1.19.0/STM32CubeIDE/plugins/com.st.stm32cube.ide.mcu.externaltools.gnu-tools-for-stm32.13.3.rel1.win32_1.0.0.202411081344/tools/bin/../lib/gcc/arm-none-eabi/13.3.1/../../../../arm-none-eabi/lib/thumb/v7-m/nofp\libc_nano.a(libc_a-puts.o) (__swbuf_r)
D:/STM32CubeIDE_1.19.0/STM32CubeIDE/plugins/com.st.stm32cube.ide.mcu.externaltools.gnu-tools-for-stm32.13.3.rel1.win32_1.0.0.202411081344/tools/bin/../lib/gcc/arm-none-eabi/13.3.1/../../../../arm-none-eabi/lib/thumb/v7-m/nofp\libc_nano.a(libc_a-wsetup.o)
                              D:/STM32CubeIDE_1.19.0/STM32CubeIDE/plugins/com.st.stm32cube.ide.mcu.externaltools.gnu-tools-for-stm32.13.3.rel1.win32_1.0.0.202411081344/tools/bin/../lib/gcc/arm-none-eabi/13.3.1/../../../../arm-none-eabi/lib/thumb/v7-m/nofp\libc_nano.a(libc_a-puts.o) (__swsetup_r)
D:/STM32CubeIDE_1.19.0/STM32CubeIDE/plugins/com.st.stm32cube.ide.mcu.externaltools.gnu-tools-for-stm32.13.3.rel1.win32_1.0.0.202411081344/tools/bin/../lib/gcc/arm-none-eabi/13.3.1/../../../../arm-none-eabi/lib/thumb/v7-m/nofp\libc_nano.a(libc_a-memset.o)
                              D:/STM32CubeIDE_1.19.0/STM32CubeIDE/plugins/com.st.stm32cube.ide.mcu.externaltools.gnu-tools-for-stm32.13.3.rel1.win32_1.0.0.202411081344/tools/bin/../lib/gcc/arm-none-eabi/13.3.1/../../../../arm-none-eabi/lib/thumb/v7-m/nofp/crt0.o (memset)
D:/STM32CubeIDE_1.19.0/STM32CubeIDE/plugins/com.st.stm32cube.ide.mcu.externaltools.gnu-tools-for-stm32.13.3.rel1.win32_1.0.0.202411081344/tools/bin/../lib/gcc/arm-none-eabi/13.3.1/../../../../arm-none-eabi/lib/thumb/v7-m/nofp\libc_nano.a(libc_a-closer.o)
[...]
Memory Configuration

Name             Origin             Length             Attributes
RAM              0x20000000         0x00005000         xrw
FLASH            0x08000000         0x00010000         xr
*default*        0x00000000         0xffffffff

Linker script and memory map

LOAD D:/STM32CubeIDE_1.19.0/STM32CubeIDE/plugins/com.st.stm32cube.ide.mcu.externaltools.gnu-tools-for-stm32.13.3.rel1.win32_1.0.0.202411081344/tools/bin/../lib/gcc/arm-none-eabi/13.3.1/thumb/v7-m/nofp/crti.o
LOAD D:/STM32CubeIDE_1.19.0/STM32CubeIDE/plugins/com.st.stm32cube.ide.mcu.externaltools.gnu-tools-for-stm32.13.3.rel1.win32_1.0.0.202411081344/tools/bin/../lib/gcc/arm-none-eabi/13.3.1/thumb/v7-m/nofp/crtbegin.o
LOAD D:/STM32CubeIDE_1.19.0/STM32CubeIDE/plugins/com.st.stm32cube.ide.mcu.externaltools.gnu-tools-for-stm32.13.3.rel1.win32_1.0.0.202411081344/tools/bin/../lib/gcc/arm-none-eabi/13.3.1/../../../../arm-none-eabi/lib/thumb/v7-m/nofp/crt0.o
LOAD ./Core/Src/DInput.o
LOAD ./Core/Src/DOutput.o
LOAD ./Core/Src/MotorControl.o
LOAD ./Core/Src/UartModbus.o
LOAD ./Core/Src/Visible.o
LOAD ./Core/Src/freertos.o
LOAD ./Core/Src/main.o
LOAD ./Core/Src/stm32f1xx_hal_msp.o
LOAD ./Core/Src/stm32f1xx_it.o
LOAD ./Core/Src/syscalls.o
LOAD ./Core/Src/sysmem.o
LOAD ./Core/Src/system_stm32f1xx.o
LOAD ./Core/Startup/startup_stm32f103c8tx.o
LOAD ./Drivers/STM32F1xx_HAL_Driver/Src/stm32f1xx_hal.o
LOAD ./Drivers/STM32F1xx_HAL_Driver/Src/stm32f1xx_hal_adc.o
LOAD ./Drivers/STM32F1xx_HAL_Driver/Src/stm32f1xx_hal_adc_ex.o
LOAD ./Drivers/STM32F1xx_HAL_Driver/Src/stm32f1xx_hal_cortex.o
LOAD ./Drivers/STM32F1xx_HAL_Driver/Src/stm32f1xx_hal_dma.o
LOAD ./Drivers/STM32F1xx_HAL_Driver/Src/stm32f1xx_hal_exti.o
LOAD ./Drivers/STM32F1xx_HAL_Driver/Src/stm32f1xx_hal_flash.o
LOAD ./Drivers/STM32F1xx_HAL_Driver/Src/stm32f1xx_hal_flash_ex.o
LOAD ./Drivers/STM32F1xx_HAL_Driver/Src/stm32f1xx_hal_gpio.o
LOAD ./Drivers/STM32F1xx_HAL_Driver/Src/stm32f1xx_hal_gpio_ex.o
LOAD ./Drivers/STM32F1xx_HAL_Driver/Src/stm32f1xx_hal_i2c.o
LOAD ./Drivers/STM32F1xx_HAL_Driver/Src/stm32f1xx_hal_pwr.o
LOAD ./Drivers/STM32F1xx_HAL_Driver/Src/stm32f1xx_hal_rcc.o
LOAD ./Drivers/STM32F1xx_HAL_Driver/Src/stm32f1xx_hal_rcc_ex.o
LOAD ./Drivers/STM32F1xx_HAL_Driver/Src/stm32f1xx_hal_tim.o
LOAD ./Drivers/STM32F1xx_HAL_Driver/Src/stm32f1xx_hal_tim_ex.o
LOAD ./Drivers/STM32F1xx_HAL_Driver/Src/stm32f1xx_hal_uart.o
LOAD ./Middlewares/Third_Party/FreeRTOS/Source/CMSIS_RTOS_V2/cmsis_os2.o
LOAD ./Middlewares/Third_Party/FreeRTOS/Source/croutine.o
LOAD ./Middlewares/Third_Party/FreeRTOS/Source/event_groups.o
LOAD ./Middlewares/Third_Party/FreeRTOS/Source/list.o
LOAD ./Middlewares/Third_Party/FreeRTOS/Source/queue.o
LOAD ./Middlewares/Third_Party/FreeRTOS/Source/stream_buffer.o
LOAD ./Middlewares/Third_Party/FreeRTOS/Source/tasks.o
LOAD ./Middlewares/Third_Party/FreeRTOS/Source/timers.o
LOAD ./Middlewares/Third_Party/FreeRTOS/Source/portable/GCC/ARM_CM3/port.o
LOAD ./Middlewares/Third_Party/FreeRTOS/Source/portable/MemMang/heap_4.o
START GROUP
LOAD D:/STM32CubeIDE_1.19.0/STM32CubeIDE/plugins/com.st.stm32cube.ide.mcu.externaltools.gnu-tools-for-stm32.13.3.rel1.win32_1.0.0.202411081344/tools/bin/../lib/gcc/arm-none-eabi/13.3.1/../../../../arm-none-eabi/lib/thumb/v7-m/nofp\libc_nano.a
LOAD D:/STM32CubeIDE_1.19.0/STM32CubeIDE/plugins/com.st.stm32cube.ide.mcu.externaltools.gnu-tools-for-stm32.13.3.rel1.win32_1.0.0.202411081344/tools/bin/../lib/gcc/arm-none-eabi/13.3.1/../../../../arm-none-eabi/lib/thumb/v7-m/nofp\libm.a
END GROUP
START GROUP
LOAD D:/STM32CubeIDE_1.19.0/STM32CubeIDE/plugins/com.st.stm32cube.ide.mcu.externaltools.gnu-tools-for-stm32.13.3.rel1.win32_1.0.0.202411081344/tools/bin/../lib/gcc/arm-none-eabi/13.3.1/thumb/v7-m/nofp\libgcc.a
LOAD D:/STM32CubeIDE_1.19.0/STM32CubeIDE/plugins/com.st.stm32cube.ide.mcu.externaltools.gnu-tools-for-stm32.13.3.rel1.win32_1.0.0.202411081344/tools/bin/../lib/gcc/arm-none-eabi/13.3.1/../../../../arm-none-eabi/lib/thumb/v7-m/nofp\libc_nano.a
END GROUP
START GROUP
LOAD D:/STM32CubeIDE_1.19.0/STM32CubeIDE/plugins/com.st.stm32cube.ide.mcu.externaltools.gnu-tools-for-stm32.13.3.rel1.win32_1.0.0.202411081344/tools/bin/../lib/gcc/arm-none-eabi/13.3.1/thumb/v7-m/nofp\libgcc.a
LOAD D:/STM32CubeIDE_1.19.0/STM32CubeIDE/plugins/com.st.stm32cube.ide.mcu.externaltools.gnu-tools-for-stm32.13.3.rel1.win32_1.0.0.202411081344/tools/bin/../lib/gcc/arm-none-eabi/13.3.1/../../../../arm-none-eabi/lib/thumb/v7-m/nofp\libc_nano.a
LOAD D:/STM32CubeIDE_1.19.0/STM32CubeIDE/plugins/com.st.stm32cube.ide.mcu.externaltools.gnu-tools-for-stm32.13.3.rel1.win32_1.0.0.202411081344/tools/bin/../lib/gcc/arm-none-eabi/13.3.1/../../../../arm-none-eabi/lib/thumb/v7-m/nofp\libnosys.a
END GROUP
START GROUP
LOAD D:/STM32CubeIDE_1.19.0/STM32CubeIDE/plugins/com.st.stm32cube.ide.mcu.externaltools.gnu-tools-for-stm32.13.3.rel1.win32_1.0.0.202411081344/tools/bin/../lib/gcc/arm-none-eabi/13.3.1/thumb/v7-m/nofp\libgcc.a
LOAD D:/STM32CubeIDE_1.19.0/STM32CubeIDE/plugins/com.st.stm32cube.ide.mcu.externaltools.gnu-tools-for-stm32.13.3.rel1.win32_1.0.0.202411081344/tools/bin/../lib/gcc/arm-none-eabi/13.3.1/../../../../arm-none-eabi/lib/thumb/v7-m/nofp\libc_nano.a
LOAD D:/STM32CubeIDE_1.19.0/STM32CubeIDE/plugins/com.st.stm32cube.ide.mcu.externaltools.gnu-tools-for-stm32.13.3.rel1.win32_1.0.0.202411081344/tools/bin/../lib/gcc/arm-none-eabi/13.3.1/../../../../arm-none-eabi/lib/thumb/v7-m/nofp\libnosys.a
END GROUP
LOAD D:/STM32CubeIDE_1.19.0/STM32CubeIDE/plugins/com.st.stm32cube.ide.mcu.externaltools.gnu-tools-for-stm32.13.3.rel1.win32_1.0.0.202411081344/tools/bin/../lib/gcc/arm-none-eabi/13.3.1/thumb/v7-m/nofp/crtend.o
LOAD D:/STM32CubeIDE_1.19.0/STM32CubeIDE/plugins/com.st.stm32cube.ide.mcu.externaltools.gnu-tools-for-stm32.13.3.rel1.win32_1.0.0.202411081344/tools/bin/../lib/gcc/arm-none-eabi/13.3.1/thumb/v7-m/nofp/crtn.o
                0x20005000                        _estack = (ORIGIN (RAM) + LENGTH (RAM))
                0x00000200                        _Min_Heap_Size = 0x200
                0x00000400                        _Min_Stack_Size = 0x400

.isr_vector     0x08000000      0x10c
                0x08000000                        . = ALIGN (0x4)
 *(.isr_vector)
 .isr_vector    0x08000000      0x10c ./Core/Startup/startup_stm32f103c8tx.o
                0x08000000                g_pfnVectors
                0x0800010c                        . = ALIGN (0x4)

.text           0x08000110     0x6924
                0x08000110                        . = ALIGN (0x4)
 *(.text)
 .text          0x08000110       0x40 D:/STM32CubeIDE_1.19.0/STM32CubeIDE/plugins/com.st.stm32cube.ide.mcu.externaltools.gnu-tools-for-stm32.13.3.rel1.win32_1.0.0.202411081344/tools/bin/../lib/gcc/arm-none-eabi/13.3.1/thumb/v7-m/nofp/crtbegin.o
 .text          0x08000150      0x21c D:/STM32CubeIDE_1.19.0/STM32CubeIDE/plugins/com.st.stm32cube.ide.mcu.externaltools.gnu-tools-for-stm32.13.3.rel1.win32_1.0.0.202411081344/tools/bin/../lib/gcc/arm-none-eabi/13.3.1/thumb/v7-m/nofp\libgcc.a(_arm_addsubsf3.o)
                0x08000150                __aeabi_frsub
                0x08000158                __subsf3
                0x08000158                __aeabi_fsub
                0x0800015c                __aeabi_fadd
                0x0800015c                __addsf3
                0x080002bc                __aeabi_ui2f
                0x080002bc                __floatunsisf
                0x080002c4                __aeabi_i2f
                0x080002c4                __floatsisf
                0x080002e0                __aeabi_ul2f
                0x080002e0                __floatundisf
                0x080002f0                __aeabi_l2f
                0x080002f0                __floatdisf
 .text          0x0800036c      0x2a0 D:/STM32CubeIDE_1.19.0/STM32CubeIDE/plugins/com.st.stm32cube.ide.mcu.externaltools.gnu-tools-for-stm32.13.3.rel1.win32_1.0.0.202411081344/tools/bin/../lib/gcc/arm-none-eabi/13.3.1/thumb/v7-m/nofp\libgcc.a(_arm_muldivsf3.o)
                0x0800036c                __mulsf3
                0x0800036c                __aeabi_fmul
                0x080004d4                __aeabi_fdiv
                0x080004d4                __divsf3
 .text          0x0800060c       0xec D:/STM32CubeIDE_1.19.0/STM32CubeIDE/plugins/com.st.stm32cube.ide.mcu.externaltools.gnu-tools-for-stm32.13.3.rel1.win32_1.0.0.202411081344/tools/bin/../lib/gcc/arm-none-eabi/13.3.1/thumb/v7-m/nofp\libgcc.a(_arm_cmpsf2.o)
                0x0800060c                __gesf2
                0x0800060c                __gtsf2
                0x08000614                __lesf2
                0x08000614                __ltsf2
                0x0800061c                __nesf2
                0x0800061c                __eqsf2
                0x0800061c                __cmpsf2
                0x0800067c                __aeabi_cfrcmple
                0x08000684                __aeabi_cfcmpeq
                0x08000684                __aeabi_cfcmple
                0x08000694                __aeabi_fcmpeq
                0x080006a8                __aeabi_fcmplt
                0x080006bc                __aeabi_fcmple
                0x080006d0                __aeabi_fcmpge
                0x080006e4                __aeabi_fcmpgt
 .text          0x080006f8       0x40 D:/STM32CubeIDE_1.19.0/STM32CubeIDE/plugins/com.st.stm32cube.ide.mcu.externaltools.gnu-tools-for-stm32.13.3.rel1.win32_1.0.0.202411081344/tools/bin/../lib/gcc/arm-none-eabi/13.3.1/thumb/v7-m/nofp\libgcc.a(_arm_fixunssfsi.o)
                0x080006f8                __fixunssfsi
                0x080006f8                __aeabi_f2uiz
 *(.text*)
 .text.Read_ADC_Value
                0x08000738       0x28 ./Core/Src/DInput.o
                0x08000738                Read_ADC_Value
 .text.Read_ACS712
                0x08000760       0x6c ./Core/Src/DInput.o
                0x08000760                Read_ACS712
 .text.DOutput_SetRelay.part.0
                0x080007cc       0x18 ./Core/Src/DOutput.o
 .text.DOutput_Load
                0x080007e4       0x20 ./Core/Src/DOutput.o
                0x080007e4                DOutput_Load
 .text.DOutput_Save
                0x08000804       0x14 ./Core/Src/DOutput.o
                0x08000804                DOutput_Save
 .text.DOutput_SetRelay
                0x08000818       0x28 ./Core/Src/DOutput.o
                0x08000818                DOutput_SetRelay
 .text.DOutput_Process
                0x08000840       0x2c ./Core/Src/DOutput.o
                0x08000840                DOutput_Process
 .text.MotorRegisters_Load
                0x0800086c       0xa0 ./Core/Src/MotorControl.o
                0x0800086c                MotorRegisters_Load
 .text.SystemRegisters_Load
                0x0800090c       0x44 ./Core/Src/MotorControl.o
                0x0800090c                SystemRegisters_Load
 .text.MotorRegisters_Save
                0x08000950       0x84 ./Core/Src/MotorControl.o
                0x08000950                MotorRegisters_Save
 .text.SystemRegisters_Save
                0x080009d4       0x44 ./Core/Src/MotorControl.o
                0x080009d4                SystemRegisters_Save
 .text.Motor1_Set_Direction
                0x08000a18       0x70 ./Core/Src/MotorControl.o
                0x08000a18                Motor1_Set_Direction
 .text.Motor2_Set_Direction
                0x08000a88       0x70 ./Core/Src/MotorControl.o
                0x08000a88                Motor2_Set_Direction
 .text.Stepper_OutputFreq
                0x08000af8       0xe8 ./Core/Src/MotorControl.o
                0x08000af8                Stepper_OutputFreq
 .text.Motor_HandleOnOff
                0x08000be0       0xa0 ./Core/Src/MotorControl.o
                0x08000be0                Motor_HandleOnOff
 .text.Motor_HandleRamp
                0x08000c80      0x1d8 ./Core/Src/MotorControl.o
                0x08000c80                Motor_HandleRamp
 .text.Motor_ProcessControl
                0x08000e58       0x8c ./Core/Src/MotorControl.o
                0x08000e58                Motor_ProcessControl
 .text.MotionState_Init
                0x08000ee4       0x30 ./Core/Src/MotorControl.o
                0x08000ee4                MotionState_Init
 .text.System_ResetSystem
                0x08000f14       0x2c ./Core/Src/MotorControl.o
                0x08000f14                System_ResetSystem
 .text.initializeModbusRegisters
                0x08000f40       0xcc ./Core/Src/UartModbus.o
                0x08000f40                initializeModbusRegisters
 .text.calcCRC  0x0800100c       0x30 ./Core/Src/UartModbus.o
                0x0800100c                calcCRC
 .text.HAL_UART_RxCpltCallback
                0x0800103c       0x98 ./Core/Src/UartModbus.o
                0x0800103c                HAL_UART_RxCpltCallback
 .text.HAL_UART_ErrorCallback
                0x080010d4       0x40 ./Core/Src/UartModbus.o
                0x080010d4                HAL_UART_ErrorCallback
 .text.resetUARTCommunication
                0x08001114       0x34 ./Core/Src/UartModbus.o
                0x08001114                resetUARTCommunication
 .text.processModbusFrame
                0x08001148      0x214 ./Core/Src/UartModbus.o
                0x08001148                processModbusFrame
 .text.updateBaudrate
                0x0800135c       0x94 ./Core/Src/UartModbus.o
                0x0800135c                updateBaudrate
 .text.checkUARTHealth
                0x080013f0       0x34 ./Core/Src/UartModbus.o
                0x080013f0                checkUARTHealth
 .text.startModbusUARTReception
                0x08001424       0x2c ./Core/Src/UartModbus.o
                0x08001424                startModbusUARTReception
 .text.StartIOTask
                0x08001450       0x4c ./Core/Src/main.o
                0x08001450                StartIOTask
 .text.StartUartTask
                0x0800149c       0x8c ./Core/Src/main.o
                0x0800149c                StartUartTask
 .text.StartMotorTask
                0x08001528       0x78 ./Core/Src/main.o
                0x08001528                StartMotorTask
 .text.StartVisibleTask
                0x080015a0       0x3c ./Core/Src/main.o
                0x080015a0                StartVisibleTask
 .text.SystemClock_Config
                0x080015dc       0x7a ./Core/Src/main.o
                0x080015dc                SystemClock_Config
 *fill*         0x08001656        0x2 
 .text.startup.main
                0x08001658      0x468 ./Core/Src/main.o
                0x08001658                main
 .text.HAL_MspInit
                0x08001ac0       0x60 ./Core/Src/stm32f1xx_hal_msp.o
                0x08001ac0                HAL_MspInit
 .text.HAL_ADC_MspInit
                0x08001b20       0x5c ./Core/Src/stm32f1xx_hal_msp.o
                0x08001b20                HAL_ADC_MspInit
 .text.HAL_I2C_MspInit
                0x08001b7c       0x84 ./Core/Src/stm32f1xx_hal_msp.o
                0x08001b7c                HAL_I2C_MspInit
 .text.HAL_TIM_Base_MspInit
                0x08001c00       0xb8 ./Core/Src/stm32f1xx_hal_msp.o
                0x08001c00                HAL_TIM_Base_MspInit
 .text.HAL_TIM_MspPostInit
                0x08001cb8       0x74 ./Core/Src/stm32f1xx_hal_msp.o
                0x08001cb8                HAL_TIM_MspPostInit
 .text.HAL_UART_MspInit
                0x08001d2c       0x84 ./Core/Src/stm32f1xx_hal_msp.o
                0x08001d2c                HAL_UART_MspInit
 .text.HAL_UART_MspDeInit
                0x08001db0       0x34 ./Core/Src/stm32f1xx_hal_msp.o
                0x08001db0                HAL_UART_MspDeInit
 .text.NMI_Handler
                0x08001de4        0x2 ./Core/Src/stm32f1xx_it.o
                0x08001de4                NMI_Handler
 .text.HardFault_Handler
                0x08001de6        0x2 ./Core/Src/stm32f1xx_it.o
                0x08001de6                HardFault_Handler
 .text.MemManage_Handler
                0x08001de8        0x2 ./Core/Src/stm32f1xx_it.o
                0x08001de8                MemManage_Handler
 .text.BusFault_Handler
                0x08001dea        0x2 ./Core/Src/stm32f1xx_it.o
                0x08001dea                BusFault_Handler
 .text.UsageFault_Handler
                0x08001dec        0x2 ./Core/Src/stm32f1xx_it.o
                0x08001dec                UsageFault_Handler
 .text.DebugMon_Handler
                0x08001dee        0x2 ./Core/Src/stm32f1xx_it.o
                0x08001dee                DebugMon_Handler
 .text.SysTick_Handler
                0x08001df0       0x18 ./Core/Src/stm32f1xx_it.o
                0x08001df0                SysTick_Handler
 .text.RCC_IRQHandler
                0x08001e08        0x2 ./Core/Src/stm32f1xx_it.o
                0x08001e08                RCC_IRQHandler
 *fill*         0x08001e0a        0x2 
 .text.TIM1_BRK_IRQHandler
                0x08001e0c        0xc ./Core/Src/stm32f1xx_it.o
                0x08001e0c                TIM1_BRK_IRQHandler
 .text.TIM1_UP_IRQHandler
                0x08001e18        0x4 ./Core/Src/stm32f1xx_it.o
                0x08001e18                TIM1_UP_IRQHandler
 .text.TIM1_CC_IRQHandler
                0x08001e1c        0x4 ./Core/Src/stm32f1xx_it.o
                0x08001e1c                TIM1_CC_IRQHandler
 .text.TIM2_IRQHandler
                0x08001e20        0xc ./Core/Src/stm32f1xx_it.o
                0x08001e20                TIM2_IRQHandler
 .text.TIM3_IRQHandler
                0x08001e2c        0xc ./Core/Src/stm32f1xx_it.o
                0x08001e2c                TIM3_IRQHandler
 .text.I2C1_EV_IRQHandler
                0x08001e38        0xc ./Core/Src/stm32f1xx_it.o
                0x08001e38                I2C1_EV_IRQHandler
 .text.I2C1_ER_IRQHandler
                0x08001e44        0xc ./Core/Src/stm32f1xx_it.o
                0x08001e44                I2C1_ER_IRQHandler
 .text.USART2_IRQHandler
                0x08001e50        0xc ./Core/Src/stm32f1xx_it.o
                0x08001e50                USART2_IRQHandler
 .text.SystemInit
                0x08001e5c        0x2 ./Core/Src/system_stm32f1xx.o
                0x08001e5c                SystemInit
 *fill*         0x08001e5e        0x2 
 .text.Reset_Handler
                0x08001e60       0x48 ./Core/Startup/startup_stm32f103c8tx.o
                0x08001e60                Reset_Handler
 .text.Default_Handler
                0x08001ea8        0x2 ./Core/Startup/startup_stm32f103c8tx.o
                0x08001ea8                RTC_Alarm_IRQHandler
                0x08001ea8                EXTI2_IRQHandler
                0x08001ea8                PVD_IRQHandler
                0x08001ea8                EXTI3_IRQHandler
                0x08001ea8                EXTI0_IRQHandler
                0x08001ea8                I2C2_EV_IRQHandler
                0x08001ea8                ADC1_2_IRQHandler
                0x08001ea8                SPI1_IRQHandler
                0x08001ea8                TAMPER_IRQHandler
                0x08001ea8                DMA1_Channel4_IRQHandler
                0x08001ea8                USART3_IRQHandler
                0x08001ea8                RTC_IRQHandler
                0x08001ea8                DMA1_Channel7_IRQHandler
                0x08001ea8                CAN1_RX1_IRQHandler
                0x08001ea8                TIM4_IRQHandler
                0x08001ea8                DMA1_Channel6_IRQHandler
                0x08001ea8                TIM1_TRG_COM_IRQHandler
                0x08001ea8                DMA1_Channel1_IRQHandler
                0x08001ea8                Default_Handler
                0x08001ea8                EXTI15_10_IRQHandler
                0x08001ea8                EXTI9_5_IRQHandler
                0x08001ea8                SPI2_IRQHandler
                0x08001ea8                DMA1_Channel5_IRQHandler
                0x08001ea8                EXTI4_IRQHandler
                0x08001ea8                USB_LP_CAN1_RX0_IRQHandler
                0x08001ea8                USB_HP_CAN1_TX_IRQHandler
                0x08001ea8                DMA1_Channel3_IRQHandler
                0x08001ea8                WWDG_IRQHandler
                0x08001ea8                EXTI1_IRQHandler
                0x08001ea8                I2C2_ER_IRQHandler
                0x08001ea8                DMA1_Channel2_IRQHandler
                0x08001ea8                CAN1_SCE_IRQHandler
                0x08001ea8                FLASH_IRQHandler
                0x08001ea8                USART1_IRQHandler
                0x08001ea8                USBWakeUp_IRQHandler
 *fill*         0x08001eaa        0x2 
 .text.HAL_InitTick
                0x08001eac       0x48 ./Drivers/STM32F1xx_HAL_Driver/Src/stm32f1xx_hal.o
                0x08001eac                HAL_InitTick
 .text.HAL_Init
                0x08001ef4       0x24 ./Drivers/STM32F1xx_HAL_Driver/Src/stm32f1xx_hal.o
                0x08001ef4                HAL_Init
 .text.HAL_IncTick
                0x08001f18       0x18 ./Drivers/STM32F1xx_HAL_Driver/Src/stm32f1xx_hal.o
                0x08001f18                HAL_IncTick
 .text.HAL_GetTick
                0x08001f30        0xc ./Drivers/STM32F1xx_HAL_Driver/Src/stm32f1xx_hal.o
                0x08001f30                HAL_GetTick
 .text.HAL_ADC_PollForConversion
                0x08001f3c      0x148 ./Drivers/STM32F1xx_HAL_Driver/Src/stm32f1xx_hal_adc.o
                0x08001f3c                HAL_ADC_PollForConversion
 .text.HAL_ADC_GetValue
                0x08002084        0x6 ./Drivers/STM32F1xx_HAL_Driver/Src/stm32f1xx_hal_adc.o
                0x08002084                HAL_ADC_GetValue
 *fill*         0x0800208a        0x2 
 .text.HAL_ADC_ConfigChannel
                0x0800208c       0xfc ./Drivers/STM32F1xx_HAL_Driver/Src/stm32f1xx_hal_adc.o
                0x0800208c                HAL_ADC_ConfigChannel
 .text.ADC_Enable
                0x08002188       0x78 ./Drivers/STM32F1xx_HAL_Driver/Src/stm32f1xx_hal_adc.o
                0x08002188                ADC_Enable
 .text.HAL_ADC_Start
                0x08002200       0xc4 ./Drivers/STM32F1xx_HAL_Driver/Src/stm32f1xx_hal_adc.o
                0x08002200                HAL_ADC_Start
 .text.ADC_ConversionStop_Disable
                0x080022c4       0x4c ./Drivers/STM32F1xx_HAL_Driver/Src/stm32f1xx_hal_adc.o
                0x080022c4                ADC_ConversionStop_Disable
 .text.HAL_ADC_Init
                0x08002310       0xfc ./Drivers/STM32F1xx_HAL_Driver/Src/stm32f1xx_hal_adc.o
                0x08002310                HAL_ADC_Init
 .text.HAL_ADC_Stop
                0x0800240c       0x34 ./Drivers/STM32F1xx_HAL_Driver/Src/stm32f1xx_hal_adc.o
                0x0800240c                HAL_ADC_Stop
 .text.HAL_NVIC_SetPriorityGrouping
                0x08002440       0x24 ./Drivers/STM32F1xx_HAL_Driver/Src/stm32f1xx_hal_cortex.o
                0x08002440                HAL_NVIC_SetPriorityGrouping
 .text.HAL_NVIC_SetPriority
                0x08002464       0x60 ./Drivers/STM32F1xx_HAL_Driver/Src/stm32f1xx_hal_cortex.o
                0x08002464                HAL_NVIC_SetPriority
 .text.HAL_NVIC_EnableIRQ
                0x080024c4       0x1c ./Drivers/STM32F1xx_HAL_Driver/Src/stm32f1xx_hal_cortex.o
                0x080024c4                HAL_NVIC_EnableIRQ
 .text.HAL_NVIC_DisableIRQ
                0x080024e0       0x24 ./Drivers/STM32F1xx_HAL_Driver/Src/stm32f1xx_hal_cortex.o
                0x080024e0                HAL_NVIC_DisableIRQ
 .text.HAL_SYSTICK_Config
                0x08002504       0x28 ./Drivers/STM32F1xx_HAL_Driver/Src/stm32f1xx_hal_cortex.o
                0x08002504                HAL_SYSTICK_Config
 .text.HAL_DMA_Abort
                0x0800252c       0x3e ./Drivers/STM32F1xx_HAL_Driver/Src/stm32f1xx_hal_dma.o
                0x0800252c                HAL_DMA_Abort
 *fill*         0x0800256a        0x2 
 .text.HAL_DMA_Abort_IT
                0x0800256c       0x8c ./Drivers/STM32F1xx_HAL_Driver/Src/stm32f1xx_hal_dma.o
                0x0800256c                HAL_DMA_Abort_IT
 .text.HAL_DMA_GetState
                0x080025f8        0x6 ./Drivers/STM32F1xx_HAL_Driver/Src/stm32f1xx_hal_dma.o
                0x080025f8                HAL_DMA_GetState
 .text.HAL_DMA_GetError
                0x080025fe        0x4 ./Drivers/STM32F1xx_HAL_Driver/Src/stm32f1xx_hal_dma.o
                0x080025fe                HAL_DMA_GetError
 *fill*         0x08002602        0x2 
 .text.HAL_GPIO_Init
                0x08002604      0x1a8 ./Drivers/STM32F1xx_HAL_Driver/Src/stm32f1xx_hal_gpio.o
                0x08002604                HAL_GPIO_Init
 .text.HAL_GPIO_DeInit
                0x080027ac       0xdc ./Drivers/STM32F1xx_HAL_Driver/Src/stm32f1xx_hal_gpio.o
                0x080027ac                HAL_GPIO_DeInit
 .text.HAL_GPIO_WritePin
                0x08002888        0xa ./Drivers/STM32F1xx_HAL_Driver/Src/stm32f1xx_hal_gpio.o
                0x08002888                HAL_GPIO_WritePin
 .text.HAL_GPIO_TogglePin
                0x08002892       0x12 ./Drivers/STM32F1xx_HAL_Driver/Src/stm32f1xx_hal_gpio.o
                0x08002892                HAL_GPIO_TogglePin
 .text.HAL_I2C_Init
                0x080028a4      0x150 ./Drivers/STM32F1xx_HAL_Driver/Src/stm32f1xx_hal_i2c.o
                0x080028a4                HAL_I2C_Init
 .text.HAL_I2C_MasterTxCpltCallback
                0x080029f4        0x2 ./Drivers/STM32F1xx_HAL_Driver/Src/stm32f1xx_hal_i2c.o
                0x080029f4                HAL_I2C_MasterTxCpltCallback
 .text.HAL_I2C_MasterRxCpltCallback
                0x080029f6        0x2 ./Drivers/STM32F1xx_HAL_Driver/Src/stm32f1xx_hal_i2c.o
                0x080029f6                HAL_I2C_MasterRxCpltCallback
 .text.HAL_I2C_SlaveTxCpltCallback
                0x080029f8        0x2 ./Drivers/STM32F1xx_HAL_Driver/Src/stm32f1xx_hal_i2c.o
                0x080029f8                HAL_I2C_SlaveTxCpltCallback
 .text.HAL_I2C_SlaveRxCpltCallback
                0x080029fa        0x2 ./Drivers/STM32F1xx_HAL_Driver/Src/stm32f1xx_hal_i2c.o
                0x080029fa                HAL_I2C_SlaveRxCpltCallback
 .text.HAL_I2C_AddrCallback
                0x080029fc        0x2 ./Drivers/STM32F1xx_HAL_Driver/Src/stm32f1xx_hal_i2c.o
                0x080029fc                HAL_I2C_AddrCallback
 .text.HAL_I2C_ListenCpltCallback
                0x080029fe        0x2 ./Drivers/STM32F1xx_HAL_Driver/Src/stm32f1xx_hal_i2c.o
                0x080029fe                HAL_I2C_ListenCpltCallback
 .text.HAL_I2C_MemTxCpltCallback
                0x08002a00        0x2 ./Drivers/STM32F1xx_HAL_Driver/Src/stm32f1xx_hal_i2c.o
                0x08002a00                HAL_I2C_MemTxCpltCallback
 .text.I2C_MemoryTransmit_TXE_BTF
                0x08002a02       0xb0 ./Drivers/STM32F1xx_HAL_Driver/Src/stm32f1xx_hal_i2c.o
 .text.HAL_I2C_MemRxCpltCallback
                0x08002ab2        0x2 ./Drivers/STM32F1xx_HAL_Driver/Src/stm32f1xx_hal_i2c.o
                0x08002ab2                HAL_I2C_MemRxCpltCallback
 .text.HAL_I2C_ErrorCallback
                0x08002ab4        0x2 ./Drivers/STM32F1xx_HAL_Driver/Src/stm32f1xx_hal_i2c.o
                0x08002ab4                HAL_I2C_ErrorCallback
 .text.HAL_I2C_AbortCpltCallback
                0x08002ab6        0x2 ./Drivers/STM32F1xx_HAL_Driver/Src/stm32f1xx_hal_i2c.o
                0x08002ab6                HAL_I2C_AbortCpltCallback
 .text.I2C_DMAAbort
                0x08002ab8       0xc0 ./Drivers/STM32F1xx_HAL_Driver/Src/stm32f1xx_hal_i2c.o
 .text.I2C_ITError
                0x08002b78      0x150 ./Drivers/STM32F1xx_HAL_Driver/Src/stm32f1xx_hal_i2c.o
 .text.HAL_I2C_EV_IRQHandler
                0x08002cc8      0x8b0 ./Drivers/STM32F1xx_HAL_Driver/Src/stm32f1xx_hal_i2c.o
                0x08002cc8                HAL_I2C_EV_IRQHandler
 .text.HAL_I2C_ER_IRQHandler
                0x08003578      0x140 ./Drivers/STM32F1xx_HAL_Driver/Src/stm32f1xx_hal_i2c.o
                0x08003578                HAL_I2C_ER_IRQHandler
 .text.HAL_RCC_OscConfig
                0x080036b8      0x338 ./Drivers/STM32F1xx_HAL_Driver/Src/stm32f1xx_hal_rcc.o
                0x080036b8                HAL_RCC_OscConfig
 .text.HAL_RCC_GetSysClockFreq
                0x080039f0       0x4c ./Drivers/STM32F1xx_HAL_Driver/Src/stm32f1xx_hal_rcc.o
                0x080039f0                HAL_RCC_GetSysClockFreq
 .text.HAL_RCC_ClockConfig
                0x08003a3c      0x138 ./Drivers/STM32F1xx_HAL_Driver/Src/stm32f1xx_hal_rcc.o
                0x08003a3c                HAL_RCC_ClockConfig
 .text.HAL_RCC_GetPCLK1Freq
                0x08003b74       0x20 ./Drivers/STM32F1xx_HAL_Driver/Src/stm32f1xx_hal_rcc.o
                0x08003b74                HAL_RCC_GetPCLK1Freq
 .text.HAL_RCC_GetPCLK2Freq
                0x08003b94       0x20 ./Drivers/STM32F1xx_HAL_Driver/Src/stm32f1xx_hal_rcc.o
                0x08003b94                HAL_RCC_GetPCLK2Freq
 .text.HAL_RCCEx_PeriphCLKConfig
                0x08003bb4       0xf4 ./Drivers/STM32F1xx_HAL_Driver/Src/stm32f1xx_hal_rcc_ex.o
                0x08003bb4                HAL_RCCEx_PeriphCLKConfig
 .text.HAL_RCCEx_GetPeriphCLKFreq
                0x08003ca8       0xbc ./Drivers/STM32F1xx_HAL_Driver/Src/stm32f1xx_hal_rcc_ex.o
                0x08003ca8                HAL_RCCEx_GetPeriphCLKFreq
 .text.TIM_OC1_SetConfig
                0x08003d64       0x50 ./Drivers/STM32F1xx_HAL_Driver/Src/stm32f1xx_hal_tim.o
 .text.TIM_OC3_SetConfig
                0x08003db4       0x54 ./Drivers/STM32F1xx_HAL_Driver/Src/stm32f1xx_hal_tim.o
 .text.TIM_OC4_SetConfig
                0x08003e08       0x44 ./Drivers/STM32F1xx_HAL_Driver/Src/stm32f1xx_hal_tim.o
 .text.HAL_TIM_PWM_MspInit
                0x08003e4c        0x2 ./Drivers/STM32F1xx_HAL_Driver/Src/stm32f1xx_hal_tim.o
                0x08003e4c                HAL_TIM_PWM_MspInit
 .text.HAL_TIM_PeriodElapsedCallback
                0x08003e4e        0x2 ./Drivers/STM32F1xx_HAL_Driver/Src/stm32f1xx_hal_tim.o
                0x08003e4e                HAL_TIM_PeriodElapsedCallback
 .text.HAL_TIM_OC_DelayElapsedCallback
                0x08003e50        0x2 ./Drivers/STM32F1xx_HAL_Driver/Src/stm32f1xx_hal_tim.o
                0x08003e50                HAL_TIM_OC_DelayElapsedCallback
 .text.HAL_TIM_IC_CaptureCallback
                0x08003e52        0x2 ./Drivers/STM32F1xx_HAL_Driver/Src/stm32f1xx_hal_tim.o
                0x08003e52                HAL_TIM_IC_CaptureCallback
 .text.HAL_TIM_PWM_PulseFinishedCallback
                0x08003e54        0x2 ./Drivers/STM32F1xx_HAL_Driver/Src/stm32f1xx_hal_tim.o
                0x08003e54                HAL_TIM_PWM_PulseFinishedCallback
 .text.HAL_TIM_TriggerCallback
                0x08003e56        0x2 ./Drivers/STM32F1xx_HAL_Driver/Src/stm32f1xx_hal_tim.o
                0x08003e56                HAL_TIM_TriggerCallback
 .text.HAL_TIM_IRQHandler
                0x08003e58      0x128 ./Drivers/STM32F1xx_HAL_Driver/Src/stm32f1xx_hal_tim.o
                0x08003e58                HAL_TIM_IRQHandler
 .text.TIM_Base_SetConfig
                0x08003f80       0x64 ./Drivers/STM32F1xx_HAL_Driver/Src/stm32f1xx_hal_tim.o
                0x08003f80                TIM_Base_SetConfig
 .text.HAL_TIM_Base_Init
                0x08003fe4       0x58 ./Drivers/STM32F1xx_HAL_Driver/Src/stm32f1xx_hal_tim.o
                0x08003fe4                HAL_TIM_Base_Init
 .text.HAL_TIM_PWM_Init
                0x0800403c       0x58 ./Drivers/STM32F1xx_HAL_Driver/Src/stm32f1xx_hal_tim.o
                0x0800403c                HAL_TIM_PWM_Init
 .text.TIM_OC2_SetConfig
                0x08004094       0x58 ./Drivers/STM32F1xx_HAL_Driver/Src/stm32f1xx_hal_tim.o
                0x08004094                TIM_OC2_SetConfig
 .text.HAL_TIM_PWM_ConfigChannel
                0x080040ec       0xb0 ./Drivers/STM32F1xx_HAL_Driver/Src/stm32f1xx_hal_tim.o
                0x080040ec                HAL_TIM_PWM_ConfigChannel
 .text.TIM_ETR_SetConfig
                0x0800419c       0x14 ./Drivers/STM32F1xx_HAL_Driver/Src/stm32f1xx_hal_tim.o
                0x0800419c                TIM_ETR_SetConfig
 .text.HAL_TIM_ConfigClockSource
                0x080041b0      0x132 ./Drivers/STM32F1xx_HAL_Driver/Src/stm32f1xx_hal_tim.o
                0x080041b0                HAL_TIM_ConfigClockSource
 .text.TIM_CCxChannelCmd
                0x080042e2       0x1c ./Drivers/STM32F1xx_HAL_Driver/Src/stm32f1xx_hal_tim.o
                0x080042e2                TIM_CCxChannelCmd
 *fill*         0x080042fe        0x2 
 .text.HAL_TIM_OC_Start
                0x08004300       0x9c ./Drivers/STM32F1xx_HAL_Driver/Src/stm32f1xx_hal_tim.o
                0x08004300                HAL_TIM_OC_Start
 .text.HAL_TIM_PWM_Start
                0x0800439c        0x4 ./Drivers/STM32F1xx_HAL_Driver/Src/stm32f1xx_hal_tim.o
                0x0800439c                HAL_TIM_PWM_Start
 .text.HAL_TIM_OC_Stop
                0x080043a0       0x74 ./Drivers/STM32F1xx_HAL_Driver/Src/stm32f1xx_hal_tim.o
                0x080043a0                HAL_TIM_OC_Stop
 .text.HAL_TIM_PWM_Stop
                0x08004414        0x4 ./Drivers/STM32F1xx_HAL_Driver/Src/stm32f1xx_hal_tim.o
                0x08004414                HAL_TIM_PWM_Stop
 .text.HAL_TIMEx_MasterConfigSynchronization
                0x08004418       0x5c ./Drivers/STM32F1xx_HAL_Driver/Src/stm32f1xx_hal_tim_ex.o
                0x08004418                HAL_TIMEx_MasterConfigSynchronization
 .text.HAL_TIMEx_ConfigBreakDeadTime
                0x08004474       0x4c ./Drivers/STM32F1xx_HAL_Driver/Src/stm32f1xx_hal_tim_ex.o
                0x08004474                HAL_TIMEx_ConfigBreakDeadTime
 .text.HAL_TIMEx_CommutCallback
                0x080044c0        0x2 ./Drivers/STM32F1xx_HAL_Driver/Src/stm32f1xx_hal_tim_ex.o
                0x080044c0                HAL_TIMEx_CommutCallback
 .text.HAL_TIMEx_BreakCallback
                0x080044c2        0x2 ./Drivers/STM32F1xx_HAL_Driver/Src/stm32f1xx_hal_tim_ex.o
                0x080044c2                HAL_TIMEx_BreakCallback
 .text.UART_EndRxTransfer
                0x080044c4       0x5c ./Drivers/STM32F1xx_HAL_Driver/Src/stm32f1xx_hal_uart.o
 .text.UART_SetConfig
                0x08004520       0x74 ./Drivers/STM32F1xx_HAL_Driver/Src/stm32f1xx_hal_uart.o
 .text.UART_WaitOnFlagUntilTimeout.constprop.0
                0x08004594       0x64 ./Drivers/STM32F1xx_HAL_Driver/Src/stm32f1xx_hal_uart.o
 .text.HAL_UART_Init
                0x080045f8       0x5e ./Drivers/STM32F1xx_HAL_Driver/Src/stm32f1xx_hal_uart.o
                0x080045f8                HAL_UART_Init
 .text.HAL_UART_DeInit
                0x08004656       0x34 ./Drivers/STM32F1xx_HAL_Driver/Src/stm32f1xx_hal_uart.o
                0x08004656                HAL_UART_DeInit
 .text.HAL_UART_Transmit
                0x0800468a       0x9c ./Drivers/STM32F1xx_HAL_Driver/Src/stm32f1xx_hal_uart.o
                0x0800468a                HAL_UART_Transmit
 .text.HAL_UART_Abort
                0x08004726       0xdc ./Drivers/STM32F1xx_HAL_Driver/Src/stm32f1xx_hal_uart.o
                0x08004726                HAL_UART_Abort
 .text.HAL_UART_TxCpltCallback
                0x08004802        0x2 ./Drivers/STM32F1xx_HAL_Driver/Src/stm32f1xx_hal_uart.o
                0x08004802                HAL_UART_TxCpltCallback
 .text.UART_DMAAbortOnError
                0x08004804       0x10 ./Drivers/STM32F1xx_HAL_Driver/Src/stm32f1xx_hal_uart.o
 .text.HAL_UARTEx_RxEventCallback
                0x08004814        0x2 ./Drivers/STM32F1xx_HAL_Driver/Src/stm32f1xx_hal_uart.o
                0x08004814                HAL_UARTEx_RxEventCallback
 .text.UART_Receive_IT.isra.0
                0x08004816       0xb6 ./Drivers/STM32F1xx_HAL_Driver/Src/stm32f1xx_hal_uart.o
 .text.HAL_UART_IRQHandler
                0x080048cc      0x294 ./Drivers/STM32F1xx_HAL_Driver/Src/stm32f1xx_hal_uart.o
                0x080048cc                HAL_UART_IRQHandler
 .text.UART_Start_Receive_IT
                0x08004b60       0x32 ./Drivers/STM32F1xx_HAL_Driver/Src/stm32f1xx_hal_uart.o
                0x08004b60                UART_Start_Receive_IT
 .text.HAL_UART_Receive_IT
                0x08004b92       0x22 ./Drivers/STM32F1xx_HAL_Driver/Src/stm32f1xx_hal_uart.o
                0x08004b92                HAL_UART_Receive_IT
 .text.osKernelInitialize
                0x08004bb4       0x24 ./Middlewares/Third_Party/FreeRTOS/Source/CMSIS_RTOS_V2/cmsis_os2.o
                0x08004bb4                osKernelInitialize
 .text.osKernelStart
                0x08004bd8       0x34 ./Middlewares/Third_Party/FreeRTOS/Source/CMSIS_RTOS_V2/cmsis_os2.o
                0x08004bd8                osKernelStart
 .text.osKernelGetTickCount
                0x08004c0c        0xe ./Middlewares/Third_Party/FreeRTOS/Source/CMSIS_RTOS_V2/cmsis_os2.o
                0x08004c0c                osKernelGetTickCount
 .text.osThreadNew
                0x08004c1a       0x88 ./Middlewares/Third_Party/FreeRTOS/Source/CMSIS_RTOS_V2/cmsis_os2.o
                0x08004c1a                osThreadNew
 .text.osDelay  0x08004ca2       0x18 ./Middlewares/Third_Party/FreeRTOS/Source/CMSIS_RTOS_V2/cmsis_os2.o
                0x08004ca2                osDelay
 .text.osDelayUntil
                0x08004cba       0x2e ./Middlewares/Third_Party/FreeRTOS/Source/CMSIS_RTOS_V2/cmsis_os2.o
                0x08004cba                osDelayUntil
 .text.osMutexAcquire
                0x08004ce8       0x46 ./Middlewares/Third_Party/FreeRTOS/Source/CMSIS_RTOS_V2/cmsis_os2.o
                0x08004ce8                osMutexAcquire
 .text.osMutexRelease
                0x08004d2e       0x3e ./Middlewares/Third_Party/FreeRTOS/Source/CMSIS_RTOS_V2/cmsis_os2.o
                0x08004d2e                osMutexRelease
 .text.vApplicationGetIdleTaskMemory
                0x08004d6c       0x18 ./Middlewares/Third_Party/FreeRTOS/Source/CMSIS_RTOS_V2/cmsis_os2.o
                0x08004d6c                vApplicationGetIdleTaskMemory
 .text.vApplicationGetTimerTaskMemory
                0x08004d84       0x18 ./Middlewares/Third_Party/FreeRTOS/Source/CMSIS_RTOS_V2/cmsis_os2.o
                0x08004d84                vApplicationGetTimerTaskMemory
 .text.vListInitialise
                0x08004d9c       0x16 ./Middlewares/Third_Party/FreeRTOS/Source/list.o
                0x08004d9c                vListInitialise
 .text.vListInitialiseItem
                0x08004db2        0x6 ./Middlewares/Third_Party/FreeRTOS/Source/list.o
                0x08004db2                vListInitialiseItem
 .text.vListInsertEnd
                0x08004db8       0x16 ./Middlewares/Third_Party/FreeRTOS/Source/list.o
                0x08004db8                vListInsertEnd
 .text.vListInsert
                0x08004dce       0x2e ./Middlewares/Third_Party/FreeRTOS/Source/list.o
                0x08004dce                vListInsert
 .text.uxListRemove
                0x08004dfc       0x20 ./Middlewares/Third_Party/FreeRTOS/Source/list.o
                0x08004dfc                uxListRemove
 .text.prvIsQueueEmpty
                0x08004e1c       0x16 ./Middlewares/Third_Party/FreeRTOS/Source/queue.o
 .text.prvCopyDataToQueue
                0x08004e32       0x66 ./Middlewares/Third_Party/FreeRTOS/Source/queue.o
 .text.prvCopyDataFromQueue
                0x08004e98       0x28 ./Middlewares/Third_Party/FreeRTOS/Source/queue.o
 .text.prvUnlockQueue
                0x08004ec0       0x6c ./Middlewares/Third_Party/FreeRTOS/Source/queue.o
 .text.xQueueGenericReset
                0x08004f2c       0x7e ./Middlewares/Third_Party/FreeRTOS/Source/queue.o
                0x08004f2c                xQueueGenericReset
 .text.xQueueGenericCreateStatic
                0x08004faa       0x9c ./Middlewares/Third_Party/FreeRTOS/Source/queue.o
                0x08004faa                xQueueGenericCreateStatic
 .text.xQueueGenericSend
                0x08005046      0x164 ./Middlewares/Third_Party/FreeRTOS/Source/queue.o
                0x08005046                xQueueGenericSend
 .text.xQueueGiveMutexRecursive
                0x080051aa       0x3e ./Middlewares/Third_Party/FreeRTOS/Source/queue.o
                0x080051aa                xQueueGiveMutexRecursive
 .text.xQueueGenericSendFromISR
                0x080051e8       0xba ./Middlewares/Third_Party/FreeRTOS/Source/queue.o
                0x080051e8                xQueueGenericSendFromISR
 .text.xQueueReceive
                0x080052a2      0x13c ./Middlewares/Third_Party/FreeRTOS/Source/queue.o
                0x080052a2                xQueueReceive
 .text.xQueueSemaphoreTake
                0x080053de      0x17a ./Middlewares/Third_Party/FreeRTOS/Source/queue.o
                0x080053de                xQueueSemaphoreTake
 .text.xQueueTakeMutexRecursive
                0x08005558       0x42 ./Middlewares/Third_Party/FreeRTOS/Source/queue.o
                0x08005558                xQueueTakeMutexRecursive
 *fill*         0x0800559a        0x2 
 .text.vQueueAddToRegistry
                0x0800559c       0x24 ./Middlewares/Third_Party/FreeRTOS/Source/queue.o
                0x0800559c                vQueueAddToRegistry
 .text.vQueueWaitForMessageRestricted
                0x080055c0       0x46 ./Middlewares/Third_Party/FreeRTOS/Source/queue.o
                0x080055c0                vQueueWaitForMessageRestricted
 *fill*         0x08005606        0x2 
 .text.prvAddNewTaskToReadyList
                0x08005608      0x100 ./Middlewares/Third_Party/FreeRTOS/Source/tasks.o
 .text.prvAddCurrentTaskToDelayedList
                0x08005708       0x70 ./Middlewares/Third_Party/FreeRTOS/Source/tasks.o
 .text.prvResetNextTaskUnblockTime
                0x08005778       0x24 ./Middlewares/Third_Party/FreeRTOS/Source/tasks.o
 .text.prvDeleteTCB
                0x0800579c       0x36 ./Middlewares/Third_Party/FreeRTOS/Source/tasks.o
 *fill*         0x080057d2        0x2 
 .text.prvIdleTask
                0x080057d4       0x60 ./Middlewares/Third_Party/FreeRTOS/Source/tasks.o
 .text.prvInitialiseNewTask.constprop.0
                0x08005834       0x96 ./Middlewares/Third_Party/FreeRTOS/Source/tasks.o
 .text.xTaskCreateStatic
                0x080058ca       0x70 ./Middlewares/Third_Party/FreeRTOS/Source/tasks.o
                0x080058ca                xTaskCreateStatic
 .text.xTaskCreate
                0x0800593a       0x5c ./Middlewares/Third_Party/FreeRTOS/Source/tasks.o
                0x0800593a                xTaskCreate
 *fill*         0x08005996        0x2 
 .text.vTaskStartScheduler
                0x08005998       0x8c ./Middlewares/Third_Party/FreeRTOS/Source/tasks.o
                0x08005998                vTaskStartScheduler
 .text.vTaskSuspendAll
                0x08005a24       0x10 ./Middlewares/Third_Party/FreeRTOS/Source/tasks.o
                0x08005a24                vTaskSuspendAll
 .text.xTaskGetTickCount
                0x08005a34        0xc ./Middlewares/Third_Party/FreeRTOS/Source/tasks.o
                0x08005a34                xTaskGetTickCount
 .text.xTaskGetTickCountFromISR
                0x08005a40       0x10 ./Middlewares/Third_Party/FreeRTOS/Source/tasks.o
                0x08005a40                xTaskGetTickCountFromISR
 .text.xTaskIncrementTick
                0x08005a50      0x130 ./Middlewares/Third_Party/FreeRTOS/Source/tasks.o
                0x08005a50                xTaskIncrementTick
 .text.xTaskResumeAll
                0x08005b80       0xe8 ./Middlewares/Third_Party/FreeRTOS/Source/tasks.o
                0x08005b80                xTaskResumeAll
 .text.vTaskDelayUntil
                0x08005c68       0x94 ./Middlewares/Third_Party/FreeRTOS/Source/tasks.o
                0x08005c68                vTaskDelayUntil
 .text.vTaskDelay
                0x08005cfc       0x48 ./Middlewares/Third_Party/FreeRTOS/Source/tasks.o
                0x08005cfc                vTaskDelay
 .text.vTaskSwitchContext
                0x08005d44       0x78 ./Middlewares/Third_Party/FreeRTOS/Source/tasks.o
                0x08005d44                vTaskSwitchContext
 .text.vTaskPlaceOnEventList
                0x08005dbc       0x34 ./Middlewares/Third_Party/FreeRTOS/Source/tasks.o
                0x08005dbc                vTaskPlaceOnEventList
 .text.vTaskPlaceOnEventListRestricted
                0x08005df0       0x40 ./Middlewares/Third_Party/FreeRTOS/Source/tasks.o
                0x08005df0                vTaskPlaceOnEventListRestricted
 .text.xTaskRemoveFromEventList
                0x08005e30       0x80 ./Middlewares/Third_Party/FreeRTOS/Source/tasks.o
                0x08005e30                xTaskRemoveFromEventList
 .text.vTaskInternalSetTimeOutState
                0x08005eb0       0x18 ./Middlewares/Third_Party/FreeRTOS/Source/tasks.o
                0x08005eb0                vTaskInternalSetTimeOutState
 .text.xTaskCheckForTimeOut
                0x08005ec8       0x78 ./Middlewares/Third_Party/FreeRTOS/Source/tasks.o
                0x08005ec8                xTaskCheckForTimeOut
 .text.vTaskMissedYield
                0x08005f40        0xc ./Middlewares/Third_Party/FreeRTOS/Source/tasks.o
                0x08005f40                vTaskMissedYield
 .text.xTaskGetCurrentTaskHandle
                0x08005f4c        0xc ./Middlewares/Third_Party/FreeRTOS/Source/tasks.o
                0x08005f4c                xTaskGetCurrentTaskHandle
 .text.xTaskGetSchedulerState
                0x08005f58       0x20 ./Middlewares/Third_Party/FreeRTOS/Source/tasks.o
                0x08005f58                xTaskGetSchedulerState
 .text.xTaskPriorityInherit
                0x08005f78       0x7c ./Middlewares/Third_Party/FreeRTOS/Source/tasks.o
                0x08005f78                xTaskPriorityInherit
 .text.xTaskPriorityDisinherit
                0x08005ff4       0x84 ./Middlewares/Third_Party/FreeRTOS/Source/tasks.o
                0x08005ff4                xTaskPriorityDisinherit
 .text.vTaskPriorityDisinheritAfterTimeout
                0x08006078       0x9c ./Middlewares/Third_Party/FreeRTOS/Source/tasks.o
                0x08006078                vTaskPriorityDisinheritAfterTimeout
 .text.pvTaskIncrementMutexHeldCount
                0x08006114       0x18 ./Middlewares/Third_Party/FreeRTOS/Source/tasks.o
                0x08006114                pvTaskIncrementMutexHeldCount
 .text.prvInsertTimerInActiveList
                0x0800612c       0x3c ./Middlewares/Third_Party/FreeRTOS/Source/timers.o
 .text.prvCheckForValidListAndQueue
                0x08006168       0x68 ./Middlewares/Third_Party/FreeRTOS/Source/timers.o
 .text.xTimerCreateTimerTask
                0x080061d0       0x64 ./Middlewares/Third_Party/FreeRTOS/Source/timers.o
                0x080061d0                xTimerCreateTimerTask
 .text.xTimerGenericCommand
                0x08006234       0x58 ./Middlewares/Third_Party/FreeRTOS/Source/timers.o
                0x08006234                xTimerGenericCommand
 .text.prvSampleTimeNow
                0x0800628c       0xa4 ./Middlewares/Third_Party/FreeRTOS/Source/timers.o
 .text.prvTimerTask
                0x08006330      0x1cc ./Middlewares/Third_Party/FreeRTOS/Source/timers.o
 .text.prvPortStartFirstTask
                0x080064fc       0x20 ./Middlewares/Third_Party/FreeRTOS/Source/portable/GCC/ARM_CM3/port.o
 .text.prvTaskExitError
                0x0800651c       0x40 ./Middlewares/Third_Party/FreeRTOS/Source/portable/GCC/ARM_CM3/port.o
 .text.pxPortInitialiseStack
                0x0800655c       0x24 ./Middlewares/Third_Party/FreeRTOS/Source/portable/GCC/ARM_CM3/port.o
                0x0800655c                pxPortInitialiseStack
 .text.SVC_Handler
                0x08006580       0x24 ./Middlewares/Third_Party/FreeRTOS/Source/portable/GCC/ARM_CM3/port.o
                0x08006580                SVC_Handler
 .text.vPortEnterCritical
                0x080065a4       0x40 ./Middlewares/Third_Party/FreeRTOS/Source/portable/GCC/ARM_CM3/port.o
                0x080065a4                vPortEnterCritical
 .text.vPortExitCritical
                0x080065e4       0x28 ./Middlewares/Third_Party/FreeRTOS/Source/portable/GCC/ARM_CM3/port.o
                0x080065e4                vPortExitCritical
 *fill*         0x0800660c        0x4 
 .text.PendSV_Handler
                0x08006610       0x44 ./Middlewares/Third_Party/FreeRTOS/Source/portable/GCC/ARM_CM3/port.o
                0x08006610                PendSV_Handler
 .text.xPortSysTickHandler
                0x08006654       0x2c ./Middlewares/Third_Party/FreeRTOS/Source/portable/GCC/ARM_CM3/port.o
                0x08006654                xPortSysTickHandler
 .text.vPortSetupTimerInterrupt
                0x08006680       0x24 ./Middlewares/Third_Party/FreeRTOS/Source/portable/GCC/ARM_CM3/port.o
                0x08006680                vPortSetupTimerInterrupt
 .text.xPortStartScheduler
                0x080066a4       0xb0 ./Middlewares/Third_Party/FreeRTOS/Source/portable/GCC/ARM_CM3/port.o
                0x080066a4                xPortStartScheduler
 .text.vPortValidateInterruptPriority
                0x08006754       0x5c ./Middlewares/Third_Party/FreeRTOS/Source/portable/GCC/ARM_CM3/port.o
                0x08006754                vPortValidateInterruptPriority
 .text.prvInsertBlockIntoFreeList
                0x080067b0       0x4c ./Middlewares/Third_Party/FreeRTOS/Source/portable/MemMang/heap_4.o
 .text.pvPortMalloc
                0x080067fc      0x130 ./Middlewares/Third_Party/FreeRTOS/Source/portable/MemMang/heap_4.o
                0x080067fc                pvPortMalloc
 .text.vPortFree
                0x0800692c       0x7c ./Middlewares/Third_Party/FreeRTOS/Source/portable/MemMang/heap_4.o
                0x0800692c                vPortFree
 .text.memset   0x080069a8       0x10 D:/STM32CubeIDE_1.19.0/STM32CubeIDE/plugins/com.st.stm32cube.ide.mcu.externaltools.gnu-tools-for-stm32.13.3.rel1.win32_1.0.0.202411081344/tools/bin/../lib/gcc/arm-none-eabi/13.3.1/../../../../arm-none-eabi/lib/thumb/v7-m/nofp\libc_nano.a(libc_a-memset.o)
                0x080069a8                memset
 .text.__libc_init_array
                0x080069b8       0x48 D:/STM32CubeIDE_1.19.0/STM32CubeIDE/plugins/com.st.stm32cube.ide.mcu.externaltools.gnu-tools-for-stm32.13.3.rel1.win32_1.0.0.202411081344/tools/bin/../lib/gcc/arm-none-eabi/13.3.1/../../../../arm-none-eabi/lib/thumb/v7-m/nofp\libc_nano.a(libc_a-init.o)
                0x080069b8                __libc_init_array
 .text.memcpy   0x08006a00       0x1c D:/STM32CubeIDE_1.19.0/STM32CubeIDE/plugins/com.st.stm32cube.ide.mcu.externaltools.gnu-tools-for-stm32.13.3.rel1.win32_1.0.0.202411081344/tools/bin/../lib/gcc/arm-none-eabi/13.3.1/../../../../arm-none-eabi/lib/thumb/v7-m/nofp\libc_nano.a(libc_a-memcpy-stub.o)
                0x08006a00                memcpy
 *(.glue_7)
 .glue_7        0x08006a1c        0x0 linker stubs
 *(.glue_7t)
 .glue_7t       0x08006a1c        0x0 linker stubs
 *(.eh_frame)
 .eh_frame      0x08006a1c        0x0 D:/STM32CubeIDE_1.19.0/STM32CubeIDE/plugins/com.st.stm32cube.ide.mcu.externaltools.gnu-tools-for-stm32.13.3.rel1.win32_1.0.0.202411081344/tools/bin/../lib/gcc/arm-none-eabi/13.3.1/thumb/v7-m/nofp/crtbegin.o
 *(.init)
 .init          0x08006a1c        0x4 D:/STM32CubeIDE_1.19.0/STM32CubeIDE/plugins/com.st.stm32cube.ide.mcu.externaltools.gnu-tools-for-stm32.13.3.rel1.win32_1.0.0.202411081344/tools/bin/../lib/gcc/arm-none-eabi/13.3.1/thumb/v7-m/nofp/crti.o
                0x08006a1c                _init
 .init          0x08006a20        0x8 D:/STM32CubeIDE_1.19.0/STM32CubeIDE/plugins/com.st.stm32cube.ide.mcu.externaltools.gnu-tools-for-stm32.13.3.rel1.win32_1.0.0.202411081344/tools/bin/../lib/gcc/arm-none-eabi/13.3.1/thumb/v7-m/nofp/crtn.o
 *(.fini)
 .fini          0x08006a28        0x4 D:/STM32CubeIDE_1.19.0/STM32CubeIDE/plugins/com.st.stm32cube.ide.mcu.externaltools.gnu-tools-for-stm32.13.3.rel1.win32_1.0.0.202411081344/tools/bin/../lib/gcc/arm-none-eabi/13.3.1/thumb/v7-m/nofp/crti.o
                0x08006a28                _fini
 .fini          0x08006a2c        0x8 D:/STM32CubeIDE_1.19.0/STM32CubeIDE/plugins/com.st.stm32cube.ide.mcu.externaltools.gnu-tools-for-stm32.13.3.rel1.win32_1.0.0.202411081344/tools/bin/../lib/gcc/arm-none-eabi/13.3.1/thumb/v7-m/nofp/crtn.o
                0x08006a34                        . = ALIGN (0x4)
                0x08006a34                        _etext = .

.vfp11_veneer   0x08006a34        0x0
 .vfp11_veneer  0x08006a34        0x0 linker stubs

.v4_bx          0x08006a34        0x0
 .v4_bx         0x08006a34        0x0 linker stubs

.iplt           0x08006a34        0x0
 .iplt          0x08006a34        0x0 D:/STM32CubeIDE_1.19.0/STM32CubeIDE/plugins/com.st.stm32cube.ide.mcu.externaltools.gnu-tools-for-stm32.13.3.rel1.win32_1.0.0.202411081344/tools/bin/../lib/gcc/arm-none-eabi/13.3.1/thumb/v7-m/nofp/crtbegin.o

.rodata         0x08006a34      0x104
                0x08006a34                        . = ALIGN (0x4)
 *(.rodata)
 *(.rodata*)
 .rodata.str1.1
                0x08006a34       0x38 ./Core/Src/main.o
                                 0x26 (size before relaxing)
 .rodata.VisibleTask_attributes
                0x08006a6c       0x24 ./Core/Src/main.o
                0x08006a6c                VisibleTask_attributes
 .rodata.MotorTask_attributes
                0x08006a90       0x24 ./Core/Src/main.o
                0x08006a90                MotorTask_attributes
 .rodata.UartTask_attributes
                0x08006ab4       0x24 ./Core/Src/main.o
                0x08006ab4                UartTask_attributes
 .rodata.IOTask_attributes
                0x08006ad8       0x24 ./Core/Src/main.o
                0x08006ad8                IOTask_attributes
 .rodata.APBPrescTable
                0x08006afc        0x8 ./Core/Src/system_stm32f1xx.o
                0x08006afc                APBPrescTable
 .rodata.AHBPrescTable
                0x08006b04       0x10 ./Core/Src/system_stm32f1xx.o
                0x08006b04                AHBPrescTable
 .rodata.aPredivFactorTable.0
                0x08006b14        0x2 ./Drivers/STM32F1xx_HAL_Driver/Src/stm32f1xx_hal_rcc.o
 .rodata.aPLLMULFactorTable.1
                0x08006b16       0x10 ./Drivers/STM32F1xx_HAL_Driver/Src/stm32f1xx_hal_rcc.o
 .rodata.aPredivFactorTable.0
                0x08006b26        0x2 ./Drivers/STM32F1xx_HAL_Driver/Src/stm32f1xx_hal_rcc_ex.o
 .rodata.aPLLMULFactorTable.1
                0x08006b28       0x10 ./Drivers/STM32F1xx_HAL_Driver/Src/stm32f1xx_hal_rcc_ex.o
 .rodata.vTaskStartScheduler.str1.1
                0x08006b38        0x5 ./Middlewares/Third_Party/FreeRTOS/Source/tasks.o
 .rodata.prvCheckForValidListAndQueue.str1.1
                0x08006b38        0x5 ./Middlewares/Third_Party/FreeRTOS/Source/timers.o
 .rodata.xTimerCreateTimerTask.str1.1
                0x08006b38        0x8 ./Middlewares/Third_Party/FreeRTOS/Source/timers.o
                0x08006b40                        . = ALIGN (0x4)

.ARM.extab      0x08006b38        0x0
                0x08006b38                        . = ALIGN (0x4)
 *(.ARM.extab* .gnu.linkonce.armextab.*)
                0x08006b38                        . = ALIGN (0x4)

.ARM            0x08006b38        0x0
                0x08006b38                        . = ALIGN (0x4)
                0x08006b38                        __exidx_start = .
 *(.ARM.exidx*)
                0x08006b38                        __exidx_end = .
                0x08006b38                        . = ALIGN (0x4)

.preinit_array  0x08006b38        0x0
                0x08006b38                        . = ALIGN (0x4)
                0x08006b38                        PROVIDE (__preinit_array_start = .)
 *(.preinit_array*)
                0x08006b38                        PROVIDE (__preinit_array_end = .)
                0x08006b38                        . = ALIGN (0x4)

.init_array     0x08006b38        0x4
                0x08006b38                        . = ALIGN (0x4)
                0x08006b38                        PROVIDE (__init_array_start = .)
 *(SORT_BY_NAME(.init_array.*))
 *(.init_array*)
 .init_array    0x08006b38        0x4 D:/STM32CubeIDE_1.19.0/STM32CubeIDE/plugins/com.st.stm32cube.ide.mcu.externaltools.gnu-tools-for-stm32.13.3.rel1.win32_1.0.0.202411081344/tools/bin/../lib/gcc/arm-none-eabi/13.3.1/thumb/v7-m/nofp/crtbegin.o
                0x08006b3c                        PROVIDE (__init_array_end = .)
                0x08006b3c                        . = ALIGN (0x4)

.fini_array     0x08006b3c        0x4
                0x08006b3c                        . = ALIGN (0x4)
                [!provide]                        PROVIDE (__fini_array_start = .)
 *(SORT_BY_NAME(.fini_array.*))
 *(.fini_array*)
 .fini_array    0x08006b3c        0x4 D:/STM32CubeIDE_1.19.0/STM32CubeIDE/plugins/com.st.stm32cube.ide.mcu.externaltools.gnu-tools-for-stm32.13.3.rel1.win32_1.0.0.202411081344/tools/bin/../lib/gcc/arm-none-eabi/13.3.1/thumb/v7-m/nofp/crtbegin.o
                [!provide]                        PROVIDE (__fini_array_end = .)
                0x08006b40                        . = ALIGN (0x4)
                0x08006b40                        _sidata = LOADADDR (.data)

.rel.dyn        0x08006b40        0x0
 .rel.iplt      0x08006b40        0x0 D:/STM32CubeIDE_1.19.0/STM32CubeIDE/plugins/com.st.stm32cube.ide.mcu.externaltools.gnu-tools-for-stm32.13.3.rel1.win32_1.0.0.202411081344/tools/bin/../lib/gcc/arm-none-eabi/13.3.1/thumb/v7-m/nofp/crtbegin.o

.data           0x20000000       0x14 load address 0x08006b40
                0x20000000                        . = ALIGN (0x4)
                0x20000000                        _sdata = .
 *(.data)
 *(.data*)
 .data.current_baudrate
                0x20000000        0x1 ./Core/Src/main.o
                0x20000000                current_baudrate
 *fill*         0x20000001        0x3 
 .data.SystemCoreClock
                0x20000004        0x4 ./Core/Src/system_stm32f1xx.o
                0x20000004                SystemCoreClock
 .data.uwTickFreq
                0x20000008        0x1 ./Drivers/STM32F1xx_HAL_Driver/Src/stm32f1xx_hal.o
                0x20000008                uwTickFreq
 *fill*         0x20000009        0x3 
 .data.uwTickPrio
                0x2000000c        0x4 ./Drivers/STM32F1xx_HAL_Driver/Src/stm32f1xx_hal.o
                0x2000000c                uwTickPrio
 .data.uxCriticalNesting
                0x20000010        0x4 ./Middlewares/Third_Party/FreeRTOS/Source/portable/GCC/ARM_CM3/port.o
 *(.RamFunc)
 *(.RamFunc*)
                0x20000014                        . = ALIGN (0x4)
                0x20000014                        _edata = .

.igot.plt       0x20000014        0x0 load address 0x08006b54
 .igot.plt      0x20000014        0x0 D:/STM32CubeIDE_1.19.0/STM32CubeIDE/plugins/com.st.stm32cube.ide.mcu.externaltools.gnu-tools-for-stm32.13.3.rel1.win32_1.0.0.202411081344/tools/bin/../lib/gcc/arm-none-eabi/13.3.1/thumb/v7-m/nofp/crtbegin.o
                0x20000014                        . = ALIGN (0x4)

.bss            0x20000014     0x1f24 load address 0x08006b54
                0x20000014                        _sbss = .
                0x20000014                        __bss_start__ = _sbss
 *(.bss)
 .bss           0x20000014       0x1c D:/STM32CubeIDE_1.19.0/STM32CubeIDE/plugins/com.st.stm32cube.ide.mcu.externaltools.gnu-tools-for-stm32.13.3.rel1.win32_1.0.0.202411081344/tools/bin/../lib/gcc/arm-none-eabi/13.3.1/thumb/v7-m/nofp/crtbegin.o
 *(.bss*)
 .bss.doutput_state
                0x20000030        0x2 ./Core/Src/DOutput.o
                0x20000030                doutput_state
 *fill*         0x20000032        0x2 
 .bss.m2_motion_state
                0x20000034       0x1c ./Core/Src/MotorControl.o
                0x20000034                m2_motion_state
 .bss.m1_motion_state
                0x20000050       0x1c ./Core/Src/MotorControl.o
                0x20000050                m1_motion_state
 .bss.system    0x2000006c       0x14 ./Core/Src/MotorControl.o
                0x2000006c                system
 .bss.motor2    0x20000080        0xe ./Core/Src/MotorControl.o
                0x20000080                motor2
 .bss.motor1    0x2000008e        0xe ./Core/Src/MotorControl.o
                0x2000008e                motor1
 .bss.last_health_check
                0x2000009c        0x4 ./Core/Src/UartModbus.o
                0x2000009c                last_health_check
 .bss.g_ledIndicator
                0x200000a0        0x1 ./Core/Src/UartModbus.o
                0x200000a0                g_ledIndicator
 .bss.g_receivedIndex
                0x200000a1        0x1 ./Core/Src/UartModbus.o
                0x200000a1                g_receivedIndex
 *fill*         0x200000a2        0x2 
 .bss.g_corruptionCount
                0x200000a4        0x4 ./Core/Src/UartModbus.o
                0x200000a4                g_corruptionCount
 .bss.g_totalReceived
                0x200000a8        0x4 ./Core/Src/UartModbus.o
                0x200000a8                g_totalReceived
 .bss.g_modbusCounter
                0x200000ac        0x4 ./Core/Src/UartModbus.o
                0x200000ac                g_modbusCounter
 .bss.g_taskCounter
                0x200000b0        0x4 ./Core/Src/UartModbus.o
                0x200000b0                g_taskCounter
 .bss.g_discreteInputs
                0x200000b4        0x4 ./Core/Src/UartModbus.o
                0x200000b4                g_discreteInputs
 .bss.g_coils   0x200000b8        0x8 ./Core/Src/UartModbus.o
                0x200000b8                g_coils
 .bss.g_inputRegisters
                0x200000c0        0xa ./Core/Src/UartModbus.o
                0x200000c0                g_inputRegisters
 .bss.g_holdingRegisters
                0x200000ca      0x258 ./Core/Src/UartModbus.o
                0x200000ca                g_holdingRegisters
 .bss.rxByte    0x20000322        0x1 ./Core/Src/UartModbus.o
 *fill*         0x20000323        0x1 
 .bss.g_lastUARTActivity
                0x20000324        0x4 ./Core/Src/UartModbus.o
                0x20000324                g_lastUARTActivity
 .bss.frameReceived
                0x20000328        0x1 ./Core/Src/UartModbus.o
                0x20000328                frameReceived
 .bss.rxIndex   0x20000329        0x1 ./Core/Src/UartModbus.o
                0x20000329                rxIndex
 .bss.rxBuffer  0x2000032a      0x100 ./Core/Src/UartModbus.o
                0x2000032a                rxBuffer
 *fill*         0x2000042a        0x2 
 .bss.modbusTxMutex
                0x2000042c        0x4 ./Core/Src/UartModbus.o
                0x2000042c                modbusTxMutex
 .bss.VisibleTaskHandle
                0x20000430        0x4 ./Core/Src/main.o
                0x20000430                VisibleTaskHandle
 .bss.MotorTaskHandle
                0x20000434        0x4 ./Core/Src/main.o
                0x20000434                MotorTaskHandle
 .bss.UartTaskHandle
                0x20000438        0x4 ./Core/Src/main.o
                0x20000438                UartTaskHandle
 .bss.IOTaskHandle
                0x2000043c        0x4 ./Core/Src/main.o
                0x2000043c                IOTaskHandle
 .bss.PWM_Channel_Flag_2
                0x20000440        0x1 ./Core/Src/main.o
                0x20000440                PWM_Channel_Flag_2
 .bss.PWM_Channel_Flag_1
                0x20000441        0x1 ./Core/Src/main.o
                0x20000441                PWM_Channel_Flag_1
 *fill*         0x20000442        0x2 
 .bss.huart2    0x20000444       0x48 ./Core/Src/main.o
                0x20000444                huart2
 .bss.htim3     0x2000048c       0x48 ./Core/Src/main.o
                0x2000048c                htim3
 .bss.htim2     0x200004d4       0x48 ./Core/Src/main.o
                0x200004d4                htim2
 .bss.htim1     0x2000051c       0x48 ./Core/Src/main.o
                0x2000051c                htim1
 .bss.hi2c1     0x20000564       0x54 ./Core/Src/main.o
                0x20000564                hi2c1
 .bss.hadc1     0x200005b8       0x30 ./Core/Src/main.o
                0x200005b8                hadc1
 .bss.uwTick    0x200005e8        0x4 ./Drivers/STM32F1xx_HAL_Driver/Src/stm32f1xx_hal.o
                0x200005e8                uwTick
 .bss.Timer_Stack.0
                0x200005ec      0x400 ./Middlewares/Third_Party/FreeRTOS/Source/CMSIS_RTOS_V2/cmsis_os2.o
 .bss.Timer_TCB.1
                0x200009ec       0x5c ./Middlewares/Third_Party/FreeRTOS/Source/CMSIS_RTOS_V2/cmsis_os2.o
 .bss.Idle_Stack.2
                0x20000a48      0x200 ./Middlewares/Third_Party/FreeRTOS/Source/CMSIS_RTOS_V2/cmsis_os2.o
 .bss.Idle_TCB.3
                0x20000c48       0x5c ./Middlewares/Third_Party/FreeRTOS/Source/CMSIS_RTOS_V2/cmsis_os2.o
 .bss.KernelState
                0x20000ca4        0x4 ./Middlewares/Third_Party/FreeRTOS/Source/CMSIS_RTOS_V2/cmsis_os2.o
 .bss.xQueueRegistry
                0x20000ca8       0x40 ./Middlewares/Third_Party/FreeRTOS/Source/queue.o
                0x20000ca8                xQueueRegistry
 .bss.uxSchedulerSuspended
                0x20000ce8        0x4 ./Middlewares/Third_Party/FreeRTOS/Source/tasks.o
 .bss.xNextTaskUnblockTime
                0x20000cec        0x4 ./Middlewares/Third_Party/FreeRTOS/Source/tasks.o
 .bss.uxTaskNumber
                0x20000cf0        0x4 ./Middlewares/Third_Party/FreeRTOS/Source/tasks.o
 .bss.xNumOfOverflows
                0x20000cf4        0x4 ./Middlewares/Third_Party/FreeRTOS/Source/tasks.o
 .bss.xYieldPending
                0x20000cf8        0x4 ./Middlewares/Third_Party/FreeRTOS/Source/tasks.o
 .bss.xPendedTicks
                0x20000cfc        0x4 ./Middlewares/Third_Party/FreeRTOS/Source/tasks.o
 .bss.xSchedulerRunning
                0x20000d00        0x4 ./Middlewares/Third_Party/FreeRTOS/Source/tasks.o
 .bss.uxTopReadyPriority
                0x20000d04        0x4 ./Middlewares/Third_Party/FreeRTOS/Source/tasks.o
 .bss.xTickCount
                0x20000d08        0x4 ./Middlewares/Third_Party/FreeRTOS/Source/tasks.o
 .bss.uxCurrentNumberOfTasks
                0x20000d0c        0x4 ./Middlewares/Third_Party/FreeRTOS/Source/tasks.o
 .bss.xSuspendedTaskList
                0x20000d10       0x14 ./Middlewares/Third_Party/FreeRTOS/Source/tasks.o
 .bss.uxDeletedTasksWaitingCleanUp
                0x20000d24        0x4 ./Middlewares/Third_Party/FreeRTOS/Source/tasks.o
 .bss.xTasksWaitingTermination
                0x20000d28       0x14 ./Middlewares/Third_Party/FreeRTOS/Source/tasks.o
 .bss.xPendingReadyList
                0x20000d3c       0x14 ./Middlewares/Third_Party/FreeRTOS/Source/tasks.o
 .bss.pxOverflowDelayedTaskList
                0x20000d50        0x4 ./Middlewares/Third_Party/FreeRTOS/Source/tasks.o
 .bss.pxDelayedTaskList
                0x20000d54        0x4 ./Middlewares/Third_Party/FreeRTOS/Source/tasks.o
 .bss.xDelayedTaskList2
                0x20000d58       0x14 ./Middlewares/Third_Party/FreeRTOS/Source/tasks.o
 .bss.xDelayedTaskList1
                0x20000d6c       0x14 ./Middlewares/Third_Party/FreeRTOS/Source/tasks.o
 .bss.pxReadyTasksLists
                0x20000d80      0x460 ./Middlewares/Third_Party/FreeRTOS/Source/tasks.o
 .bss.pxCurrentTCB
                0x200011e0        0x4 ./Middlewares/Third_Party/FreeRTOS/Source/tasks.o
                0x200011e0                pxCurrentTCB
 .bss.xStaticTimerQueue.0
                0x200011e4       0x50 ./Middlewares/Third_Party/FreeRTOS/Source/timers.o
 .bss.ucStaticTimerQueueStorage.1
                0x20001234       0xa0 ./Middlewares/Third_Party/FreeRTOS/Source/timers.o
 .bss.xLastTime.2
                0x200012d4        0x4 ./Middlewares/Third_Party/FreeRTOS/Source/timers.o
 .bss.xTimerTaskHandle
                0x200012d8        0x4 ./Middlewares/Third_Party/FreeRTOS/Source/timers.o
 .bss.xTimerQueue
                0x200012dc        0x4 ./Middlewares/Third_Party/FreeRTOS/Source/timers.o
 .bss.pxOverflowTimerList
                0x200012e0        0x4 ./Middlewares/Third_Party/FreeRTOS/Source/timers.o
 .bss.pxCurrentTimerList
                0x200012e4        0x4 ./Middlewares/Third_Party/FreeRTOS/Source/timers.o
 .bss.xActiveTimerList2
                0x200012e8       0x14 ./Middlewares/Third_Party/FreeRTOS/Source/timers.o
 .bss.xActiveTimerList1
                0x200012fc       0x14 ./Middlewares/Third_Party/FreeRTOS/Source/timers.o
 .bss.ulMaxPRIGROUPValue
                0x20001310        0x4 ./Middlewares/Third_Party/FreeRTOS/Source/portable/GCC/ARM_CM3/port.o
 .bss.ucMaxSysCallPriority
                0x20001314        0x1 ./Middlewares/Third_Party/FreeRTOS/Source/portable/GCC/ARM_CM3/port.o
 *fill*         0x20001315        0x3 
 .bss.xBlockAllocatedBit
                0x20001318        0x4 ./Middlewares/Third_Party/FreeRTOS/Source/portable/MemMang/heap_4.o
 .bss.xNumberOfSuccessfulFrees
                0x2000131c        0x4 ./Middlewares/Third_Party/FreeRTOS/Source/portable/MemMang/heap_4.o
 .bss.xNumberOfSuccessfulAllocations
                0x20001320        0x4 ./Middlewares/Third_Party/FreeRTOS/Source/portable/MemMang/heap_4.o
 .bss.xMinimumEverFreeBytesRemaining
                0x20001324        0x4 ./Middlewares/Third_Party/FreeRTOS/Source/portable/MemMang/heap_4.o
 .bss.xFreeBytesRemaining
                0x20001328        0x4 ./Middlewares/Third_Party/FreeRTOS/Source/portable/MemMang/heap_4.o
 .bss.pxEnd     0x2000132c        0x4 ./Middlewares/Third_Party/FreeRTOS/Source/portable/MemMang/heap_4.o
 .bss.xStart    0x20001330        0x8 ./Middlewares/Third_Party/FreeRTOS/Source/portable/MemMang/heap_4.o
 .bss.ucHeap    0x20001338      0xc00 ./Middlewares/Third_Party/FreeRTOS/Source/portable/MemMang/heap_4.o
 *(COMMON)
                0x20001f38                        . = ALIGN (0x4)
                0x20001f38                        _ebss = .
                0x20001f38                        __bss_end__ = _ebss

._user_heap_stack
                0x20001f38      0x600 load address 0x08006b54
                0x20001f38                        . = ALIGN (0x8)
                [!provide]                        PROVIDE (end = .)
                0x20001f38                        PROVIDE (_end = .)
                0x20002138                        . = (. + _Min_Heap_Size)
 *fill*         0x20001f38      0x200 
                0x20002538                        . = (. + _Min_Stack_Size)
 *fill*         0x20002138      0x400 
                0x20002538                        . = ALIGN (0x8)

/DISCARD/
 libc.a(*)
 libm.a(*)
 libgcc.a(*)

.ARM.attributes
                0x00000000       0x29
 *(.ARM.attributes)
 .ARM.attributes
                0x00000000       0x1d D:/STM32CubeIDE_1.19.0/STM32CubeIDE/plugins/com.st.stm32cube.ide.mcu.externaltools.gnu-tools-for-stm32.13.3.rel1.win32_1.0.0.202411081344/tools/bin/../lib/gcc/arm-none-eabi/13.3.1/thumb/v7-m/nofp/crti.o
 .ARM.attributes
                0x0000001d       0x2d D:/STM32CubeIDE_1.19.0/STM32CubeIDE/plugins/com.st.stm32cube.ide.mcu.externaltools.gnu-tools-for-stm32.13.3.rel1.win32_1.0.0.202411081344/tools/bin/../lib/gcc/arm-none-eabi/13.3.1/thumb/v7-m/nofp/crtbegin.o
 .ARM.attributes
                0x0000004a       0x2d ./Core/Src/DInput.o
 .ARM.attributes
                0x00000077       0x2d ./Core/Src/DOutput.o
 .ARM.attributes
                0x000000a4       0x2d ./Core/Src/MotorControl.o
 .ARM.attributes
                0x000000d1       0x2d ./Core/Src/UartModbus.o
 .ARM.attributes
                0x000000fe       0x2d ./Core/Src/main.o
 .ARM.attributes
                0x0000012b       0x2d ./Core/Src/stm32f1xx_hal_msp.o
 .ARM.attributes
                0x00000158       0x2d ./Core/Src/stm32f1xx_it.o
 .ARM.attributes
                0x00000185       0x2d ./Core/Src/system_stm32f1xx.o
 .ARM.attributes
                0x000001b2       0x21 ./Core/Startup/startup_stm32f103c8tx.o
 .ARM.attributes
                0x000001d3       0x2d ./Drivers/STM32F1xx_HAL_Driver/Src/stm32f1xx_hal.o
 .ARM.attributes
                0x00000200       0x2d ./Drivers/STM32F1xx_HAL_Driver/Src/stm32f1xx_hal_adc.o
 .ARM.attributes
                0x0000022d       0x2d ./Drivers/STM32F1xx_HAL_Driver/Src/stm32f1xx_hal_cortex.o
 .ARM.attributes
                0x0000025a       0x2d ./Drivers/STM32F1xx_HAL_Driver/Src/stm32f1xx_hal_dma.o
 .ARM.attributes
                0x00000287       0x2d ./Drivers/STM32F1xx_HAL_Driver/Src/stm32f1xx_hal_gpio.o
 .ARM.attributes
                0x000002b4       0x2d ./Drivers/STM32F1xx_HAL_Driver/Src/stm32f1xx_hal_i2c.o
 .ARM.attributes
                0x000002e1       0x2d ./Drivers/STM32F1xx_HAL_Driver/Src/stm32f1xx_hal_rcc.o
 .ARM.attributes
                0x0000030e       0x2d ./Drivers/STM32F1xx_HAL_Driver/Src/stm32f1xx_hal_rcc_ex.o
 .ARM.attributes
                0x0000033b       0x2d ./Drivers/STM32F1xx_HAL_Driver/Src/stm32f1xx_hal_tim.o
 .ARM.attributes
                0x00000368       0x2d ./Drivers/STM32F1xx_HAL_Driver/Src/stm32f1xx_hal_tim_ex.o
 .ARM.attributes
                0x00000395       0x2d ./Drivers/STM32F1xx_HAL_Driver/Src/stm32f1xx_hal_uart.o
 .ARM.attributes
                0x000003c2       0x2d ./Middlewares/Third_Party/FreeRTOS/Source/CMSIS_RTOS_V2/cmsis_os2.o
 .ARM.attributes
                0x000003ef       0x2d ./Middlewares/Third_Party/FreeRTOS/Source/list.o
 .ARM.attributes
                0x0000041c       0x2d ./Middlewares/Third_Party/FreeRTOS/Source/queue.o
 .ARM.attributes
                0x00000449       0x2d ./Middlewares/Third_Party/FreeRTOS/Source/tasks.o
 .ARM.attributes
                0x00000476       0x2d ./Middlewares/Third_Party/FreeRTOS/Source/timers.o
 .ARM.attributes
                0x000004a3       0x2d ./Middlewares/Third_Party/FreeRTOS/Source/portable/GCC/ARM_CM3/port.o
 .ARM.attributes
                0x000004d0       0x2d ./Middlewares/Third_Party/FreeRTOS/Source/portable/MemMang/heap_4.o
 .ARM.attributes
                0x000004fd       0x2d D:/STM32CubeIDE_1.19.0/STM32CubeIDE/plugins/com.st.stm32cube.ide.mcu.externaltools.gnu-tools-for-stm32.13.3.rel1.win32_1.0.0.202411081344/tools/bin/../lib/gcc/arm-none-eabi/13.3.1/../../../../arm-none-eabi/lib/thumb/v7-m/nofp\libc_nano.a(libc_a-memset.o)
 .ARM.attributes
                0x0000052a       0x2d D:/STM32CubeIDE_1.19.0/STM32CubeIDE/plugins/com.st.stm32cube.ide.mcu.externaltools.gnu-tools-for-stm32.13.3.rel1.win32_1.0.0.202411081344/tools/bin/../lib/gcc/arm-none-eabi/13.3.1/../../../../arm-none-eabi/lib/thumb/v7-m/nofp\libc_nano.a(libc_a-init.o)
 .ARM.attributes
                0x00000557       0x2d D:/STM32CubeIDE_1.19.0/STM32CubeIDE/plugins/com.st.stm32cube.ide.mcu.externaltools.gnu-tools-for-stm32.13.3.rel1.win32_1.0.0.202411081344/tools/bin/../lib/gcc/arm-none-eabi/13.3.1/../../../../arm-none-eabi/lib/thumb/v7-m/nofp\libc_nano.a(libc_a-memcpy-stub.o)
 .ARM.attributes
                0x00000584       0x1d D:/STM32CubeIDE_1.19.0/STM32CubeIDE/plugins/com.st.stm32cube.ide.mcu.externaltools.gnu-tools-for-stm32.13.3.rel1.win32_1.0.0.202411081344/tools/bin/../lib/gcc/arm-none-eabi/13.3.1/thumb/v7-m/nofp\libgcc.a(_arm_addsubsf3.o)
 .ARM.attributes
                0x000005a1       0x1d D:/STM32CubeIDE_1.19.0/STM32CubeIDE/plugins/com.st.stm32cube.ide.mcu.externaltools.gnu-tools-for-stm32.13.3.rel1.win32_1.0.0.202411081344/tools/bin/../lib/gcc/arm-none-eabi/13.3.1/thumb/v7-m/nofp\libgcc.a(_arm_muldivsf3.o)
 .ARM.attributes
                0x000005be       0x1d D:/STM32CubeIDE_1.19.0/STM32CubeIDE/plugins/com.st.stm32cube.ide.mcu.externaltools.gnu-tools-for-stm32.13.3.rel1.win32_1.0.0.202411081344/tools/bin/../lib/gcc/arm-none-eabi/13.3.1/thumb/v7-m/nofp\libgcc.a(_arm_cmpsf2.o)
 .ARM.attributes
                0x000005db       0x1d D:/STM32CubeIDE_1.19.0/STM32CubeIDE/plugins/com.st.stm32cube.ide.mcu.externaltools.gnu-tools-for-stm32.13.3.rel1.win32_1.0.0.202411081344/tools/bin/../lib/gcc/arm-none-eabi/13.3.1/thumb/v7-m/nofp\libgcc.a(_arm_fixunssfsi.o)
 .ARM.attributes
                0x000005f8       0x1d D:/STM32CubeIDE_1.19.0/STM32CubeIDE/plugins/com.st.stm32cube.ide.mcu.externaltools.gnu-tools-for-stm32.13.3.rel1.win32_1.0.0.202411081344/tools/bin/../lib/gcc/arm-none-eabi/13.3.1/thumb/v7-m/nofp/crtn.o
OUTPUT(Step_Module.elf elf32-littlearm)
LOAD linker stubs
LOAD D:/STM32CubeIDE_1.19.0/STM32CubeIDE/plugins/com.st.stm32cube.ide.mcu.externaltools.gnu-tools-for-stm32.13.3.rel1.win32_1.0.0.202411081344/tools/bin/../lib/gcc/arm-none-eabi/13.3.1/../../../../arm-none-eabi/lib/thumb/v7-m/nofp\libc.a
LOAD D:/STM32CubeIDE_1.19.0/STM32CubeIDE/plugins/com.st.stm32cube.ide.mcu.externaltools.gnu-tools-for-stm32.13.3.rel1.win32_1.0.0.202411081344/tools/bin/../lib/gcc/arm-none-eabi/13.3.1/../../../../arm-none-eabi/lib/thumb/v7-m/nofp\libm.a
LOAD D:/STM32CubeIDE_1.19.0/STM32CubeIDE/plugins/com.st.stm32cube.ide.mcu.externaltools.gnu-tools-for-stm32.13.3.rel1.win32_1.0.0.202411081344/tools/bin/../lib/gcc/arm-none-eabi/13.3.1/thumb/v7-m/nofp\libgcc.a

.comment        0x00000000       0x43
 .comment       0x00000000       0x43 ./Core/Src/DInput.o
                                 0x44 (size before relaxing)
 .comment       0x00000043       0x44 ./Core/Src/DOutput.o
 .comment       0x00000043       0x44 ./Core/Src/MotorControl.o
 .comment       0x00000043       0x44 ./Core/Src/UartModbus.o
 .comment       0x00000043       0x44 ./Core/Src/main.o
 .comment       0x00000043       0x44 ./Core/Src/stm32f1xx_hal_msp.o
 .comment       0x00000043       0x44 ./Core/Src/stm32f1xx_it.o
 .comment       0x00000043       0x44 ./Core/Src/system_stm32f1xx.o
 .comment       0x00000043       0x44 ./Drivers/STM32F1xx_HAL_Driver/Src/stm32f1xx_hal.o
 .comment       0x00000043       0x44 ./Drivers/STM32F1xx_HAL_Driver/Src/stm32f1xx_hal_adc.o
 .comment       0x00000043       0x44 ./Drivers/STM32F1xx_HAL_Driver/Src/stm32f1xx_hal_cortex.o
 .comment       0x00000043       0x44 ./Drivers/STM32F1xx_HAL_Driver/Src/stm32f1xx_hal_dma.o
 .comment       0x00000043       0x44 ./Drivers/STM32F1xx_HAL_Driver/Src/stm32f1xx_hal_gpio.o
 .comment       0x00000043       0x44 ./Drivers/STM32F1xx_HAL_Driver/Src/stm32f1xx_hal_i2c.o
 .comment       0x00000043       0x44 ./Drivers/STM32F1xx_HAL_Driver/Src/stm32f1xx_hal_rcc.o
 .comment       0x00000043       0x44 ./Drivers/STM32F1xx_HAL_Driver/Src/stm32f1xx_hal_rcc_ex.o
 .comment       0x00000043       0x44 ./Drivers/STM32F1xx_HAL_Driver/Src/stm32f1xx_hal_tim.o
 .comment       0x00000043       0x44 ./Drivers/STM32F1xx_HAL_Driver/Src/stm32f1xx_hal_tim_ex.o
 .comment       0x00000043       0x44 ./Drivers/STM32F1xx_HAL_Driver/Src/stm32f1xx_hal_uart.o
 .comment       0x00000043       0x44 ./Middlewares/Third_Party/FreeRTOS/Source/CMSIS_RTOS_V2/cmsis_os2.o
 .comment       0x00000043       0x44 ./Middlewares/Third_Party/FreeRTOS/Source/list.o
 .comment       0x00000043       0x44 ./Middlewares/Third_Party/FreeRTOS/Source/queue.o
 .comment       0x00000043       0x44 ./Middlewares/Third_Party/FreeRTOS/Source/tasks.o
 .comment       0x00000043       0x44 ./Middlewares/Third_Party/FreeRTOS/Source/timers.o
 .comment       0x00000043       0x44 ./Middlewares/Third_Party/FreeRTOS/Source/portable/GCC/ARM_CM3/port.o
 .comment       0x00000043       0x44 ./Middlewares/Third_Party/FreeRTOS/Source/portable/MemMang/heap_4.o

.debug_frame    0x00000000      0x1e4
 .debug_frame   0x00000000       0x20 D:/STM32CubeIDE_1.19.0/STM32CubeIDE/plugins/com.st.stm32cube.ide.mcu.externaltools.gnu-tools-for-stm32.13.3.rel1.win32_1.0.0.202411081344/tools/bin/../lib/gcc/arm-none-eabi/13.3.1/../../../../arm-none-eabi/lib/thumb/v7-m/nofp\libc_nano.a(libc_a-memset.o)
 .debug_frame   0x00000020       0x2c D:/STM32CubeIDE_1.19.0/STM32CubeIDE/plugins/com.st.stm32cube.ide.mcu.externaltools.gnu-tools-for-stm32.13.3.rel1.win32_1.0.0.202411081344/tools/bin/../lib/gcc/arm-none-eabi/13.3.1/../../../../arm-none-eabi/lib/thumb/v7-m/nofp\libc_nano.a(libc_a-init.o)
 .debug_frame   0x0000004c       0x28 D:/STM32CubeIDE_1.19.0/STM32CubeIDE/plugins/com.st.stm32cube.ide.mcu.externaltools.gnu-tools-for-stm32.13.3.rel1.win32_1.0.0.202411081344/tools/bin/../lib/gcc/arm-none-eabi/13.3.1/../../../../arm-none-eabi/lib/thumb/v7-m/nofp\libc_nano.a(libc_a-memcpy-stub.o)
 .debug_frame   0x00000074       0x4c D:/STM32CubeIDE_1.19.0/STM32CubeIDE/plugins/com.st.stm32cube.ide.mcu.externaltools.gnu-tools-for-stm32.13.3.rel1.win32_1.0.0.202411081344/tools/bin/../lib/gcc/arm-none-eabi/13.3.1/thumb/v7-m/nofp\libgcc.a(_arm_addsubsf3.o)
 .debug_frame   0x000000c0       0x38 D:/STM32CubeIDE_1.19.0/STM32CubeIDE/plugins/com.st.stm32cube.ide.mcu.externaltools.gnu-tools-for-stm32.13.3.rel1.win32_1.0.0.202411081344/tools/bin/../lib/gcc/arm-none-eabi/13.3.1/thumb/v7-m/nofp\libgcc.a(_arm_muldivsf3.o)
 .debug_frame   0x000000f8       0xc8 D:/STM32CubeIDE_1.19.0/STM32CubeIDE/plugins/com.st.stm32cube.ide.mcu.externaltools.gnu-tools-for-stm32.13.3.rel1.win32_1.0.0.202411081344/tools/bin/../lib/gcc/arm-none-eabi/13.3.1/thumb/v7-m/nofp\libgcc.a(_arm_cmpsf2.o)
 .debug_frame   0x000001c0       0x24 D:/STM32CubeIDE_1.19.0/STM32CubeIDE/plugins/com.st.stm32cube.ide.mcu.externaltools.gnu-tools-for-stm32.13.3.rel1.win32_1.0.0.202411081344/tools/bin/../lib/gcc/arm-none-eabi/13.3.1/thumb/v7-m/nofp\libgcc.a(_arm_fixunssfsi.o)
