Archive member included to satisfy reference by file (symbol)

D:/STM32CubeIDE_1.19.0/STM32CubeIDE/plugins/com.st.stm32cube.ide.mcu.externaltools.gnu-tools-for-stm32.13.3.rel1.win32_1.0.0.202411081344/tools/bin/../lib/gcc/arm-none-eabi/13.3.1/../../../../arm-none-eabi/lib/thumb/v7-m/nofp\libc_nano.a(libc_a-exit.o)
                              D:/STM32CubeIDE_1.19.0/STM32CubeIDE/plugins/com.st.stm32cube.ide.mcu.externaltools.gnu-tools-for-stm32.13.3.rel1.win32_1.0.0.202411081344/tools/bin/../lib/gcc/arm-none-eabi/13.3.1/../../../../arm-none-eabi/lib/thumb/v7-m/nofp/crt0.o (exit)
D:/STM32CubeIDE_1.19.0/STM32CubeIDE/plugins/com.st.stm32cube.ide.mcu.externaltools.gnu-tools-for-stm32.13.3.rel1.win32_1.0.0.202411081344/tools/bin/../lib/gcc/arm-none-eabi/13.3.1/../../../../arm-none-eabi/lib/thumb/v7-m/nofp\libc_nano.a(libc_a-findfp.o)
                              D:/STM32CubeIDE_1.19.0/STM32CubeIDE/plugins/com.st.stm32cube.ide.mcu.externaltools.gnu-tools-for-stm32.13.3.rel1.win32_1.0.0.202411081344/tools/bin/../lib/gcc/arm-none-eabi/13.3.1/../../../../arm-none-eabi/lib/thumb/v7-m/nofp\libc_nano.a(libc_a-exit.o) (__stdio_exit_handler)
D:/STM32CubeIDE_1.19.0/STM32CubeIDE/plugins/com.st.stm32cube.ide.mcu.externaltools.gnu-tools-for-stm32.13.3.rel1.win32_1.0.0.202411081344/tools/bin/../lib/gcc/arm-none-eabi/13.3.1/../../../../arm-none-eabi/lib/thumb/v7-m/nofp\libc_nano.a(libc_a-fwalk.o)
                              D:/STM32CubeIDE_1.19.0/STM32CubeIDE/plugins/com.st.stm32cube.ide.mcu.externaltools.gnu-tools-for-stm32.13.3.rel1.win32_1.0.0.202411081344/tools/bin/../lib/gcc/arm-none-eabi/13.3.1/../../../../arm-none-eabi/lib/thumb/v7-m/nofp\libc_nano.a(libc_a-findfp.o) (_fwalk_sglue)
D:/STM32CubeIDE_1.19.0/STM32CubeIDE/plugins/com.st.stm32cube.ide.mcu.externaltools.gnu-tools-for-stm32.13.3.rel1.win32_1.0.0.202411081344/tools/bin/../lib/gcc/arm-none-eabi/13.3.1/../../../../arm-none-eabi/lib/thumb/v7-m/nofp\libc_nano.a(libc_a-stdio.o)
                              D:/STM32CubeIDE_1.19.0/STM32CubeIDE/plugins/com.st.stm32cube.ide.mcu.externaltools.gnu-tools-for-stm32.13.3.rel1.win32_1.0.0.202411081344/tools/bin/../lib/gcc/arm-none-eabi/13.3.1/../../../../arm-none-eabi/lib/thumb/v7-m/nofp\libc_nano.a(libc_a-findfp.o) (__sread)
D:/STM32CubeIDE_1.19.0/STM32CubeIDE/plugins/com.st.stm32cube.ide.mcu.externaltools.gnu-tools-for-stm32.13.3.rel1.win32_1.0.0.202411081344/tools/bin/../lib/gcc/arm-none-eabi/13.3.1/../../../../arm-none-eabi/lib/thumb/v7-m/nofp\libc_nano.a(libc_a-memset.o)
                              D:/STM32CubeIDE_1.19.0/STM32CubeIDE/plugins/com.st.stm32cube.ide.mcu.externaltools.gnu-tools-for-stm32.13.3.rel1.win32_1.0.0.202411081344/tools/bin/../lib/gcc/arm-none-eabi/13.3.1/../../../../arm-none-eabi/lib/thumb/v7-m/nofp/crt0.o (memset)
D:/STM32CubeIDE_1.19.0/STM32CubeIDE/plugins/com.st.stm32cube.ide.mcu.externaltools.gnu-tools-for-stm32.13.3.rel1.win32_1.0.0.202411081344/tools/bin/../lib/gcc/arm-none-eabi/13.3.1/../../../../arm-none-eabi/lib/thumb/v7-m/nofp\libc_nano.a(libc_a-closer.o)
                              D:/STM32CubeIDE_1.19.0/STM32CubeIDE/plugins/com.st.stm32cube.ide.mcu.externaltools.gnu-tools-for-stm32.13.3.rel1.win32_1.0.0.202411081344/tools/bin/../lib/gcc/arm-none-eabi/13.3.1/../../../../arm-none-eabi/lib/thumb/v7-m/nofp\libc_nano.a(libc_a-stdio.o) (_close_r)
D:/STM32CubeIDE_1.19.0/STM32CubeIDE/plugins/com.st.stm32cube.ide.mcu.externaltools.gnu-tools-for-stm32.13.3.rel1.win32_1.0.0.202411081344/tools/bin/../lib/gcc/arm-none-eabi/13.3.1/../../../../arm-none-eabi/lib/thumb/v7-m/nofp\libc_nano.a(libc_a-reent.o)
                              D:/STM32CubeIDE_1.19.0/STM32CubeIDE/plugins/com.st.stm32cube.ide.mcu.externaltools.gnu-tools-for-stm32.13.3.rel1.win32_1.0.0.202411081344/tools/bin/../lib/gcc/arm-none-eabi/13.3.1/../../../../arm-none-eabi/lib/thumb/v7-m/nofp\libc_nano.a(libc_a-closer.o) (errno)
D:/STM32CubeIDE_1.19.0/STM32CubeIDE/plugins/com.st.stm32cube.ide.mcu.externaltools.gnu-tools-for-stm32.13.3.rel1.win32_1.0.0.202411081344/tools/bin/../lib/gcc/arm-none-eabi/13.3.1/../../../../arm-none-eabi/lib/thumb/v7-m/nofp\libc_nano.a(libc_a-impure.o)
                              D:/STM32CubeIDE_1.19.0/STM32CubeIDE/plugins/com.st.stm32cube.ide.mcu.externaltools.gnu-tools-for-stm32.13.3.rel1.win32_1.0.0.202411081344/tools/bin/../lib/gcc/arm-none-eabi/13.3.1/../../../../arm-none-eabi/lib/thumb/v7-m/nofp\libc_nano.a(libc_a-reent.o) (_impure_ptr)
D:/STM32CubeIDE_1.19.0/STM32CubeIDE/plugins/com.st.stm32cube.ide.mcu.externaltools.gnu-tools-for-stm32.13.3.rel1.win32_1.0.0.202411081344/tools/bin/../lib/gcc/arm-none-eabi/13.3.1/../../../../arm-none-eabi/lib/thumb/v7-m/nofp\libc_nano.a(libc_a-lseekr.o)
                              D:/STM32CubeIDE_1.19.0/STM32CubeIDE/plugins/com.st.stm32cube.ide.mcu.externaltools.gnu-tools-for-stm32.13.3.rel1.win32_1.0.0.202411081344/tools/bin/../lib/gcc/arm-none-eabi/13.3.1/../../../../arm-none-eabi/lib/thumb/v7-m/nofp\libc_nano.a(libc_a-stdio.o) (_lseek_r)
[...]
Memory Configuration

Name             Origin             Length             Attributes
RAM              0x20000000         0x00005000         xrw
FLASH            0x08000000         0x00010000         xr
*default*        0x00000000         0xffffffff

Linker script and memory map

LOAD D:/STM32CubeIDE_1.19.0/STM32CubeIDE/plugins/com.st.stm32cube.ide.mcu.externaltools.gnu-tools-for-stm32.13.3.rel1.win32_1.0.0.202411081344/tools/bin/../lib/gcc/arm-none-eabi/13.3.1/thumb/v7-m/nofp/crti.o
LOAD D:/STM32CubeIDE_1.19.0/STM32CubeIDE/plugins/com.st.stm32cube.ide.mcu.externaltools.gnu-tools-for-stm32.13.3.rel1.win32_1.0.0.202411081344/tools/bin/../lib/gcc/arm-none-eabi/13.3.1/thumb/v7-m/nofp/crtbegin.o
LOAD D:/STM32CubeIDE_1.19.0/STM32CubeIDE/plugins/com.st.stm32cube.ide.mcu.externaltools.gnu-tools-for-stm32.13.3.rel1.win32_1.0.0.202411081344/tools/bin/../lib/gcc/arm-none-eabi/13.3.1/../../../../arm-none-eabi/lib/thumb/v7-m/nofp/crt0.o
LOAD ./Core/Src/DInput.o
LOAD ./Core/Src/DOutput.o
LOAD ./Core/Src/Encoder.o
LOAD ./Core/Src/MotorControl.o
LOAD ./Core/Src/UartModbus.o
LOAD ./Core/Src/Visible.o
LOAD ./Core/Src/freertos.o
LOAD ./Core/Src/main.o
LOAD ./Core/Src/stm32f1xx_hal_msp.o
LOAD ./Core/Src/stm32f1xx_it.o
LOAD ./Core/Src/syscalls.o
LOAD ./Core/Src/sysmem.o
LOAD ./Core/Src/system_stm32f1xx.o
LOAD ./Core/Startup/startup_stm32f103c8tx.o
LOAD ./Drivers/STM32F1xx_HAL_Driver/Src/stm32f1xx_hal.o
LOAD ./Drivers/STM32F1xx_HAL_Driver/Src/stm32f1xx_hal_cortex.o
LOAD ./Drivers/STM32F1xx_HAL_Driver/Src/stm32f1xx_hal_dma.o
LOAD ./Drivers/STM32F1xx_HAL_Driver/Src/stm32f1xx_hal_exti.o
LOAD ./Drivers/STM32F1xx_HAL_Driver/Src/stm32f1xx_hal_flash.o
LOAD ./Drivers/STM32F1xx_HAL_Driver/Src/stm32f1xx_hal_flash_ex.o
LOAD ./Drivers/STM32F1xx_HAL_Driver/Src/stm32f1xx_hal_gpio.o
LOAD ./Drivers/STM32F1xx_HAL_Driver/Src/stm32f1xx_hal_gpio_ex.o
LOAD ./Drivers/STM32F1xx_HAL_Driver/Src/stm32f1xx_hal_i2c.o
LOAD ./Drivers/STM32F1xx_HAL_Driver/Src/stm32f1xx_hal_pwr.o
LOAD ./Drivers/STM32F1xx_HAL_Driver/Src/stm32f1xx_hal_rcc.o
LOAD ./Drivers/STM32F1xx_HAL_Driver/Src/stm32f1xx_hal_rcc_ex.o
LOAD ./Drivers/STM32F1xx_HAL_Driver/Src/stm32f1xx_hal_tim.o
LOAD ./Drivers/STM32F1xx_HAL_Driver/Src/stm32f1xx_hal_tim_ex.o
LOAD ./Drivers/STM32F1xx_HAL_Driver/Src/stm32f1xx_hal_uart.o
LOAD ./Middlewares/Third_Party/FreeRTOS/Source/CMSIS_RTOS_V2/cmsis_os2.o
LOAD ./Middlewares/Third_Party/FreeRTOS/Source/croutine.o
LOAD ./Middlewares/Third_Party/FreeRTOS/Source/event_groups.o
LOAD ./Middlewares/Third_Party/FreeRTOS/Source/list.o
LOAD ./Middlewares/Third_Party/FreeRTOS/Source/queue.o
LOAD ./Middlewares/Third_Party/FreeRTOS/Source/stream_buffer.o
LOAD ./Middlewares/Third_Party/FreeRTOS/Source/tasks.o
LOAD ./Middlewares/Third_Party/FreeRTOS/Source/timers.o
LOAD ./Middlewares/Third_Party/FreeRTOS/Source/portable/GCC/ARM_CM3/port.o
LOAD ./Middlewares/Third_Party/FreeRTOS/Source/portable/MemMang/heap_4.o
START GROUP
LOAD D:/STM32CubeIDE_1.19.0/STM32CubeIDE/plugins/com.st.stm32cube.ide.mcu.externaltools.gnu-tools-for-stm32.13.3.rel1.win32_1.0.0.202411081344/tools/bin/../lib/gcc/arm-none-eabi/13.3.1/../../../../arm-none-eabi/lib/thumb/v7-m/nofp\libc_nano.a
LOAD D:/STM32CubeIDE_1.19.0/STM32CubeIDE/plugins/com.st.stm32cube.ide.mcu.externaltools.gnu-tools-for-stm32.13.3.rel1.win32_1.0.0.202411081344/tools/bin/../lib/gcc/arm-none-eabi/13.3.1/../../../../arm-none-eabi/lib/thumb/v7-m/nofp\libm.a
END GROUP
START GROUP
LOAD D:/STM32CubeIDE_1.19.0/STM32CubeIDE/plugins/com.st.stm32cube.ide.mcu.externaltools.gnu-tools-for-stm32.13.3.rel1.win32_1.0.0.202411081344/tools/bin/../lib/gcc/arm-none-eabi/13.3.1/thumb/v7-m/nofp\libgcc.a
LOAD D:/STM32CubeIDE_1.19.0/STM32CubeIDE/plugins/com.st.stm32cube.ide.mcu.externaltools.gnu-tools-for-stm32.13.3.rel1.win32_1.0.0.202411081344/tools/bin/../lib/gcc/arm-none-eabi/13.3.1/../../../../arm-none-eabi/lib/thumb/v7-m/nofp\libc_nano.a
END GROUP
START GROUP
LOAD D:/STM32CubeIDE_1.19.0/STM32CubeIDE/plugins/com.st.stm32cube.ide.mcu.externaltools.gnu-tools-for-stm32.13.3.rel1.win32_1.0.0.202411081344/tools/bin/../lib/gcc/arm-none-eabi/13.3.1/thumb/v7-m/nofp\libgcc.a
LOAD D:/STM32CubeIDE_1.19.0/STM32CubeIDE/plugins/com.st.stm32cube.ide.mcu.externaltools.gnu-tools-for-stm32.13.3.rel1.win32_1.0.0.202411081344/tools/bin/../lib/gcc/arm-none-eabi/13.3.1/../../../../arm-none-eabi/lib/thumb/v7-m/nofp\libc_nano.a
LOAD D:/STM32CubeIDE_1.19.0/STM32CubeIDE/plugins/com.st.stm32cube.ide.mcu.externaltools.gnu-tools-for-stm32.13.3.rel1.win32_1.0.0.202411081344/tools/bin/../lib/gcc/arm-none-eabi/13.3.1/../../../../arm-none-eabi/lib/thumb/v7-m/nofp\libnosys.a
END GROUP
START GROUP
LOAD D:/STM32CubeIDE_1.19.0/STM32CubeIDE/plugins/com.st.stm32cube.ide.mcu.externaltools.gnu-tools-for-stm32.13.3.rel1.win32_1.0.0.202411081344/tools/bin/../lib/gcc/arm-none-eabi/13.3.1/thumb/v7-m/nofp\libgcc.a
LOAD D:/STM32CubeIDE_1.19.0/STM32CubeIDE/plugins/com.st.stm32cube.ide.mcu.externaltools.gnu-tools-for-stm32.13.3.rel1.win32_1.0.0.202411081344/tools/bin/../lib/gcc/arm-none-eabi/13.3.1/../../../../arm-none-eabi/lib/thumb/v7-m/nofp\libc_nano.a
LOAD D:/STM32CubeIDE_1.19.0/STM32CubeIDE/plugins/com.st.stm32cube.ide.mcu.externaltools.gnu-tools-for-stm32.13.3.rel1.win32_1.0.0.202411081344/tools/bin/../lib/gcc/arm-none-eabi/13.3.1/../../../../arm-none-eabi/lib/thumb/v7-m/nofp\libnosys.a
END GROUP
LOAD D:/STM32CubeIDE_1.19.0/STM32CubeIDE/plugins/com.st.stm32cube.ide.mcu.externaltools.gnu-tools-for-stm32.13.3.rel1.win32_1.0.0.202411081344/tools/bin/../lib/gcc/arm-none-eabi/13.3.1/thumb/v7-m/nofp/crtend.o
LOAD D:/STM32CubeIDE_1.19.0/STM32CubeIDE/plugins/com.st.stm32cube.ide.mcu.externaltools.gnu-tools-for-stm32.13.3.rel1.win32_1.0.0.202411081344/tools/bin/../lib/gcc/arm-none-eabi/13.3.1/thumb/v7-m/nofp/crtn.o
                0x20005000                        _estack = (ORIGIN (RAM) + LENGTH (RAM))
                0x00000200                        _Min_Heap_Size = 0x200
                0x00000400                        _Min_Stack_Size = 0x400

.isr_vector     0x08000000      0x10c
                0x08000000                        . = ALIGN (0x4)
 *(.isr_vector)
 .isr_vector    0x08000000      0x10c ./Core/Startup/startup_stm32f103c8tx.o
                0x08000000                g_pfnVectors
                0x0800010c                        . = ALIGN (0x4)

.text           0x08000110     0x6734
                0x08000110                        . = ALIGN (0x4)
 *(.text)
 .text          0x08000110       0x40 D:/STM32CubeIDE_1.19.0/STM32CubeIDE/plugins/com.st.stm32cube.ide.mcu.externaltools.gnu-tools-for-stm32.13.3.rel1.win32_1.0.0.202411081344/tools/bin/../lib/gcc/arm-none-eabi/13.3.1/thumb/v7-m/nofp/crtbegin.o
 .text          0x08000150      0x21c D:/STM32CubeIDE_1.19.0/STM32CubeIDE/plugins/com.st.stm32cube.ide.mcu.externaltools.gnu-tools-for-stm32.13.3.rel1.win32_1.0.0.202411081344/tools/bin/../lib/gcc/arm-none-eabi/13.3.1/thumb/v7-m/nofp\libgcc.a(_arm_addsubsf3.o)
                0x08000150                __aeabi_frsub
                0x08000158                __subsf3
                0x08000158                __aeabi_fsub
                0x0800015c                __aeabi_fadd
                0x0800015c                __addsf3
                0x080002bc                __aeabi_ui2f
                0x080002bc                __floatunsisf
                0x080002c4                __aeabi_i2f
                0x080002c4                __floatsisf
                0x080002e0                __aeabi_ul2f
                0x080002e0                __floatundisf
                0x080002f0                __aeabi_l2f
                0x080002f0                __floatdisf
 .text          0x0800036c      0x2a0 D:/STM32CubeIDE_1.19.0/STM32CubeIDE/plugins/com.st.stm32cube.ide.mcu.externaltools.gnu-tools-for-stm32.13.3.rel1.win32_1.0.0.202411081344/tools/bin/../lib/gcc/arm-none-eabi/13.3.1/thumb/v7-m/nofp\libgcc.a(_arm_muldivsf3.o)
                0x0800036c                __mulsf3
                0x0800036c                __aeabi_fmul
                0x080004d4                __aeabi_fdiv
                0x080004d4                __divsf3
 .text          0x0800060c       0xec D:/STM32CubeIDE_1.19.0/STM32CubeIDE/plugins/com.st.stm32cube.ide.mcu.externaltools.gnu-tools-for-stm32.13.3.rel1.win32_1.0.0.202411081344/tools/bin/../lib/gcc/arm-none-eabi/13.3.1/thumb/v7-m/nofp\libgcc.a(_arm_cmpsf2.o)
                0x0800060c                __gesf2
                0x0800060c                __gtsf2
                0x08000614                __lesf2
                0x08000614                __ltsf2
                0x0800061c                __nesf2
                0x0800061c                __eqsf2
                0x0800061c                __cmpsf2
                0x0800067c                __aeabi_cfrcmple
                0x08000684                __aeabi_cfcmpeq
                0x08000684                __aeabi_cfcmple
                0x08000694                __aeabi_fcmpeq
                0x080006a8                __aeabi_fcmplt
                0x080006bc                __aeabi_fcmple
                0x080006d0                __aeabi_fcmpge
                0x080006e4                __aeabi_fcmpgt
 .text          0x080006f8       0x40 D:/STM32CubeIDE_1.19.0/STM32CubeIDE/plugins/com.st.stm32cube.ide.mcu.externaltools.gnu-tools-for-stm32.13.3.rel1.win32_1.0.0.202411081344/tools/bin/../lib/gcc/arm-none-eabi/13.3.1/thumb/v7-m/nofp\libgcc.a(_arm_fixunssfsi.o)
                0x080006f8                __fixunssfsi
                0x080006f8                __aeabi_f2uiz
 *(.text*)
 .text.DOutput_SetRelay.part.0
                0x08000738       0x18 ./Core/Src/DOutput.o
 .text.DOutput_Load
                0x08000750       0x20 ./Core/Src/DOutput.o
                0x08000750                DOutput_Load
 .text.DOutput_Save
                0x08000770       0x14 ./Core/Src/DOutput.o
                0x08000770                DOutput_Save
 .text.DOutput_SetRelay
                0x08000784       0x28 ./Core/Src/DOutput.o
                0x08000784                DOutput_SetRelay
 .text.DOutput_Process
                0x080007ac       0x2c ./Core/Src/DOutput.o
                0x080007ac                DOutput_Process
 .text.Encoder_Init
                0x080007d8       0x44 ./Core/Src/Encoder.o
                0x080007d8                Encoder_Init
 .text.Encoder_Reset
                0x0800081c       0x18 ./Core/Src/Encoder.o
                0x0800081c                Encoder_Reset
 .text.Encoder_Save_Velocity
                0x08000834       0x14 ./Core/Src/Encoder.o
                0x08000834                Encoder_Save_Velocity
 .text.Encoder_Save_Pulse_Count
                0x08000848       0x14 ./Core/Src/Encoder.o
                0x08000848                Encoder_Save_Pulse_Count
 .text.Encoder_Save_Reset_Flag
                0x0800085c       0x14 ./Core/Src/Encoder.o
                0x0800085c                Encoder_Save_Reset_Flag
 .text.Encoder_Load_Diameter
                0x08000870       0x14 ./Core/Src/Encoder.o
                0x08000870                Encoder_Load_Diameter
 .text.Encoder_Load_Reset_Flag
                0x08000884       0x1c ./Core/Src/Encoder.o
                0x08000884                Encoder_Load_Reset_Flag
 .text.Encoder_Load_Revolutions
                0x080008a0       0x14 ./Core/Src/Encoder.o
                0x080008a0                Encoder_Load_Revolutions
 .text.Encoder_Update
                0x080008b4      0x104 ./Core/Src/Encoder.o
                0x080008b4                Encoder_Update
 .text.MotorRegisters_Load
                0x080009b8       0xa0 ./Core/Src/MotorControl.o
                0x080009b8                MotorRegisters_Load
 .text.SystemRegisters_Load
                0x08000a58       0x44 ./Core/Src/MotorControl.o
                0x08000a58                SystemRegisters_Load
 .text.MotorRegisters_Save
                0x08000a9c       0x84 ./Core/Src/MotorControl.o
                0x08000a9c                MotorRegisters_Save
 .text.SystemRegisters_Save
                0x08000b20       0x44 ./Core/Src/MotorControl.o
                0x08000b20                SystemRegisters_Save
 .text.Motor1_Set_Direction
                0x08000b64       0x24 ./Core/Src/MotorControl.o
                0x08000b64                Motor1_Set_Direction
 .text.Motor2_Set_Direction
                0x08000b88       0x24 ./Core/Src/MotorControl.o
                0x08000b88                Motor2_Set_Direction
 .text.Stepper_OutputFreq
                0x08000bac      0x130 ./Core/Src/MotorControl.o
                0x08000bac                Stepper_OutputFreq
 .text.Motor_HandleOnOff
                0x08000cdc       0xc4 ./Core/Src/MotorControl.o
                0x08000cdc                Motor_HandleOnOff
 .text.Motor_HandleRamp
                0x08000da0      0x214 ./Core/Src/MotorControl.o
                0x08000da0                Motor_HandleRamp
 .text.Motor_ProcessControl
                0x08000fb4       0xf8 ./Core/Src/MotorControl.o
                0x08000fb4                Motor_ProcessControl
 .text.MotionState_Init
                0x080010ac       0x30 ./Core/Src/MotorControl.o
                0x080010ac                MotionState_Init
 .text.System_ResetSystem
                0x080010dc       0x2c ./Core/Src/MotorControl.o
                0x080010dc                System_ResetSystem
 .text.initializeModbusRegisters
                0x08001108       0xe4 ./Core/Src/UartModbus.o
                0x08001108                initializeModbusRegisters
 .text.calcCRC  0x080011ec       0x30 ./Core/Src/UartModbus.o
                0x080011ec                calcCRC
 .text.HAL_UART_RxCpltCallback
                0x0800121c       0x98 ./Core/Src/UartModbus.o
                0x0800121c                HAL_UART_RxCpltCallback
 .text.HAL_UART_ErrorCallback
                0x080012b4       0x40 ./Core/Src/UartModbus.o
                0x080012b4                HAL_UART_ErrorCallback
 .text.resetUARTCommunication
                0x080012f4       0x34 ./Core/Src/UartModbus.o
                0x080012f4                resetUARTCommunication
 .text.processModbusFrame
                0x08001328      0x214 ./Core/Src/UartModbus.o
                0x08001328                processModbusFrame
 .text.updateBaudrate
                0x0800153c       0x94 ./Core/Src/UartModbus.o
                0x0800153c                updateBaudrate
 .text.checkUARTHealth
                0x080015d0       0x34 ./Core/Src/UartModbus.o
                0x080015d0                checkUARTHealth
 .text.startModbusUARTReception
                0x08001604       0x2c ./Core/Src/UartModbus.o
                0x08001604                startModbusUARTReception
 .text.StartIOTask
                0x08001630       0x48 ./Core/Src/main.o
                0x08001630                StartIOTask
 .text.StartUartTask
                0x08001678       0x8c ./Core/Src/main.o
                0x08001678                StartUartTask
 .text.StartMotorTask
                0x08001704       0x78 ./Core/Src/main.o
                0x08001704                StartMotorTask
 .text.StartVisibleTask
                0x0800177c       0x3c ./Core/Src/main.o
                0x0800177c                StartVisibleTask
 .text.StartEncodeTask
                0x080017b8       0x16 ./Core/Src/main.o
                0x080017b8                StartEncodeTask
 .text.SystemClock_Config
                0x080017ce       0x5e ./Core/Src/main.o
                0x080017ce                SystemClock_Config
 .text.startup.main
                0x0800182c      0x450 ./Core/Src/main.o
                0x0800182c                main
 .text.HAL_MspInit
                0x08001c7c       0x60 ./Core/Src/stm32f1xx_hal_msp.o
                0x08001c7c                HAL_MspInit
 .text.HAL_I2C_MspInit
                0x08001cdc       0x84 ./Core/Src/stm32f1xx_hal_msp.o
                0x08001cdc                HAL_I2C_MspInit
 .text.HAL_TIM_Base_MspInit
                0x08001d60       0xe4 ./Core/Src/stm32f1xx_hal_msp.o
                0x08001d60                HAL_TIM_Base_MspInit
 .text.HAL_TIM_MspPostInit
                0x08001e44       0x74 ./Core/Src/stm32f1xx_hal_msp.o
                0x08001e44                HAL_TIM_MspPostInit
 .text.HAL_UART_MspInit
                0x08001eb8       0x84 ./Core/Src/stm32f1xx_hal_msp.o
                0x08001eb8                HAL_UART_MspInit
 .text.HAL_UART_MspDeInit
                0x08001f3c       0x34 ./Core/Src/stm32f1xx_hal_msp.o
                0x08001f3c                HAL_UART_MspDeInit
 .text.NMI_Handler
                0x08001f70        0x2 ./Core/Src/stm32f1xx_it.o
                0x08001f70                NMI_Handler
 .text.HardFault_Handler
                0x08001f72        0x2 ./Core/Src/stm32f1xx_it.o
                0x08001f72                HardFault_Handler
 .text.MemManage_Handler
                0x08001f74        0x2 ./Core/Src/stm32f1xx_it.o
                0x08001f74                MemManage_Handler
 .text.BusFault_Handler
                0x08001f76        0x2 ./Core/Src/stm32f1xx_it.o
                0x08001f76                BusFault_Handler
 .text.UsageFault_Handler
                0x08001f78        0x2 ./Core/Src/stm32f1xx_it.o
                0x08001f78                UsageFault_Handler
 .text.DebugMon_Handler
                0x08001f7a        0x2 ./Core/Src/stm32f1xx_it.o
                0x08001f7a                DebugMon_Handler
 .text.SysTick_Handler
                0x08001f7c       0x18 ./Core/Src/stm32f1xx_it.o
                0x08001f7c                SysTick_Handler
 .text.RCC_IRQHandler
                0x08001f94        0x2 ./Core/Src/stm32f1xx_it.o
                0x08001f94                RCC_IRQHandler
 *fill*         0x08001f96        0x2 
 .text.TIM1_BRK_IRQHandler
                0x08001f98        0xc ./Core/Src/stm32f1xx_it.o
                0x08001f98                TIM1_BRK_IRQHandler
 .text.TIM1_UP_IRQHandler
                0x08001fa4       0x44 ./Core/Src/stm32f1xx_it.o
                0x08001fa4                TIM1_UP_IRQHandler
 .text.TIM1_CC_IRQHandler
                0x08001fe8        0x4 ./Core/Src/stm32f1xx_it.o
                0x08001fe8                TIM1_CC_IRQHandler
 .text.TIM2_IRQHandler
                0x08001fec        0xc ./Core/Src/stm32f1xx_it.o
                0x08001fec                TIM2_IRQHandler
 .text.TIM3_IRQHandler
                0x08001ff8       0x44 ./Core/Src/stm32f1xx_it.o
                0x08001ff8                TIM3_IRQHandler
 .text.I2C1_EV_IRQHandler
                0x0800203c        0xc ./Core/Src/stm32f1xx_it.o
                0x0800203c                I2C1_EV_IRQHandler
 .text.I2C1_ER_IRQHandler
                0x08002048        0xc ./Core/Src/stm32f1xx_it.o
                0x08002048                I2C1_ER_IRQHandler
 .text.USART2_IRQHandler
                0x08002054        0xc ./Core/Src/stm32f1xx_it.o
                0x08002054                USART2_IRQHandler
 .text.SystemInit
                0x08002060        0x2 ./Core/Src/system_stm32f1xx.o
                0x08002060                SystemInit
 *fill*         0x08002062        0x2 
 .text.Reset_Handler
                0x08002064       0x48 ./Core/Startup/startup_stm32f103c8tx.o
                0x08002064                Reset_Handler
 .text.Default_Handler
                0x080020ac        0x2 ./Core/Startup/startup_stm32f103c8tx.o
                0x080020ac                RTC_Alarm_IRQHandler
                0x080020ac                EXTI2_IRQHandler
                0x080020ac                PVD_IRQHandler
                0x080020ac                EXTI3_IRQHandler
                0x080020ac                EXTI0_IRQHandler
                0x080020ac                I2C2_EV_IRQHandler
                0x080020ac                ADC1_2_IRQHandler
                0x080020ac                SPI1_IRQHandler
                0x080020ac                TAMPER_IRQHandler
                0x080020ac                DMA1_Channel4_IRQHandler
                0x080020ac                USART3_IRQHandler
                0x080020ac                RTC_IRQHandler
                0x080020ac                DMA1_Channel7_IRQHandler
                0x080020ac                CAN1_RX1_IRQHandler
                0x080020ac                TIM4_IRQHandler
                0x080020ac                DMA1_Channel6_IRQHandler
                0x080020ac                TIM1_TRG_COM_IRQHandler
                0x080020ac                DMA1_Channel1_IRQHandler
                0x080020ac                Default_Handler
                0x080020ac                EXTI15_10_IRQHandler
                0x080020ac                EXTI9_5_IRQHandler
                0x080020ac                SPI2_IRQHandler
                0x080020ac                DMA1_Channel5_IRQHandler
                0x080020ac                EXTI4_IRQHandler
                0x080020ac                USB_LP_CAN1_RX0_IRQHandler
                0x080020ac                USB_HP_CAN1_TX_IRQHandler
                0x080020ac                DMA1_Channel3_IRQHandler
                0x080020ac                WWDG_IRQHandler
                0x080020ac                EXTI1_IRQHandler
                0x080020ac                I2C2_ER_IRQHandler
                0x080020ac                DMA1_Channel2_IRQHandler
                0x080020ac                CAN1_SCE_IRQHandler
                0x080020ac                FLASH_IRQHandler
                0x080020ac                USART1_IRQHandler
                0x080020ac                USBWakeUp_IRQHandler
 *fill*         0x080020ae        0x2 
 .text.HAL_InitTick
                0x080020b0       0x48 ./Drivers/STM32F1xx_HAL_Driver/Src/stm32f1xx_hal.o
                0x080020b0                HAL_InitTick
 .text.HAL_Init
                0x080020f8       0x24 ./Drivers/STM32F1xx_HAL_Driver/Src/stm32f1xx_hal.o
                0x080020f8                HAL_Init
 .text.HAL_IncTick
                0x0800211c       0x18 ./Drivers/STM32F1xx_HAL_Driver/Src/stm32f1xx_hal.o
                0x0800211c                HAL_IncTick
 .text.HAL_GetTick
                0x08002134        0xc ./Drivers/STM32F1xx_HAL_Driver/Src/stm32f1xx_hal.o
                0x08002134                HAL_GetTick
 .text.HAL_NVIC_SetPriorityGrouping
                0x08002140       0x24 ./Drivers/STM32F1xx_HAL_Driver/Src/stm32f1xx_hal_cortex.o
                0x08002140                HAL_NVIC_SetPriorityGrouping
 .text.HAL_NVIC_SetPriority
                0x08002164       0x60 ./Drivers/STM32F1xx_HAL_Driver/Src/stm32f1xx_hal_cortex.o
                0x08002164                HAL_NVIC_SetPriority
 .text.HAL_NVIC_EnableIRQ
                0x080021c4       0x1c ./Drivers/STM32F1xx_HAL_Driver/Src/stm32f1xx_hal_cortex.o
                0x080021c4                HAL_NVIC_EnableIRQ
 .text.HAL_NVIC_DisableIRQ
                0x080021e0       0x24 ./Drivers/STM32F1xx_HAL_Driver/Src/stm32f1xx_hal_cortex.o
                0x080021e0                HAL_NVIC_DisableIRQ
 .text.HAL_SYSTICK_Config
                0x08002204       0x28 ./Drivers/STM32F1xx_HAL_Driver/Src/stm32f1xx_hal_cortex.o
                0x08002204                HAL_SYSTICK_Config
 .text.HAL_DMA_Abort
                0x0800222c       0x3e ./Drivers/STM32F1xx_HAL_Driver/Src/stm32f1xx_hal_dma.o
                0x0800222c                HAL_DMA_Abort
 *fill*         0x0800226a        0x2 
 .text.HAL_DMA_Abort_IT
                0x0800226c       0x8c ./Drivers/STM32F1xx_HAL_Driver/Src/stm32f1xx_hal_dma.o
                0x0800226c                HAL_DMA_Abort_IT
 .text.HAL_DMA_GetState
                0x080022f8        0x6 ./Drivers/STM32F1xx_HAL_Driver/Src/stm32f1xx_hal_dma.o
                0x080022f8                HAL_DMA_GetState
 .text.HAL_DMA_GetError
                0x080022fe        0x4 ./Drivers/STM32F1xx_HAL_Driver/Src/stm32f1xx_hal_dma.o
                0x080022fe                HAL_DMA_GetError
 *fill*         0x08002302        0x2 
 .text.HAL_GPIO_Init
                0x08002304      0x1a8 ./Drivers/STM32F1xx_HAL_Driver/Src/stm32f1xx_hal_gpio.o
                0x08002304                HAL_GPIO_Init
 .text.HAL_GPIO_DeInit
                0x080024ac       0xdc ./Drivers/STM32F1xx_HAL_Driver/Src/stm32f1xx_hal_gpio.o
                0x080024ac                HAL_GPIO_DeInit
 .text.HAL_GPIO_WritePin
                0x08002588        0xa ./Drivers/STM32F1xx_HAL_Driver/Src/stm32f1xx_hal_gpio.o
                0x08002588                HAL_GPIO_WritePin
 .text.HAL_GPIO_TogglePin
                0x08002592       0x12 ./Drivers/STM32F1xx_HAL_Driver/Src/stm32f1xx_hal_gpio.o
                0x08002592                HAL_GPIO_TogglePin
 .text.HAL_I2C_Init
                0x080025a4      0x150 ./Drivers/STM32F1xx_HAL_Driver/Src/stm32f1xx_hal_i2c.o
                0x080025a4                HAL_I2C_Init
 .text.HAL_I2C_MasterTxCpltCallback
                0x080026f4        0x2 ./Drivers/STM32F1xx_HAL_Driver/Src/stm32f1xx_hal_i2c.o
                0x080026f4                HAL_I2C_MasterTxCpltCallback
 .text.HAL_I2C_MasterRxCpltCallback
                0x080026f6        0x2 ./Drivers/STM32F1xx_HAL_Driver/Src/stm32f1xx_hal_i2c.o
                0x080026f6                HAL_I2C_MasterRxCpltCallback
 .text.HAL_I2C_SlaveTxCpltCallback
                0x080026f8        0x2 ./Drivers/STM32F1xx_HAL_Driver/Src/stm32f1xx_hal_i2c.o
                0x080026f8                HAL_I2C_SlaveTxCpltCallback
 .text.HAL_I2C_SlaveRxCpltCallback
                0x080026fa        0x2 ./Drivers/STM32F1xx_HAL_Driver/Src/stm32f1xx_hal_i2c.o
                0x080026fa                HAL_I2C_SlaveRxCpltCallback
 .text.HAL_I2C_AddrCallback
                0x080026fc        0x2 ./Drivers/STM32F1xx_HAL_Driver/Src/stm32f1xx_hal_i2c.o
                0x080026fc                HAL_I2C_AddrCallback
 .text.HAL_I2C_ListenCpltCallback
                0x080026fe        0x2 ./Drivers/STM32F1xx_HAL_Driver/Src/stm32f1xx_hal_i2c.o
                0x080026fe                HAL_I2C_ListenCpltCallback
 .text.HAL_I2C_MemTxCpltCallback
                0x08002700        0x2 ./Drivers/STM32F1xx_HAL_Driver/Src/stm32f1xx_hal_i2c.o
                0x08002700                HAL_I2C_MemTxCpltCallback
 .text.I2C_MemoryTransmit_TXE_BTF
                0x08002702       0xb0 ./Drivers/STM32F1xx_HAL_Driver/Src/stm32f1xx_hal_i2c.o
 .text.HAL_I2C_MemRxCpltCallback
                0x080027b2        0x2 ./Drivers/STM32F1xx_HAL_Driver/Src/stm32f1xx_hal_i2c.o
                0x080027b2                HAL_I2C_MemRxCpltCallback
 .text.HAL_I2C_ErrorCallback
                0x080027b4        0x2 ./Drivers/STM32F1xx_HAL_Driver/Src/stm32f1xx_hal_i2c.o
                0x080027b4                HAL_I2C_ErrorCallback
 .text.HAL_I2C_AbortCpltCallback
                0x080027b6        0x2 ./Drivers/STM32F1xx_HAL_Driver/Src/stm32f1xx_hal_i2c.o
                0x080027b6                HAL_I2C_AbortCpltCallback
 .text.I2C_DMAAbort
                0x080027b8       0xc0 ./Drivers/STM32F1xx_HAL_Driver/Src/stm32f1xx_hal_i2c.o
 .text.I2C_ITError
                0x08002878      0x150 ./Drivers/STM32F1xx_HAL_Driver/Src/stm32f1xx_hal_i2c.o
 .text.HAL_I2C_EV_IRQHandler
                0x080029c8      0x8b0 ./Drivers/STM32F1xx_HAL_Driver/Src/stm32f1xx_hal_i2c.o
                0x080029c8                HAL_I2C_EV_IRQHandler
 .text.HAL_I2C_ER_IRQHandler
                0x08003278      0x140 ./Drivers/STM32F1xx_HAL_Driver/Src/stm32f1xx_hal_i2c.o
                0x08003278                HAL_I2C_ER_IRQHandler
 .text.HAL_RCC_OscConfig
                0x080033b8      0x338 ./Drivers/STM32F1xx_HAL_Driver/Src/stm32f1xx_hal_rcc.o
                0x080033b8                HAL_RCC_OscConfig
 .text.HAL_RCC_GetSysClockFreq
                0x080036f0       0x4c ./Drivers/STM32F1xx_HAL_Driver/Src/stm32f1xx_hal_rcc.o
                0x080036f0                HAL_RCC_GetSysClockFreq
 .text.HAL_RCC_ClockConfig
                0x0800373c      0x138 ./Drivers/STM32F1xx_HAL_Driver/Src/stm32f1xx_hal_rcc.o
                0x0800373c                HAL_RCC_ClockConfig
 .text.HAL_RCC_GetPCLK1Freq
                0x08003874       0x20 ./Drivers/STM32F1xx_HAL_Driver/Src/stm32f1xx_hal_rcc.o
                0x08003874                HAL_RCC_GetPCLK1Freq
 .text.HAL_RCC_GetPCLK2Freq
                0x08003894       0x20 ./Drivers/STM32F1xx_HAL_Driver/Src/stm32f1xx_hal_rcc.o
                0x08003894                HAL_RCC_GetPCLK2Freq
 .text.TIM_OC1_SetConfig
                0x080038b4       0x50 ./Drivers/STM32F1xx_HAL_Driver/Src/stm32f1xx_hal_tim.o
 .text.TIM_OC3_SetConfig
                0x08003904       0x54 ./Drivers/STM32F1xx_HAL_Driver/Src/stm32f1xx_hal_tim.o
 .text.TIM_OC4_SetConfig
                0x08003958       0x44 ./Drivers/STM32F1xx_HAL_Driver/Src/stm32f1xx_hal_tim.o
 .text.HAL_TIM_Base_Start
                0x0800399c       0x4c ./Drivers/STM32F1xx_HAL_Driver/Src/stm32f1xx_hal_tim.o
                0x0800399c                HAL_TIM_Base_Start
 .text.HAL_TIM_PWM_MspInit
                0x080039e8        0x2 ./Drivers/STM32F1xx_HAL_Driver/Src/stm32f1xx_hal_tim.o
                0x080039e8                HAL_TIM_PWM_MspInit
 .text.HAL_TIM_IC_MspInit
                0x080039ea        0x2 ./Drivers/STM32F1xx_HAL_Driver/Src/stm32f1xx_hal_tim.o
                0x080039ea                HAL_TIM_IC_MspInit
 .text.HAL_TIM_PeriodElapsedCallback
                0x080039ec        0x2 ./Drivers/STM32F1xx_HAL_Driver/Src/stm32f1xx_hal_tim.o
                0x080039ec                HAL_TIM_PeriodElapsedCallback
 .text.HAL_TIM_OC_DelayElapsedCallback
                0x080039ee        0x2 ./Drivers/STM32F1xx_HAL_Driver/Src/stm32f1xx_hal_tim.o
                0x080039ee                HAL_TIM_OC_DelayElapsedCallback
 .text.HAL_TIM_IC_CaptureCallback
                0x080039f0        0x2 ./Drivers/STM32F1xx_HAL_Driver/Src/stm32f1xx_hal_tim.o
                0x080039f0                HAL_TIM_IC_CaptureCallback
 .text.HAL_TIM_PWM_PulseFinishedCallback
                0x080039f2        0x2 ./Drivers/STM32F1xx_HAL_Driver/Src/stm32f1xx_hal_tim.o
                0x080039f2                HAL_TIM_PWM_PulseFinishedCallback
 .text.HAL_TIM_TriggerCallback
                0x080039f4        0x2 ./Drivers/STM32F1xx_HAL_Driver/Src/stm32f1xx_hal_tim.o
                0x080039f4                HAL_TIM_TriggerCallback
 .text.HAL_TIM_IRQHandler
                0x080039f6      0x128 ./Drivers/STM32F1xx_HAL_Driver/Src/stm32f1xx_hal_tim.o
                0x080039f6                HAL_TIM_IRQHandler
 *fill*         0x08003b1e        0x2 
 .text.TIM_Base_SetConfig
                0x08003b20       0x64 ./Drivers/STM32F1xx_HAL_Driver/Src/stm32f1xx_hal_tim.o
                0x08003b20                TIM_Base_SetConfig
 .text.HAL_TIM_Base_Init
                0x08003b84       0x58 ./Drivers/STM32F1xx_HAL_Driver/Src/stm32f1xx_hal_tim.o
                0x08003b84                HAL_TIM_Base_Init
 .text.HAL_TIM_PWM_Init
                0x08003bdc       0x58 ./Drivers/STM32F1xx_HAL_Driver/Src/stm32f1xx_hal_tim.o
                0x08003bdc                HAL_TIM_PWM_Init
 .text.HAL_TIM_IC_Init
                0x08003c34       0x58 ./Drivers/STM32F1xx_HAL_Driver/Src/stm32f1xx_hal_tim.o
                0x08003c34                HAL_TIM_IC_Init
 .text.TIM_OC2_SetConfig
                0x08003c8c       0x58 ./Drivers/STM32F1xx_HAL_Driver/Src/stm32f1xx_hal_tim.o
                0x08003c8c                TIM_OC2_SetConfig
 .text.HAL_TIM_PWM_ConfigChannel
                0x08003ce4       0xb0 ./Drivers/STM32F1xx_HAL_Driver/Src/stm32f1xx_hal_tim.o
                0x08003ce4                HAL_TIM_PWM_ConfigChannel
 .text.TIM_TI1_SetConfig
                0x08003d94       0x50 ./Drivers/STM32F1xx_HAL_Driver/Src/stm32f1xx_hal_tim.o
                0x08003d94                TIM_TI1_SetConfig
 .text.HAL_TIM_IC_ConfigChannel
                0x08003de4      0x116 ./Drivers/STM32F1xx_HAL_Driver/Src/stm32f1xx_hal_tim.o
                0x08003de4                HAL_TIM_IC_ConfigChannel
 .text.TIM_ETR_SetConfig
                0x08003efa       0x14 ./Drivers/STM32F1xx_HAL_Driver/Src/stm32f1xx_hal_tim.o
                0x08003efa                TIM_ETR_SetConfig
 .text.HAL_TIM_ConfigClockSource
                0x08003f0e      0x132 ./Drivers/STM32F1xx_HAL_Driver/Src/stm32f1xx_hal_tim.o
                0x08003f0e                HAL_TIM_ConfigClockSource
 .text.TIM_SlaveTimer_SetConfig.constprop.0
                0x08004040       0xc0 ./Drivers/STM32F1xx_HAL_Driver/Src/stm32f1xx_hal_tim.o
 .text.HAL_TIM_SlaveConfigSynchro
                0x08004100       0x4e ./Drivers/STM32F1xx_HAL_Driver/Src/stm32f1xx_hal_tim.o
                0x08004100                HAL_TIM_SlaveConfigSynchro
 .text.TIM_CCxChannelCmd
                0x0800414e       0x1c ./Drivers/STM32F1xx_HAL_Driver/Src/stm32f1xx_hal_tim.o
                0x0800414e                TIM_CCxChannelCmd
 *fill*         0x0800416a        0x2 
 .text.HAL_TIM_OC_Start
                0x0800416c       0x9c ./Drivers/STM32F1xx_HAL_Driver/Src/stm32f1xx_hal_tim.o
                0x0800416c                HAL_TIM_OC_Start
 .text.HAL_TIM_PWM_Start
                0x08004208        0x4 ./Drivers/STM32F1xx_HAL_Driver/Src/stm32f1xx_hal_tim.o
                0x08004208                HAL_TIM_PWM_Start
 .text.HAL_TIM_OC_Stop
                0x0800420c       0x74 ./Drivers/STM32F1xx_HAL_Driver/Src/stm32f1xx_hal_tim.o
                0x0800420c                HAL_TIM_OC_Stop
 .text.HAL_TIM_PWM_Stop
                0x08004280        0x4 ./Drivers/STM32F1xx_HAL_Driver/Src/stm32f1xx_hal_tim.o
                0x08004280                HAL_TIM_PWM_Stop
 .text.HAL_TIMEx_MasterConfigSynchronization
                0x08004284       0x5c ./Drivers/STM32F1xx_HAL_Driver/Src/stm32f1xx_hal_tim_ex.o
                0x08004284                HAL_TIMEx_MasterConfigSynchronization
 .text.HAL_TIMEx_ConfigBreakDeadTime
                0x080042e0       0x4c ./Drivers/STM32F1xx_HAL_Driver/Src/stm32f1xx_hal_tim_ex.o
                0x080042e0                HAL_TIMEx_ConfigBreakDeadTime
 .text.HAL_TIMEx_CommutCallback
                0x0800432c        0x2 ./Drivers/STM32F1xx_HAL_Driver/Src/stm32f1xx_hal_tim_ex.o
                0x0800432c                HAL_TIMEx_CommutCallback
 .text.HAL_TIMEx_BreakCallback
                0x0800432e        0x2 ./Drivers/STM32F1xx_HAL_Driver/Src/stm32f1xx_hal_tim_ex.o
                0x0800432e                HAL_TIMEx_BreakCallback
 .text.UART_EndRxTransfer
                0x08004330       0x5c ./Drivers/STM32F1xx_HAL_Driver/Src/stm32f1xx_hal_uart.o
 .text.UART_SetConfig
                0x0800438c       0x74 ./Drivers/STM32F1xx_HAL_Driver/Src/stm32f1xx_hal_uart.o
 .text.UART_WaitOnFlagUntilTimeout.constprop.0
                0x08004400       0x64 ./Drivers/STM32F1xx_HAL_Driver/Src/stm32f1xx_hal_uart.o
 .text.HAL_UART_Init
                0x08004464       0x5e ./Drivers/STM32F1xx_HAL_Driver/Src/stm32f1xx_hal_uart.o
                0x08004464                HAL_UART_Init
 .text.HAL_UART_DeInit
                0x080044c2       0x34 ./Drivers/STM32F1xx_HAL_Driver/Src/stm32f1xx_hal_uart.o
                0x080044c2                HAL_UART_DeInit
 .text.HAL_UART_Transmit
                0x080044f6       0x9c ./Drivers/STM32F1xx_HAL_Driver/Src/stm32f1xx_hal_uart.o
                0x080044f6                HAL_UART_Transmit
 .text.HAL_UART_Abort
                0x08004592       0xdc ./Drivers/STM32F1xx_HAL_Driver/Src/stm32f1xx_hal_uart.o
                0x08004592                HAL_UART_Abort
 .text.HAL_UART_TxCpltCallback
                0x0800466e        0x2 ./Drivers/STM32F1xx_HAL_Driver/Src/stm32f1xx_hal_uart.o
                0x0800466e                HAL_UART_TxCpltCallback
 .text.UART_DMAAbortOnError
                0x08004670       0x10 ./Drivers/STM32F1xx_HAL_Driver/Src/stm32f1xx_hal_uart.o
 .text.HAL_UARTEx_RxEventCallback
                0x08004680        0x2 ./Drivers/STM32F1xx_HAL_Driver/Src/stm32f1xx_hal_uart.o
                0x08004680                HAL_UARTEx_RxEventCallback
 .text.UART_Receive_IT.isra.0
                0x08004682       0xb6 ./Drivers/STM32F1xx_HAL_Driver/Src/stm32f1xx_hal_uart.o
 .text.HAL_UART_IRQHandler
                0x08004738      0x294 ./Drivers/STM32F1xx_HAL_Driver/Src/stm32f1xx_hal_uart.o
                0x08004738                HAL_UART_IRQHandler
 .text.UART_Start_Receive_IT
                0x080049cc       0x32 ./Drivers/STM32F1xx_HAL_Driver/Src/stm32f1xx_hal_uart.o
                0x080049cc                UART_Start_Receive_IT
 .text.HAL_UART_Receive_IT
                0x080049fe       0x22 ./Drivers/STM32F1xx_HAL_Driver/Src/stm32f1xx_hal_uart.o
                0x080049fe                HAL_UART_Receive_IT
 .text.osKernelInitialize
                0x08004a20       0x24 ./Middlewares/Third_Party/FreeRTOS/Source/CMSIS_RTOS_V2/cmsis_os2.o
                0x08004a20                osKernelInitialize
 .text.osKernelStart
                0x08004a44       0x34 ./Middlewares/Third_Party/FreeRTOS/Source/CMSIS_RTOS_V2/cmsis_os2.o
                0x08004a44                osKernelStart
 .text.osKernelGetTickCount
                0x08004a78        0xe ./Middlewares/Third_Party/FreeRTOS/Source/CMSIS_RTOS_V2/cmsis_os2.o
                0x08004a78                osKernelGetTickCount
 .text.osThreadNew
                0x08004a86       0x88 ./Middlewares/Third_Party/FreeRTOS/Source/CMSIS_RTOS_V2/cmsis_os2.o
                0x08004a86                osThreadNew
 .text.osDelayUntil
                0x08004b0e       0x2e ./Middlewares/Third_Party/FreeRTOS/Source/CMSIS_RTOS_V2/cmsis_os2.o
                0x08004b0e                osDelayUntil
 .text.osMutexAcquire
                0x08004b3c       0x46 ./Middlewares/Third_Party/FreeRTOS/Source/CMSIS_RTOS_V2/cmsis_os2.o
                0x08004b3c                osMutexAcquire
 .text.osMutexRelease
                0x08004b82       0x3e ./Middlewares/Third_Party/FreeRTOS/Source/CMSIS_RTOS_V2/cmsis_os2.o
                0x08004b82                osMutexRelease
 .text.vApplicationGetIdleTaskMemory
                0x08004bc0       0x18 ./Middlewares/Third_Party/FreeRTOS/Source/CMSIS_RTOS_V2/cmsis_os2.o
                0x08004bc0                vApplicationGetIdleTaskMemory
 .text.vApplicationGetTimerTaskMemory
                0x08004bd8       0x18 ./Middlewares/Third_Party/FreeRTOS/Source/CMSIS_RTOS_V2/cmsis_os2.o
                0x08004bd8                vApplicationGetTimerTaskMemory
 .text.vListInitialise
                0x08004bf0       0x16 ./Middlewares/Third_Party/FreeRTOS/Source/list.o
                0x08004bf0                vListInitialise
 .text.vListInitialiseItem
                0x08004c06        0x6 ./Middlewares/Third_Party/FreeRTOS/Source/list.o
                0x08004c06                vListInitialiseItem
 .text.vListInsertEnd
                0x08004c0c       0x16 ./Middlewares/Third_Party/FreeRTOS/Source/list.o
                0x08004c0c                vListInsertEnd
 .text.vListInsert
                0x08004c22       0x2e ./Middlewares/Third_Party/FreeRTOS/Source/list.o
                0x08004c22                vListInsert
 .text.uxListRemove
                0x08004c50       0x20 ./Middlewares/Third_Party/FreeRTOS/Source/list.o
                0x08004c50                uxListRemove
 .text.prvIsQueueEmpty
                0x08004c70       0x16 ./Middlewares/Third_Party/FreeRTOS/Source/queue.o
 .text.prvCopyDataToQueue
                0x08004c86       0x66 ./Middlewares/Third_Party/FreeRTOS/Source/queue.o
 .text.prvCopyDataFromQueue
                0x08004cec       0x28 ./Middlewares/Third_Party/FreeRTOS/Source/queue.o
 .text.prvUnlockQueue
                0x08004d14       0x6c ./Middlewares/Third_Party/FreeRTOS/Source/queue.o
 .text.xQueueGenericReset
                0x08004d80       0x7e ./Middlewares/Third_Party/FreeRTOS/Source/queue.o
                0x08004d80                xQueueGenericReset
 .text.xQueueGenericCreateStatic
                0x08004dfe       0x9c ./Middlewares/Third_Party/FreeRTOS/Source/queue.o
                0x08004dfe                xQueueGenericCreateStatic
 .text.xQueueGenericSend
                0x08004e9a      0x164 ./Middlewares/Third_Party/FreeRTOS/Source/queue.o
                0x08004e9a                xQueueGenericSend
 .text.xQueueGiveMutexRecursive
                0x08004ffe       0x3e ./Middlewares/Third_Party/FreeRTOS/Source/queue.o
                0x08004ffe                xQueueGiveMutexRecursive
 .text.xQueueGenericSendFromISR
                0x0800503c       0xba ./Middlewares/Third_Party/FreeRTOS/Source/queue.o
                0x0800503c                xQueueGenericSendFromISR
 .text.xQueueReceive
                0x080050f6      0x13c ./Middlewares/Third_Party/FreeRTOS/Source/queue.o
                0x080050f6                xQueueReceive
 .text.xQueueSemaphoreTake
                0x08005232      0x17a ./Middlewares/Third_Party/FreeRTOS/Source/queue.o
                0x08005232                xQueueSemaphoreTake
 .text.xQueueTakeMutexRecursive
                0x080053ac       0x42 ./Middlewares/Third_Party/FreeRTOS/Source/queue.o
                0x080053ac                xQueueTakeMutexRecursive
 *fill*         0x080053ee        0x2 
 .text.vQueueAddToRegistry
                0x080053f0       0x24 ./Middlewares/Third_Party/FreeRTOS/Source/queue.o
                0x080053f0                vQueueAddToRegistry
 .text.vQueueWaitForMessageRestricted
                0x08005414       0x46 ./Middlewares/Third_Party/FreeRTOS/Source/queue.o
                0x08005414                vQueueWaitForMessageRestricted
 *fill*         0x0800545a        0x2 
 .text.prvAddNewTaskToReadyList
                0x0800545c      0x100 ./Middlewares/Third_Party/FreeRTOS/Source/tasks.o
 .text.prvAddCurrentTaskToDelayedList
                0x0800555c       0x70 ./Middlewares/Third_Party/FreeRTOS/Source/tasks.o
 .text.prvResetNextTaskUnblockTime
                0x080055cc       0x24 ./Middlewares/Third_Party/FreeRTOS/Source/tasks.o
 .text.prvDeleteTCB
                0x080055f0       0x36 ./Middlewares/Third_Party/FreeRTOS/Source/tasks.o
 *fill*         0x08005626        0x2 
 .text.prvIdleTask
                0x08005628       0x60 ./Middlewares/Third_Party/FreeRTOS/Source/tasks.o
 .text.prvInitialiseNewTask.constprop.0
                0x08005688       0x96 ./Middlewares/Third_Party/FreeRTOS/Source/tasks.o
 .text.xTaskCreateStatic
                0x0800571e       0x70 ./Middlewares/Third_Party/FreeRTOS/Source/tasks.o
                0x0800571e                xTaskCreateStatic
 .text.xTaskCreate
                0x0800578e       0x5c ./Middlewares/Third_Party/FreeRTOS/Source/tasks.o
                0x0800578e                xTaskCreate
 *fill*         0x080057ea        0x2 
 .text.vTaskStartScheduler
                0x080057ec       0x8c ./Middlewares/Third_Party/FreeRTOS/Source/tasks.o
                0x080057ec                vTaskStartScheduler
 .text.vTaskSuspendAll
                0x08005878       0x10 ./Middlewares/Third_Party/FreeRTOS/Source/tasks.o
                0x08005878                vTaskSuspendAll
 .text.xTaskGetTickCount
                0x08005888        0xc ./Middlewares/Third_Party/FreeRTOS/Source/tasks.o
                0x08005888                xTaskGetTickCount
 .text.xTaskGetTickCountFromISR
                0x08005894       0x10 ./Middlewares/Third_Party/FreeRTOS/Source/tasks.o
                0x08005894                xTaskGetTickCountFromISR
 .text.xTaskIncrementTick
                0x080058a4      0x130 ./Middlewares/Third_Party/FreeRTOS/Source/tasks.o
                0x080058a4                xTaskIncrementTick
 .text.xTaskResumeAll
                0x080059d4       0xe8 ./Middlewares/Third_Party/FreeRTOS/Source/tasks.o
                0x080059d4                xTaskResumeAll
 .text.vTaskDelayUntil
                0x08005abc       0x94 ./Middlewares/Third_Party/FreeRTOS/Source/tasks.o
                0x08005abc                vTaskDelayUntil
 .text.vTaskSwitchContext
                0x08005b50       0x78 ./Middlewares/Third_Party/FreeRTOS/Source/tasks.o
                0x08005b50                vTaskSwitchContext
 .text.vTaskPlaceOnEventList
                0x08005bc8       0x34 ./Middlewares/Third_Party/FreeRTOS/Source/tasks.o
                0x08005bc8                vTaskPlaceOnEventList
 .text.vTaskPlaceOnEventListRestricted
                0x08005bfc       0x40 ./Middlewares/Third_Party/FreeRTOS/Source/tasks.o
                0x08005bfc                vTaskPlaceOnEventListRestricted
 .text.xTaskRemoveFromEventList
                0x08005c3c       0x80 ./Middlewares/Third_Party/FreeRTOS/Source/tasks.o
                0x08005c3c                xTaskRemoveFromEventList
 .text.vTaskInternalSetTimeOutState
                0x08005cbc       0x18 ./Middlewares/Third_Party/FreeRTOS/Source/tasks.o
                0x08005cbc                vTaskInternalSetTimeOutState
 .text.xTaskCheckForTimeOut
                0x08005cd4       0x78 ./Middlewares/Third_Party/FreeRTOS/Source/tasks.o
                0x08005cd4                xTaskCheckForTimeOut
 .text.vTaskMissedYield
                0x08005d4c        0xc ./Middlewares/Third_Party/FreeRTOS/Source/tasks.o
                0x08005d4c                vTaskMissedYield
 .text.xTaskGetCurrentTaskHandle
                0x08005d58        0xc ./Middlewares/Third_Party/FreeRTOS/Source/tasks.o
                0x08005d58                xTaskGetCurrentTaskHandle
 .text.xTaskGetSchedulerState
                0x08005d64       0x20 ./Middlewares/Third_Party/FreeRTOS/Source/tasks.o
                0x08005d64                xTaskGetSchedulerState
 .text.xTaskPriorityInherit
                0x08005d84       0x7c ./Middlewares/Third_Party/FreeRTOS/Source/tasks.o
                0x08005d84                xTaskPriorityInherit
 .text.xTaskPriorityDisinherit
                0x08005e00       0x84 ./Middlewares/Third_Party/FreeRTOS/Source/tasks.o
                0x08005e00                xTaskPriorityDisinherit
 .text.vTaskPriorityDisinheritAfterTimeout
                0x08005e84       0x9c ./Middlewares/Third_Party/FreeRTOS/Source/tasks.o
                0x08005e84                vTaskPriorityDisinheritAfterTimeout
 .text.pvTaskIncrementMutexHeldCount
                0x08005f20       0x18 ./Middlewares/Third_Party/FreeRTOS/Source/tasks.o
                0x08005f20                pvTaskIncrementMutexHeldCount
 .text.prvInsertTimerInActiveList
                0x08005f38       0x3c ./Middlewares/Third_Party/FreeRTOS/Source/timers.o
 .text.prvCheckForValidListAndQueue
                0x08005f74       0x68 ./Middlewares/Third_Party/FreeRTOS/Source/timers.o
 .text.xTimerCreateTimerTask
                0x08005fdc       0x64 ./Middlewares/Third_Party/FreeRTOS/Source/timers.o
                0x08005fdc                xTimerCreateTimerTask
 .text.xTimerGenericCommand
                0x08006040       0x58 ./Middlewares/Third_Party/FreeRTOS/Source/timers.o
                0x08006040                xTimerGenericCommand
 .text.prvSampleTimeNow
                0x08006098       0xa4 ./Middlewares/Third_Party/FreeRTOS/Source/timers.o
 .text.prvTimerTask
                0x0800613c      0x1cc ./Middlewares/Third_Party/FreeRTOS/Source/timers.o
 .text.prvPortStartFirstTask
                0x08006308       0x20 ./Middlewares/Third_Party/FreeRTOS/Source/portable/GCC/ARM_CM3/port.o
 .text.prvTaskExitError
                0x08006328       0x40 ./Middlewares/Third_Party/FreeRTOS/Source/portable/GCC/ARM_CM3/port.o
 .text.pxPortInitialiseStack
                0x08006368       0x24 ./Middlewares/Third_Party/FreeRTOS/Source/portable/GCC/ARM_CM3/port.o
                0x08006368                pxPortInitialiseStack
 *fill*         0x0800638c        0x4 
 .text.SVC_Handler
                0x08006390       0x24 ./Middlewares/Third_Party/FreeRTOS/Source/portable/GCC/ARM_CM3/port.o
                0x08006390                SVC_Handler
 .text.vPortEnterCritical
                0x080063b4       0x40 ./Middlewares/Third_Party/FreeRTOS/Source/portable/GCC/ARM_CM3/port.o
                0x080063b4                vPortEnterCritical
 .text.vPortExitCritical
                0x080063f4       0x28 ./Middlewares/Third_Party/FreeRTOS/Source/portable/GCC/ARM_CM3/port.o
                0x080063f4                vPortExitCritical
 *fill*         0x0800641c        0x4 
 .text.PendSV_Handler
                0x08006420       0x44 ./Middlewares/Third_Party/FreeRTOS/Source/portable/GCC/ARM_CM3/port.o
                0x08006420                PendSV_Handler
 .text.xPortSysTickHandler
                0x08006464       0x2c ./Middlewares/Third_Party/FreeRTOS/Source/portable/GCC/ARM_CM3/port.o
                0x08006464                xPortSysTickHandler
 .text.vPortSetupTimerInterrupt
                0x08006490       0x24 ./Middlewares/Third_Party/FreeRTOS/Source/portable/GCC/ARM_CM3/port.o
                0x08006490                vPortSetupTimerInterrupt
 .text.xPortStartScheduler
                0x080064b4       0xb0 ./Middlewares/Third_Party/FreeRTOS/Source/portable/GCC/ARM_CM3/port.o
                0x080064b4                xPortStartScheduler
 .text.vPortValidateInterruptPriority
                0x08006564       0x5c ./Middlewares/Third_Party/FreeRTOS/Source/portable/GCC/ARM_CM3/port.o
                0x08006564                vPortValidateInterruptPriority
 .text.prvInsertBlockIntoFreeList
                0x080065c0       0x4c ./Middlewares/Third_Party/FreeRTOS/Source/portable/MemMang/heap_4.o
 .text.pvPortMalloc
                0x0800660c      0x130 ./Middlewares/Third_Party/FreeRTOS/Source/portable/MemMang/heap_4.o
                0x0800660c                pvPortMalloc
 .text.vPortFree
                0x0800673c       0x7c ./Middlewares/Third_Party/FreeRTOS/Source/portable/MemMang/heap_4.o
                0x0800673c                vPortFree
 .text.memset   0x080067b8       0x10 D:/STM32CubeIDE_1.19.0/STM32CubeIDE/plugins/com.st.stm32cube.ide.mcu.externaltools.gnu-tools-for-stm32.13.3.rel1.win32_1.0.0.202411081344/tools/bin/../lib/gcc/arm-none-eabi/13.3.1/../../../../arm-none-eabi/lib/thumb/v7-m/nofp\libc_nano.a(libc_a-memset.o)
                0x080067b8                memset
 .text.__libc_init_array
                0x080067c8       0x48 D:/STM32CubeIDE_1.19.0/STM32CubeIDE/plugins/com.st.stm32cube.ide.mcu.externaltools.gnu-tools-for-stm32.13.3.rel1.win32_1.0.0.202411081344/tools/bin/../lib/gcc/arm-none-eabi/13.3.1/../../../../arm-none-eabi/lib/thumb/v7-m/nofp\libc_nano.a(libc_a-init.o)
                0x080067c8                __libc_init_array
 .text.memcpy   0x08006810       0x1c D:/STM32CubeIDE_1.19.0/STM32CubeIDE/plugins/com.st.stm32cube.ide.mcu.externaltools.gnu-tools-for-stm32.13.3.rel1.win32_1.0.0.202411081344/tools/bin/../lib/gcc/arm-none-eabi/13.3.1/../../../../arm-none-eabi/lib/thumb/v7-m/nofp\libc_nano.a(libc_a-memcpy-stub.o)
                0x08006810                memcpy
 *(.glue_7)
 .glue_7        0x0800682c        0x0 linker stubs
 *(.glue_7t)
 .glue_7t       0x0800682c        0x0 linker stubs
 *(.eh_frame)
 .eh_frame      0x0800682c        0x0 D:/STM32CubeIDE_1.19.0/STM32CubeIDE/plugins/com.st.stm32cube.ide.mcu.externaltools.gnu-tools-for-stm32.13.3.rel1.win32_1.0.0.202411081344/tools/bin/../lib/gcc/arm-none-eabi/13.3.1/thumb/v7-m/nofp/crtbegin.o
 *(.init)
 .init          0x0800682c        0x4 D:/STM32CubeIDE_1.19.0/STM32CubeIDE/plugins/com.st.stm32cube.ide.mcu.externaltools.gnu-tools-for-stm32.13.3.rel1.win32_1.0.0.202411081344/tools/bin/../lib/gcc/arm-none-eabi/13.3.1/thumb/v7-m/nofp/crti.o
                0x0800682c                _init
 .init          0x08006830        0x8 D:/STM32CubeIDE_1.19.0/STM32CubeIDE/plugins/com.st.stm32cube.ide.mcu.externaltools.gnu-tools-for-stm32.13.3.rel1.win32_1.0.0.202411081344/tools/bin/../lib/gcc/arm-none-eabi/13.3.1/thumb/v7-m/nofp/crtn.o
 *(.fini)
 .fini          0x08006838        0x4 D:/STM32CubeIDE_1.19.0/STM32CubeIDE/plugins/com.st.stm32cube.ide.mcu.externaltools.gnu-tools-for-stm32.13.3.rel1.win32_1.0.0.202411081344/tools/bin/../lib/gcc/arm-none-eabi/13.3.1/thumb/v7-m/nofp/crti.o
                0x08006838                _fini
 .fini          0x0800683c        0x8 D:/STM32CubeIDE_1.19.0/STM32CubeIDE/plugins/com.st.stm32cube.ide.mcu.externaltools.gnu-tools-for-stm32.13.3.rel1.win32_1.0.0.202411081344/tools/bin/../lib/gcc/arm-none-eabi/13.3.1/thumb/v7-m/nofp/crtn.o
                0x08006844                        . = ALIGN (0x4)
                0x08006844                        _etext = .

.vfp11_veneer   0x08006844        0x0
 .vfp11_veneer  0x08006844        0x0 linker stubs

.v4_bx          0x08006844        0x0
 .v4_bx         0x08006844        0x0 linker stubs

.iplt           0x08006844        0x0
 .iplt          0x08006844        0x0 D:/STM32CubeIDE_1.19.0/STM32CubeIDE/plugins/com.st.stm32cube.ide.mcu.externaltools.gnu-tools-for-stm32.13.3.rel1.win32_1.0.0.202411081344/tools/bin/../lib/gcc/arm-none-eabi/13.3.1/thumb/v7-m/nofp/crtbegin.o

.rodata         0x08006844      0x124
                0x08006844                        . = ALIGN (0x4)
 *(.rodata)
 *(.rodata*)
 .rodata.str1.1
                0x08006844       0x44 ./Core/Src/main.o
                                 0x32 (size before relaxing)
 .rodata.encoderTask_attributes
                0x08006888       0x24 ./Core/Src/main.o
                0x08006888                encoderTask_attributes
 .rodata.VisibleTask_attributes
                0x080068ac       0x24 ./Core/Src/main.o
                0x080068ac                VisibleTask_attributes
 .rodata.MotorTask_attributes
                0x080068d0       0x24 ./Core/Src/main.o
                0x080068d0                MotorTask_attributes
 .rodata.UartTask_attributes
                0x080068f4       0x24 ./Core/Src/main.o
                0x080068f4                UartTask_attributes
 .rodata.IOTask_attributes
                0x08006918       0x24 ./Core/Src/main.o
                0x08006918                IOTask_attributes
 .rodata.APBPrescTable
                0x0800693c        0x8 ./Core/Src/system_stm32f1xx.o
                0x0800693c                APBPrescTable
 .rodata.AHBPrescTable
                0x08006944       0x10 ./Core/Src/system_stm32f1xx.o
                0x08006944                AHBPrescTable
 .rodata.aPredivFactorTable.0
                0x08006954        0x2 ./Drivers/STM32F1xx_HAL_Driver/Src/stm32f1xx_hal_rcc.o
 .rodata.aPLLMULFactorTable.1
                0x08006956       0x10 ./Drivers/STM32F1xx_HAL_Driver/Src/stm32f1xx_hal_rcc.o
 .rodata.vTaskStartScheduler.str1.1
                0x08006966        0x5 ./Middlewares/Third_Party/FreeRTOS/Source/tasks.o
 .rodata.prvCheckForValidListAndQueue.str1.1
                0x08006966        0x5 ./Middlewares/Third_Party/FreeRTOS/Source/timers.o
 .rodata.xTimerCreateTimerTask.str1.1
                0x08006966        0x8 ./Middlewares/Third_Party/FreeRTOS/Source/timers.o
                0x08006970                        . = ALIGN (0x4)
 *fill*         0x08006966        0x2 

.ARM.extab      0x08006968        0x0
                0x08006968                        . = ALIGN (0x4)
 *(.ARM.extab* .gnu.linkonce.armextab.*)
                0x08006968                        . = ALIGN (0x4)

.ARM            0x08006968        0x0
                0x08006968                        . = ALIGN (0x4)
                0x08006968                        __exidx_start = .
 *(.ARM.exidx*)
                0x08006968                        __exidx_end = .
                0x08006968                        . = ALIGN (0x4)

.preinit_array  0x08006968        0x0
                0x08006968                        . = ALIGN (0x4)
                0x08006968                        PROVIDE (__preinit_array_start = .)
 *(.preinit_array*)
                0x08006968                        PROVIDE (__preinit_array_end = .)
                0x08006968                        . = ALIGN (0x4)

.init_array     0x08006968        0x4
                0x08006968                        . = ALIGN (0x4)
                0x08006968                        PROVIDE (__init_array_start = .)
 *(SORT_BY_NAME(.init_array.*))
 *(.init_array*)
 .init_array    0x08006968        0x4 D:/STM32CubeIDE_1.19.0/STM32CubeIDE/plugins/com.st.stm32cube.ide.mcu.externaltools.gnu-tools-for-stm32.13.3.rel1.win32_1.0.0.202411081344/tools/bin/../lib/gcc/arm-none-eabi/13.3.1/thumb/v7-m/nofp/crtbegin.o
                0x0800696c                        PROVIDE (__init_array_end = .)
                0x0800696c                        . = ALIGN (0x4)

.fini_array     0x0800696c        0x4
                0x0800696c                        . = ALIGN (0x4)
                [!provide]                        PROVIDE (__fini_array_start = .)
 *(SORT_BY_NAME(.fini_array.*))
 *(.fini_array*)
 .fini_array    0x0800696c        0x4 D:/STM32CubeIDE_1.19.0/STM32CubeIDE/plugins/com.st.stm32cube.ide.mcu.externaltools.gnu-tools-for-stm32.13.3.rel1.win32_1.0.0.202411081344/tools/bin/../lib/gcc/arm-none-eabi/13.3.1/thumb/v7-m/nofp/crtbegin.o
                [!provide]                        PROVIDE (__fini_array_end = .)
                0x08006970                        . = ALIGN (0x4)
                0x08006970                        _sidata = LOADADDR (.data)

.rel.dyn        0x08006970        0x0
 .rel.iplt      0x08006970        0x0 D:/STM32CubeIDE_1.19.0/STM32CubeIDE/plugins/com.st.stm32cube.ide.mcu.externaltools.gnu-tools-for-stm32.13.3.rel1.win32_1.0.0.202411081344/tools/bin/../lib/gcc/arm-none-eabi/13.3.1/thumb/v7-m/nofp/crtbegin.o

.data           0x20000000       0x14 load address 0x08006970
                0x20000000                        . = ALIGN (0x4)
                0x20000000                        _sdata = .
 *(.data)
 *(.data*)
 .data.current_baudrate
                0x20000000        0x1 ./Core/Src/main.o
                0x20000000                current_baudrate
 *fill*         0x20000001        0x3 
 .data.SystemCoreClock
                0x20000004        0x4 ./Core/Src/system_stm32f1xx.o
                0x20000004                SystemCoreClock
 .data.uwTickFreq
                0x20000008        0x1 ./Drivers/STM32F1xx_HAL_Driver/Src/stm32f1xx_hal.o
                0x20000008                uwTickFreq
 *fill*         0x20000009        0x3 
 .data.uwTickPrio
                0x2000000c        0x4 ./Drivers/STM32F1xx_HAL_Driver/Src/stm32f1xx_hal.o
                0x2000000c                uwTickPrio
 .data.uxCriticalNesting
                0x20000010        0x4 ./Middlewares/Third_Party/FreeRTOS/Source/portable/GCC/ARM_CM3/port.o
 *(.RamFunc)
 *(.RamFunc*)
                0x20000014                        . = ALIGN (0x4)
                0x20000014                        _edata = .

.igot.plt       0x20000014        0x0 load address 0x08006984
 .igot.plt      0x20000014        0x0 D:/STM32CubeIDE_1.19.0/STM32CubeIDE/plugins/com.st.stm32cube.ide.mcu.externaltools.gnu-tools-for-stm32.13.3.rel1.win32_1.0.0.202411081344/tools/bin/../lib/gcc/arm-none-eabi/13.3.1/thumb/v7-m/nofp/crtbegin.o
                0x20000014                        . = ALIGN (0x4)

.bss            0x20000014     0x2334 load address 0x08006984
                0x20000014                        _sbss = .
                0x20000014                        __bss_start__ = _sbss
 *(.bss)
 .bss           0x20000014       0x1c D:/STM32CubeIDE_1.19.0/STM32CubeIDE/plugins/com.st.stm32cube.ide.mcu.externaltools.gnu-tools-for-stm32.13.3.rel1.win32_1.0.0.202411081344/tools/bin/../lib/gcc/arm-none-eabi/13.3.1/thumb/v7-m/nofp/crtbegin.o
 *(.bss*)
 .bss.doutput_state
                0x20000030        0x2 ./Core/Src/DOutput.o
                0x20000030                doutput_state
 .bss.encoder   0x20000032        0xa ./Core/Src/Encoder.o
                0x20000032                encoder
 .bss.pulse_accumulator
                0x2000003c        0x4 ./Core/Src/Encoder.o
 .bss.last_update_tick
                0x20000040        0x4 ./Core/Src/Encoder.o
 .bss.last_counter
                0x20000044        0x2 ./Core/Src/Encoder.o
 *fill*         0x20000046        0x2 
 .bss.tim3_shadow
                0x20000048       0x14 ./Core/Src/MotorControl.o
                0x20000048                tim3_shadow
 .bss.tim1_shadow
                0x2000005c       0x14 ./Core/Src/MotorControl.o
                0x2000005c                tim1_shadow
 .bss.m2_motion_state
                0x20000070       0x1c ./Core/Src/MotorControl.o
                0x20000070                m2_motion_state
 .bss.m1_motion_state
                0x2000008c       0x1c ./Core/Src/MotorControl.o
                0x2000008c                m1_motion_state
 .bss.system    0x200000a8       0x14 ./Core/Src/MotorControl.o
                0x200000a8                system
 .bss.motor2    0x200000bc        0xe ./Core/Src/MotorControl.o
                0x200000bc                motor2
 .bss.motor1    0x200000ca        0xe ./Core/Src/MotorControl.o
                0x200000ca                motor1
 .bss.last_health_check
                0x200000d8        0x4 ./Core/Src/UartModbus.o
                0x200000d8                last_health_check
 .bss.g_ledIndicator
                0x200000dc        0x1 ./Core/Src/UartModbus.o
                0x200000dc                g_ledIndicator
 .bss.g_receivedIndex
                0x200000dd        0x1 ./Core/Src/UartModbus.o
                0x200000dd                g_receivedIndex
 *fill*         0x200000de        0x2 
 .bss.g_corruptionCount
                0x200000e0        0x4 ./Core/Src/UartModbus.o
                0x200000e0                g_corruptionCount
 .bss.g_totalReceived
                0x200000e4        0x4 ./Core/Src/UartModbus.o
                0x200000e4                g_totalReceived
 .bss.g_modbusCounter
                0x200000e8        0x4 ./Core/Src/UartModbus.o
                0x200000e8                g_modbusCounter
 .bss.g_taskCounter
                0x200000ec        0x4 ./Core/Src/UartModbus.o
                0x200000ec                g_taskCounter
 .bss.g_discreteInputs
                0x200000f0        0x4 ./Core/Src/UartModbus.o
                0x200000f0                g_discreteInputs
 .bss.g_coils   0x200000f4        0x8 ./Core/Src/UartModbus.o
                0x200000f4                g_coils
 .bss.g_inputRegisters
                0x200000fc        0xa ./Core/Src/UartModbus.o
                0x200000fc                g_inputRegisters
 .bss.g_holdingRegisters
                0x20000106      0x258 ./Core/Src/UartModbus.o
                0x20000106                g_holdingRegisters
 .bss.rxByte    0x2000035e        0x1 ./Core/Src/UartModbus.o
 *fill*         0x2000035f        0x1 
 .bss.g_lastUARTActivity
                0x20000360        0x4 ./Core/Src/UartModbus.o
                0x20000360                g_lastUARTActivity
 .bss.frameReceived
                0x20000364        0x1 ./Core/Src/UartModbus.o
                0x20000364                frameReceived
 .bss.rxIndex   0x20000365        0x1 ./Core/Src/UartModbus.o
                0x20000365                rxIndex
 .bss.rxBuffer  0x20000366      0x100 ./Core/Src/UartModbus.o
                0x20000366                rxBuffer
 *fill*         0x20000466        0x2 
 .bss.modbusTxMutex
                0x20000468        0x4 ./Core/Src/UartModbus.o
                0x20000468                modbusTxMutex
 .bss.encoderTaskHandle
                0x2000046c        0x4 ./Core/Src/main.o
                0x2000046c                encoderTaskHandle
 .bss.VisibleTaskHandle
                0x20000470        0x4 ./Core/Src/main.o
                0x20000470                VisibleTaskHandle
 .bss.MotorTaskHandle
                0x20000474        0x4 ./Core/Src/main.o
                0x20000474                MotorTaskHandle
 .bss.UartTaskHandle
                0x20000478        0x4 ./Core/Src/main.o
                0x20000478                UartTaskHandle
 .bss.IOTaskHandle
                0x2000047c        0x4 ./Core/Src/main.o
                0x2000047c                IOTaskHandle
 .bss.PWM_Channel_Flag_2
                0x20000480        0x1 ./Core/Src/main.o
                0x20000480                PWM_Channel_Flag_2
 .bss.PWM_Channel_Flag_1
                0x20000481        0x1 ./Core/Src/main.o
                0x20000481                PWM_Channel_Flag_1
 *fill*         0x20000482        0x2 
 .bss.huart2    0x20000484       0x48 ./Core/Src/main.o
                0x20000484                huart2
 .bss.htim3     0x200004cc       0x48 ./Core/Src/main.o
                0x200004cc                htim3
 .bss.htim2     0x20000514       0x48 ./Core/Src/main.o
                0x20000514                htim2
 .bss.htim1     0x2000055c       0x48 ./Core/Src/main.o
                0x2000055c                htim1
 .bss.hi2c1     0x200005a4       0x54 ./Core/Src/main.o
                0x200005a4                hi2c1
 .bss.uwTick    0x200005f8        0x4 ./Drivers/STM32F1xx_HAL_Driver/Src/stm32f1xx_hal.o
                0x200005f8                uwTick
 .bss.Timer_Stack.0
                0x200005fc      0x400 ./Middlewares/Third_Party/FreeRTOS/Source/CMSIS_RTOS_V2/cmsis_os2.o
 .bss.Timer_TCB.1
                0x200009fc       0x5c ./Middlewares/Third_Party/FreeRTOS/Source/CMSIS_RTOS_V2/cmsis_os2.o
 .bss.Idle_Stack.2
                0x20000a58      0x200 ./Middlewares/Third_Party/FreeRTOS/Source/CMSIS_RTOS_V2/cmsis_os2.o
 .bss.Idle_TCB.3
                0x20000c58       0x5c ./Middlewares/Third_Party/FreeRTOS/Source/CMSIS_RTOS_V2/cmsis_os2.o
 .bss.KernelState
                0x20000cb4        0x4 ./Middlewares/Third_Party/FreeRTOS/Source/CMSIS_RTOS_V2/cmsis_os2.o
 .bss.xQueueRegistry
                0x20000cb8       0x40 ./Middlewares/Third_Party/FreeRTOS/Source/queue.o
                0x20000cb8                xQueueRegistry
 .bss.uxSchedulerSuspended
                0x20000cf8        0x4 ./Middlewares/Third_Party/FreeRTOS/Source/tasks.o
 .bss.xNextTaskUnblockTime
                0x20000cfc        0x4 ./Middlewares/Third_Party/FreeRTOS/Source/tasks.o
 .bss.uxTaskNumber
                0x20000d00        0x4 ./Middlewares/Third_Party/FreeRTOS/Source/tasks.o
 .bss.xNumOfOverflows
                0x20000d04        0x4 ./Middlewares/Third_Party/FreeRTOS/Source/tasks.o
 .bss.xYieldPending
                0x20000d08        0x4 ./Middlewares/Third_Party/FreeRTOS/Source/tasks.o
 .bss.xPendedTicks
                0x20000d0c        0x4 ./Middlewares/Third_Party/FreeRTOS/Source/tasks.o
 .bss.xSchedulerRunning
                0x20000d10        0x4 ./Middlewares/Third_Party/FreeRTOS/Source/tasks.o
 .bss.uxTopReadyPriority
                0x20000d14        0x4 ./Middlewares/Third_Party/FreeRTOS/Source/tasks.o
 .bss.xTickCount
                0x20000d18        0x4 ./Middlewares/Third_Party/FreeRTOS/Source/tasks.o
 .bss.uxCurrentNumberOfTasks
                0x20000d1c        0x4 ./Middlewares/Third_Party/FreeRTOS/Source/tasks.o
 .bss.xSuspendedTaskList
                0x20000d20       0x14 ./Middlewares/Third_Party/FreeRTOS/Source/tasks.o
 .bss.uxDeletedTasksWaitingCleanUp
                0x20000d34        0x4 ./Middlewares/Third_Party/FreeRTOS/Source/tasks.o
 .bss.xTasksWaitingTermination
                0x20000d38       0x14 ./Middlewares/Third_Party/FreeRTOS/Source/tasks.o
 .bss.xPendingReadyList
                0x20000d4c       0x14 ./Middlewares/Third_Party/FreeRTOS/Source/tasks.o
 .bss.pxOverflowDelayedTaskList
                0x20000d60        0x4 ./Middlewares/Third_Party/FreeRTOS/Source/tasks.o
 .bss.pxDelayedTaskList
                0x20000d64        0x4 ./Middlewares/Third_Party/FreeRTOS/Source/tasks.o
 .bss.xDelayedTaskList2
                0x20000d68       0x14 ./Middlewares/Third_Party/FreeRTOS/Source/tasks.o
 .bss.xDelayedTaskList1
                0x20000d7c       0x14 ./Middlewares/Third_Party/FreeRTOS/Source/tasks.o
 .bss.pxReadyTasksLists
                0x20000d90      0x460 ./Middlewares/Third_Party/FreeRTOS/Source/tasks.o
 .bss.pxCurrentTCB
                0x200011f0        0x4 ./Middlewares/Third_Party/FreeRTOS/Source/tasks.o
                0x200011f0                pxCurrentTCB
 .bss.xStaticTimerQueue.0
                0x200011f4       0x50 ./Middlewares/Third_Party/FreeRTOS/Source/timers.o
 .bss.ucStaticTimerQueueStorage.1
                0x20001244       0xa0 ./Middlewares/Third_Party/FreeRTOS/Source/timers.o
 .bss.xLastTime.2
                0x200012e4        0x4 ./Middlewares/Third_Party/FreeRTOS/Source/timers.o
 .bss.xTimerTaskHandle
                0x200012e8        0x4 ./Middlewares/Third_Party/FreeRTOS/Source/timers.o
 .bss.xTimerQueue
                0x200012ec        0x4 ./Middlewares/Third_Party/FreeRTOS/Source/timers.o
 .bss.pxOverflowTimerList
                0x200012f0        0x4 ./Middlewares/Third_Party/FreeRTOS/Source/timers.o
 .bss.pxCurrentTimerList
                0x200012f4        0x4 ./Middlewares/Third_Party/FreeRTOS/Source/timers.o
 .bss.xActiveTimerList2
                0x200012f8       0x14 ./Middlewares/Third_Party/FreeRTOS/Source/timers.o
 .bss.xActiveTimerList1
                0x2000130c       0x14 ./Middlewares/Third_Party/FreeRTOS/Source/timers.o
 .bss.ulMaxPRIGROUPValue
                0x20001320        0x4 ./Middlewares/Third_Party/FreeRTOS/Source/portable/GCC/ARM_CM3/port.o
 .bss.ucMaxSysCallPriority
                0x20001324        0x1 ./Middlewares/Third_Party/FreeRTOS/Source/portable/GCC/ARM_CM3/port.o
 *fill*         0x20001325        0x3 
 .bss.xBlockAllocatedBit
                0x20001328        0x4 ./Middlewares/Third_Party/FreeRTOS/Source/portable/MemMang/heap_4.o
 .bss.xNumberOfSuccessfulFrees
                0x2000132c        0x4 ./Middlewares/Third_Party/FreeRTOS/Source/portable/MemMang/heap_4.o
 .bss.xNumberOfSuccessfulAllocations
                0x20001330        0x4 ./Middlewares/Third_Party/FreeRTOS/Source/portable/MemMang/heap_4.o
 .bss.xMinimumEverFreeBytesRemaining
                0x20001334        0x4 ./Middlewares/Third_Party/FreeRTOS/Source/portable/MemMang/heap_4.o
 .bss.xFreeBytesRemaining
                0x20001338        0x4 ./Middlewares/Third_Party/FreeRTOS/Source/portable/MemMang/heap_4.o
 .bss.pxEnd     0x2000133c        0x4 ./Middlewares/Third_Party/FreeRTOS/Source/portable/MemMang/heap_4.o
 .bss.xStart    0x20001340        0x8 ./Middlewares/Third_Party/FreeRTOS/Source/portable/MemMang/heap_4.o
 .bss.ucHeap    0x20001348     0x1000 ./Middlewares/Third_Party/FreeRTOS/Source/portable/MemMang/heap_4.o
 *(COMMON)
                0x20002348                        . = ALIGN (0x4)
                0x20002348                        _ebss = .
                0x20002348                        __bss_end__ = _ebss

._user_heap_stack
                0x20002348      0x600 load address 0x08006984
                0x20002348                        . = ALIGN (0x8)
                [!provide]                        PROVIDE (end = .)
                0x20002348                        PROVIDE (_end = .)
                0x20002548                        . = (. + _Min_Heap_Size)
 *fill*         0x20002348      0x200 
                0x20002948                        . = (. + _Min_Stack_Size)
 *fill*         0x20002548      0x400 
                0x20002948                        . = ALIGN (0x8)

/DISCARD/
 libc.a(*)
 libm.a(*)
 libgcc.a(*)

.ARM.attributes
                0x00000000       0x29
 *(.ARM.attributes)
 .ARM.attributes
                0x00000000       0x1d D:/STM32CubeIDE_1.19.0/STM32CubeIDE/plugins/com.st.stm32cube.ide.mcu.externaltools.gnu-tools-for-stm32.13.3.rel1.win32_1.0.0.202411081344/tools/bin/../lib/gcc/arm-none-eabi/13.3.1/thumb/v7-m/nofp/crti.o
 .ARM.attributes
                0x0000001d       0x2d D:/STM32CubeIDE_1.19.0/STM32CubeIDE/plugins/com.st.stm32cube.ide.mcu.externaltools.gnu-tools-for-stm32.13.3.rel1.win32_1.0.0.202411081344/tools/bin/../lib/gcc/arm-none-eabi/13.3.1/thumb/v7-m/nofp/crtbegin.o
 .ARM.attributes
                0x0000004a       0x2d ./Core/Src/DOutput.o
 .ARM.attributes
                0x00000077       0x2d ./Core/Src/Encoder.o
 .ARM.attributes
                0x000000a4       0x2d ./Core/Src/MotorControl.o
 .ARM.attributes
                0x000000d1       0x2d ./Core/Src/UartModbus.o
 .ARM.attributes
                0x000000fe       0x2d ./Core/Src/main.o
 .ARM.attributes
                0x0000012b       0x2d ./Core/Src/stm32f1xx_hal_msp.o
 .ARM.attributes
                0x00000158       0x2d ./Core/Src/stm32f1xx_it.o
 .ARM.attributes
                0x00000185       0x2d ./Core/Src/system_stm32f1xx.o
 .ARM.attributes
                0x000001b2       0x21 ./Core/Startup/startup_stm32f103c8tx.o
 .ARM.attributes
                0x000001d3       0x2d ./Drivers/STM32F1xx_HAL_Driver/Src/stm32f1xx_hal.o
 .ARM.attributes
                0x00000200       0x2d ./Drivers/STM32F1xx_HAL_Driver/Src/stm32f1xx_hal_cortex.o
 .ARM.attributes
                0x0000022d       0x2d ./Drivers/STM32F1xx_HAL_Driver/Src/stm32f1xx_hal_dma.o
 .ARM.attributes
                0x0000025a       0x2d ./Drivers/STM32F1xx_HAL_Driver/Src/stm32f1xx_hal_gpio.o
 .ARM.attributes
                0x00000287       0x2d ./Drivers/STM32F1xx_HAL_Driver/Src/stm32f1xx_hal_i2c.o
 .ARM.attributes
                0x000002b4       0x2d ./Drivers/STM32F1xx_HAL_Driver/Src/stm32f1xx_hal_rcc.o
 .ARM.attributes
                0x000002e1       0x2d ./Drivers/STM32F1xx_HAL_Driver/Src/stm32f1xx_hal_tim.o
 .ARM.attributes
                0x0000030e       0x2d ./Drivers/STM32F1xx_HAL_Driver/Src/stm32f1xx_hal_tim_ex.o
 .ARM.attributes
                0x0000033b       0x2d ./Drivers/STM32F1xx_HAL_Driver/Src/stm32f1xx_hal_uart.o
 .ARM.attributes
                0x00000368       0x2d ./Middlewares/Third_Party/FreeRTOS/Source/CMSIS_RTOS_V2/cmsis_os2.o
 .ARM.attributes
                0x00000395       0x2d ./Middlewares/Third_Party/FreeRTOS/Source/list.o
 .ARM.attributes
                0x000003c2       0x2d ./Middlewares/Third_Party/FreeRTOS/Source/queue.o
 .ARM.attributes
                0x000003ef       0x2d ./Middlewares/Third_Party/FreeRTOS/Source/tasks.o
 .ARM.attributes
                0x0000041c       0x2d ./Middlewares/Third_Party/FreeRTOS/Source/timers.o
 .ARM.attributes
                0x00000449       0x2d ./Middlewares/Third_Party/FreeRTOS/Source/portable/GCC/ARM_CM3/port.o
 .ARM.attributes
                0x00000476       0x2d ./Middlewares/Third_Party/FreeRTOS/Source/portable/MemMang/heap_4.o
 .ARM.attributes
                0x000004a3       0x2d D:/STM32CubeIDE_1.19.0/STM32CubeIDE/plugins/com.st.stm32cube.ide.mcu.externaltools.gnu-tools-for-stm32.13.3.rel1.win32_1.0.0.202411081344/tools/bin/../lib/gcc/arm-none-eabi/13.3.1/../../../../arm-none-eabi/lib/thumb/v7-m/nofp\libc_nano.a(libc_a-memset.o)
 .ARM.attributes
                0x000004d0       0x2d D:/STM32CubeIDE_1.19.0/STM32CubeIDE/plugins/com.st.stm32cube.ide.mcu.externaltools.gnu-tools-for-stm32.13.3.rel1.win32_1.0.0.202411081344/tools/bin/../lib/gcc/arm-none-eabi/13.3.1/../../../../arm-none-eabi/lib/thumb/v7-m/nofp\libc_nano.a(libc_a-init.o)
 .ARM.attributes
                0x000004fd       0x2d D:/STM32CubeIDE_1.19.0/STM32CubeIDE/plugins/com.st.stm32cube.ide.mcu.externaltools.gnu-tools-for-stm32.13.3.rel1.win32_1.0.0.202411081344/tools/bin/../lib/gcc/arm-none-eabi/13.3.1/../../../../arm-none-eabi/lib/thumb/v7-m/nofp\libc_nano.a(libc_a-memcpy-stub.o)
 .ARM.attributes
                0x0000052a       0x1d D:/STM32CubeIDE_1.19.0/STM32CubeIDE/plugins/com.st.stm32cube.ide.mcu.externaltools.gnu-tools-for-stm32.13.3.rel1.win32_1.0.0.202411081344/tools/bin/../lib/gcc/arm-none-eabi/13.3.1/thumb/v7-m/nofp\libgcc.a(_arm_addsubsf3.o)
 .ARM.attributes
                0x00000547       0x1d D:/STM32CubeIDE_1.19.0/STM32CubeIDE/plugins/com.st.stm32cube.ide.mcu.externaltools.gnu-tools-for-stm32.13.3.rel1.win32_1.0.0.202411081344/tools/bin/../lib/gcc/arm-none-eabi/13.3.1/thumb/v7-m/nofp\libgcc.a(_arm_muldivsf3.o)
 .ARM.attributes
                0x00000564       0x1d D:/STM32CubeIDE_1.19.0/STM32CubeIDE/plugins/com.st.stm32cube.ide.mcu.externaltools.gnu-tools-for-stm32.13.3.rel1.win32_1.0.0.202411081344/tools/bin/../lib/gcc/arm-none-eabi/13.3.1/thumb/v7-m/nofp\libgcc.a(_arm_cmpsf2.o)
 .ARM.attributes
                0x00000581       0x1d D:/STM32CubeIDE_1.19.0/STM32CubeIDE/plugins/com.st.stm32cube.ide.mcu.externaltools.gnu-tools-for-stm32.13.3.rel1.win32_1.0.0.202411081344/tools/bin/../lib/gcc/arm-none-eabi/13.3.1/thumb/v7-m/nofp\libgcc.a(_arm_fixunssfsi.o)
 .ARM.attributes
                0x0000059e       0x1d D:/STM32CubeIDE_1.19.0/STM32CubeIDE/plugins/com.st.stm32cube.ide.mcu.externaltools.gnu-tools-for-stm32.13.3.rel1.win32_1.0.0.202411081344/tools/bin/../lib/gcc/arm-none-eabi/13.3.1/thumb/v7-m/nofp/crtn.o
OUTPUT(Step_Module.elf elf32-littlearm)
LOAD linker stubs
LOAD D:/STM32CubeIDE_1.19.0/STM32CubeIDE/plugins/com.st.stm32cube.ide.mcu.externaltools.gnu-tools-for-stm32.13.3.rel1.win32_1.0.0.202411081344/tools/bin/../lib/gcc/arm-none-eabi/13.3.1/../../../../arm-none-eabi/lib/thumb/v7-m/nofp\libc.a
LOAD D:/STM32CubeIDE_1.19.0/STM32CubeIDE/plugins/com.st.stm32cube.ide.mcu.externaltools.gnu-tools-for-stm32.13.3.rel1.win32_1.0.0.202411081344/tools/bin/../lib/gcc/arm-none-eabi/13.3.1/../../../../arm-none-eabi/lib/thumb/v7-m/nofp\libm.a
LOAD D:/STM32CubeIDE_1.19.0/STM32CubeIDE/plugins/com.st.stm32cube.ide.mcu.externaltools.gnu-tools-for-stm32.13.3.rel1.win32_1.0.0.202411081344/tools/bin/../lib/gcc/arm-none-eabi/13.3.1/thumb/v7-m/nofp\libgcc.a

.comment        0x00000000       0x43
 .comment       0x00000000       0x43 ./Core/Src/DOutput.o
                                 0x44 (size before relaxing)
 .comment       0x00000043       0x44 ./Core/Src/Encoder.o
 .comment       0x00000043       0x44 ./Core/Src/MotorControl.o
 .comment       0x00000043       0x44 ./Core/Src/UartModbus.o
 .comment       0x00000043       0x44 ./Core/Src/main.o
 .comment       0x00000043       0x44 ./Core/Src/stm32f1xx_hal_msp.o
 .comment       0x00000043       0x44 ./Core/Src/stm32f1xx_it.o
 .comment       0x00000043       0x44 ./Core/Src/system_stm32f1xx.o
 .comment       0x00000043       0x44 ./Drivers/STM32F1xx_HAL_Driver/Src/stm32f1xx_hal.o
 .comment       0x00000043       0x44 ./Drivers/STM32F1xx_HAL_Driver/Src/stm32f1xx_hal_cortex.o
 .comment       0x00000043       0x44 ./Drivers/STM32F1xx_HAL_Driver/Src/stm32f1xx_hal_dma.o
 .comment       0x00000043       0x44 ./Drivers/STM32F1xx_HAL_Driver/Src/stm32f1xx_hal_gpio.o
 .comment       0x00000043       0x44 ./Drivers/STM32F1xx_HAL_Driver/Src/stm32f1xx_hal_i2c.o
 .comment       0x00000043       0x44 ./Drivers/STM32F1xx_HAL_Driver/Src/stm32f1xx_hal_rcc.o
 .comment       0x00000043       0x44 ./Drivers/STM32F1xx_HAL_Driver/Src/stm32f1xx_hal_tim.o
 .comment       0x00000043       0x44 ./Drivers/STM32F1xx_HAL_Driver/Src/stm32f1xx_hal_tim_ex.o
 .comment       0x00000043       0x44 ./Drivers/STM32F1xx_HAL_Driver/Src/stm32f1xx_hal_uart.o
 .comment       0x00000043       0x44 ./Middlewares/Third_Party/FreeRTOS/Source/CMSIS_RTOS_V2/cmsis_os2.o
 .comment       0x00000043       0x44 ./Middlewares/Third_Party/FreeRTOS/Source/list.o
 .comment       0x00000043       0x44 ./Middlewares/Third_Party/FreeRTOS/Source/queue.o
 .comment       0x00000043       0x44 ./Middlewares/Third_Party/FreeRTOS/Source/tasks.o
 .comment       0x00000043       0x44 ./Middlewares/Third_Party/FreeRTOS/Source/timers.o
 .comment       0x00000043       0x44 ./Middlewares/Third_Party/FreeRTOS/Source/portable/GCC/ARM_CM3/port.o
 .comment       0x00000043       0x44 ./Middlewares/Third_Party/FreeRTOS/Source/portable/MemMang/heap_4.o

.debug_frame    0x00000000      0x1e4
 .debug_frame   0x00000000       0x20 D:/STM32CubeIDE_1.19.0/STM32CubeIDE/plugins/com.st.stm32cube.ide.mcu.externaltools.gnu-tools-for-stm32.13.3.rel1.win32_1.0.0.202411081344/tools/bin/../lib/gcc/arm-none-eabi/13.3.1/../../../../arm-none-eabi/lib/thumb/v7-m/nofp\libc_nano.a(libc_a-memset.o)
 .debug_frame   0x00000020       0x2c D:/STM32CubeIDE_1.19.0/STM32CubeIDE/plugins/com.st.stm32cube.ide.mcu.externaltools.gnu-tools-for-stm32.13.3.rel1.win32_1.0.0.202411081344/tools/bin/../lib/gcc/arm-none-eabi/13.3.1/../../../../arm-none-eabi/lib/thumb/v7-m/nofp\libc_nano.a(libc_a-init.o)
 .debug_frame   0x0000004c       0x28 D:/STM32CubeIDE_1.19.0/STM32CubeIDE/plugins/com.st.stm32cube.ide.mcu.externaltools.gnu-tools-for-stm32.13.3.rel1.win32_1.0.0.202411081344/tools/bin/../lib/gcc/arm-none-eabi/13.3.1/../../../../arm-none-eabi/lib/thumb/v7-m/nofp\libc_nano.a(libc_a-memcpy-stub.o)
 .debug_frame   0x00000074       0x4c D:/STM32CubeIDE_1.19.0/STM32CubeIDE/plugins/com.st.stm32cube.ide.mcu.externaltools.gnu-tools-for-stm32.13.3.rel1.win32_1.0.0.202411081344/tools/bin/../lib/gcc/arm-none-eabi/13.3.1/thumb/v7-m/nofp\libgcc.a(_arm_addsubsf3.o)
 .debug_frame   0x000000c0       0x38 D:/STM32CubeIDE_1.19.0/STM32CubeIDE/plugins/com.st.stm32cube.ide.mcu.externaltools.gnu-tools-for-stm32.13.3.rel1.win32_1.0.0.202411081344/tools/bin/../lib/gcc/arm-none-eabi/13.3.1/thumb/v7-m/nofp\libgcc.a(_arm_muldivsf3.o)
 .debug_frame   0x000000f8       0xc8 D:/STM32CubeIDE_1.19.0/STM32CubeIDE/plugins/com.st.stm32cube.ide.mcu.externaltools.gnu-tools-for-stm32.13.3.rel1.win32_1.0.0.202411081344/tools/bin/../lib/gcc/arm-none-eabi/13.3.1/thumb/v7-m/nofp\libgcc.a(_arm_cmpsf2.o)
 .debug_frame   0x000001c0       0x24 D:/STM32CubeIDE_1.19.0/STM32CubeIDE/plugins/com.st.stm32cube.ide.mcu.externaltools.gnu-tools-for-stm32.13.3.rel1.win32_1.0.0.202411081344/tools/bin/../lib/gcc/arm-none-eabi/13.3.1/thumb/v7-m/nofp\libgcc.a(_arm_fixunssfsi.o)
